Archive member included to satisfy reference by file (symbol)

c:/renesas/synergy/e2studio_v7.3.0_ssp_v1.6.0/toolchains/gcc_arm/7.2.1_2017q4/bin/../lib/gcc/arm-none-eabi/7.2.1/thumb/v7e-m/fpv4-sp/hard\libgcc.a(_aeabi_ldivmod.o)
                              ./synergy/ssp/src/driver/r_sci_uart/r_sci_uart.o (__aeabi_ldivmod)
c:/renesas/synergy/e2studio_v7.3.0_ssp_v1.6.0/toolchains/gcc_arm/7.2.1_2017q4/bin/../lib/gcc/arm-none-eabi/7.2.1/thumb/v7e-m/fpv4-sp/hard\libgcc.a(_udivmoddi4.o)
                              c:/renesas/synergy/e2studio_v7.3.0_ssp_v1.6.0/toolchains/gcc_arm/7.2.1_2017q4/bin/../lib/gcc/arm-none-eabi/7.2.1/thumb/v7e-m/fpv4-sp/hard\libgcc.a(_aeabi_ldivmod.o) (__udivmoddi4)
c:/renesas/synergy/e2studio_v7.3.0_ssp_v1.6.0/toolchains/gcc_arm/7.2.1_2017q4/bin/../lib/gcc/arm-none-eabi/7.2.1/thumb/v7e-m/fpv4-sp/hard\libgcc.a(_dvmd_tls.o)
                              c:/renesas/synergy/e2studio_v7.3.0_ssp_v1.6.0/toolchains/gcc_arm/7.2.1_2017q4/bin/../lib/gcc/arm-none-eabi/7.2.1/thumb/v7e-m/fpv4-sp/hard\libgcc.a(_aeabi_ldivmod.o) (__aeabi_ldiv0)
c:/renesas/synergy/e2studio_v7.3.0_ssp_v1.6.0/toolchains/gcc_arm/7.2.1_2017q4/bin/../lib/gcc/arm-none-eabi/7.2.1/../../../../arm-none-eabi/lib/thumb/v7e-m/fpv4-sp/hard\libg_nano.a(lib_a-errno.o)
                              ./synergy/ssp/src/bsp/mcu/all/bsp_sbrk.o (__errno)
c:/renesas/synergy/e2studio_v7.3.0_ssp_v1.6.0/toolchains/gcc_arm/7.2.1_2017q4/bin/../lib/gcc/arm-none-eabi/7.2.1/../../../../arm-none-eabi/lib/thumb/v7e-m/fpv4-sp/hard\libg_nano.a(lib_a-exit.o)
                              c:/renesas/synergy/e2studio_v7.3.0_ssp_v1.6.0/toolchains/gcc_arm/7.2.1_2017q4/bin/../lib/gcc/arm-none-eabi/7.2.1/../../../../arm-none-eabi/lib/thumb/v7e-m/fpv4-sp/hard/rdimon-crt0.o (exit)
c:/renesas/synergy/e2studio_v7.3.0_ssp_v1.6.0/toolchains/gcc_arm/7.2.1_2017q4/bin/../lib/gcc/arm-none-eabi/7.2.1/../../../../arm-none-eabi/lib/thumb/v7e-m/fpv4-sp/hard\libg_nano.a(lib_a-impure.o)
                              c:/renesas/synergy/e2studio_v7.3.0_ssp_v1.6.0/toolchains/gcc_arm/7.2.1_2017q4/bin/../lib/gcc/arm-none-eabi/7.2.1/../../../../arm-none-eabi/lib/thumb/v7e-m/fpv4-sp/hard\libg_nano.a(lib_a-exit.o) (_global_impure_ptr)
c:/renesas/synergy/e2studio_v7.3.0_ssp_v1.6.0/toolchains/gcc_arm/7.2.1_2017q4/bin/../lib/gcc/arm-none-eabi/7.2.1/../../../../arm-none-eabi/lib/thumb/v7e-m/fpv4-sp/hard\libg_nano.a(lib_a-init.o)
                              c:/renesas/synergy/e2studio_v7.3.0_ssp_v1.6.0/toolchains/gcc_arm/7.2.1_2017q4/bin/../lib/gcc/arm-none-eabi/7.2.1/../../../../arm-none-eabi/lib/thumb/v7e-m/fpv4-sp/hard/rdimon-crt0.o (__libc_init_array)
c:/renesas/synergy/e2studio_v7.3.0_ssp_v1.6.0/toolchains/gcc_arm/7.2.1_2017q4/bin/../lib/gcc/arm-none-eabi/7.2.1/../../../../arm-none-eabi/lib/thumb/v7e-m/fpv4-sp/hard\libg_nano.a(lib_a-memset.o)
                              c:/renesas/synergy/e2studio_v7.3.0_ssp_v1.6.0/toolchains/gcc_arm/7.2.1_2017q4/bin/../lib/gcc/arm-none-eabi/7.2.1/../../../../arm-none-eabi/lib/thumb/v7e-m/fpv4-sp/hard/rdimon-crt0.o (memset)
c:/renesas/synergy/e2studio_v7.3.0_ssp_v1.6.0/toolchains/gcc_arm/7.2.1_2017q4/bin/../lib/gcc/arm-none-eabi/7.2.1/../../../../arm-none-eabi/lib/thumb/v7e-m/fpv4-sp/hard\librdimon_nano.a(rdimon-syscalls.o)
                              c:/renesas/synergy/e2studio_v7.3.0_ssp_v1.6.0/toolchains/gcc_arm/7.2.1_2017q4/bin/../lib/gcc/arm-none-eabi/7.2.1/../../../../arm-none-eabi/lib/thumb/v7e-m/fpv4-sp/hard/rdimon-crt0.o (initialise_monitor_handles)
c:/renesas/synergy/e2studio_v7.3.0_ssp_v1.6.0/toolchains/gcc_arm/7.2.1_2017q4/bin/../lib/gcc/arm-none-eabi/7.2.1/../../../../arm-none-eabi/lib/thumb/v7e-m/fpv4-sp/hard\librdimon_nano.a(rdimon-_exit.o)
                              c:/renesas/synergy/e2studio_v7.3.0_ssp_v1.6.0/toolchains/gcc_arm/7.2.1_2017q4/bin/../lib/gcc/arm-none-eabi/7.2.1/../../../../arm-none-eabi/lib/thumb/v7e-m/fpv4-sp/hard\libg_nano.a(lib_a-exit.o) (_exit)
c:/renesas/synergy/e2studio_v7.3.0_ssp_v1.6.0/toolchains/gcc_arm/7.2.1_2017q4/bin/../lib/gcc/arm-none-eabi/7.2.1/../../../../arm-none-eabi/lib/thumb/v7e-m/fpv4-sp/hard\librdimon_nano.a(rdimon-_kill.o)
                              c:/renesas/synergy/e2studio_v7.3.0_ssp_v1.6.0/toolchains/gcc_arm/7.2.1_2017q4/bin/../lib/gcc/arm-none-eabi/7.2.1/../../../../arm-none-eabi/lib/thumb/v7e-m/fpv4-sp/hard\librdimon_nano.a(rdimon-_exit.o) (_kill)
c:/renesas/synergy/e2studio_v7.3.0_ssp_v1.6.0/toolchains/gcc_arm/7.2.1_2017q4/bin/../lib/gcc/arm-none-eabi/7.2.1/../../../../arm-none-eabi/lib/thumb/v7e-m/fpv4-sp/hard\libc_nano.a(lib_a-findfp.o)
                              c:/renesas/synergy/e2studio_v7.3.0_ssp_v1.6.0/toolchains/gcc_arm/7.2.1_2017q4/bin/../lib/gcc/arm-none-eabi/7.2.1/../../../../arm-none-eabi/lib/thumb/v7e-m/fpv4-sp/hard\librdimon_nano.a(rdimon-syscalls.o) (__sinit)
c:/renesas/synergy/e2studio_v7.3.0_ssp_v1.6.0/toolchains/gcc_arm/7.2.1_2017q4/bin/../lib/gcc/arm-none-eabi/7.2.1/../../../../arm-none-eabi/lib/thumb/v7e-m/fpv4-sp/hard\libc_nano.a(lib_a-fwalk.o)
[...]
Memory Configuration

Name             Origin             Length             Attributes
FLASH            0x00000000         0x00400000         xr
RAM              0x1ffe0000         0x000a0000         xrw
DATA_FLASH       0x40100000         0x00010000         xr
QSPI_FLASH       0x60000000         0x04000000         xr
SDRAM            0x90000000         0x02000000         xrw
ID_CODES         0x40120050         0x00000010         xr
*default*        0x00000000         0xffffffff

Linker script and memory map

LOAD c:/renesas/synergy/e2studio_v7.3.0_ssp_v1.6.0/toolchains/gcc_arm/7.2.1_2017q4/bin/../lib/gcc/arm-none-eabi/7.2.1/thumb/v7e-m/fpv4-sp/hard/crti.o
LOAD c:/renesas/synergy/e2studio_v7.3.0_ssp_v1.6.0/toolchains/gcc_arm/7.2.1_2017q4/bin/../lib/gcc/arm-none-eabi/7.2.1/thumb/v7e-m/fpv4-sp/hard/crtbegin.o
LOAD c:/renesas/synergy/e2studio_v7.3.0_ssp_v1.6.0/toolchains/gcc_arm/7.2.1_2017q4/bin/../lib/gcc/arm-none-eabi/7.2.1/../../../../arm-none-eabi/lib/thumb/v7e-m/fpv4-sp/hard/rdimon-crt0.o
START GROUP
LOAD ./synergy/ssp/src/driver/r_sci_uart/r_sci_uart.o
LOAD ./synergy/ssp/src/driver/r_ioport/r_ioport.o
LOAD ./synergy/ssp/src/driver/r_fmi/r_fmi.o
LOAD ./synergy/ssp/src/driver/r_elc/r_elc.o
LOAD ./synergy/ssp/src/driver/r_dtc/r_dtc.o
LOAD ./synergy/ssp/src/driver/r_cgc/r_cgc.o
LOAD ./synergy/ssp/src/bsp/mcu/s7g2/bsp_cache.o
LOAD ./synergy/ssp/src/bsp/mcu/s7g2/bsp_clocks.o
LOAD ./synergy/ssp/src/bsp/mcu/s7g2/bsp_feature.o
LOAD ./synergy/ssp/src/bsp/mcu/s7g2/bsp_fmi_R7FS7G27H3A01CFC.o
LOAD ./synergy/ssp/src/bsp/mcu/s7g2/bsp_group_irq.o
LOAD ./synergy/ssp/src/bsp/mcu/s7g2/bsp_hw_locks.o
LOAD ./synergy/ssp/src/bsp/mcu/s7g2/bsp_module_stop.o
LOAD ./synergy/ssp/src/bsp/mcu/s7g2/bsp_rom_registers.o
LOAD ./synergy/ssp/src/bsp/mcu/all/bsp_common.o
LOAD ./synergy/ssp/src/bsp/mcu/all/bsp_common_leds.o
LOAD ./synergy/ssp/src/bsp/mcu/all/bsp_delay.o
LOAD ./synergy/ssp/src/bsp/mcu/all/bsp_irq.o
LOAD ./synergy/ssp/src/bsp/mcu/all/bsp_locking.o
LOAD ./synergy/ssp/src/bsp/mcu/all/bsp_register_protection.o
LOAD ./synergy/ssp/src/bsp/mcu/all/bsp_sbrk.o
LOAD ./synergy/ssp/src/bsp/cmsis/Device/RENESAS/S7G2/Source/startup_S7G2.o
LOAD ./synergy/ssp/src/bsp/cmsis/Device/RENESAS/S7G2/Source/system_S7G2.o
LOAD ./synergy/board/s7g2_sk/bsp_init.o
LOAD ./synergy/board/s7g2_sk/bsp_leds.o
LOAD ./synergy/board/s7g2_sk/bsp_qspi.o
LOAD ./src/synergy_gen/common_data.o
LOAD ./src/synergy_gen/hal_data.o
LOAD ./src/synergy_gen/main.o
LOAD ./src/synergy_gen/pin_data.o
LOAD ./src/hal_entry.o
LOAD C:\Users\USUARIO\Desktop\Projetos_Renesas\myUART2\myUART2\synergy\ssp\src\bsp\cmsis\DSP_Lib\cm4_gcc\libDSP_Lib.a
END GROUP
START GROUP
LOAD c:/renesas/synergy/e2studio_v7.3.0_ssp_v1.6.0/toolchains/gcc_arm/7.2.1_2017q4/bin/../lib/gcc/arm-none-eabi/7.2.1/thumb/v7e-m/fpv4-sp/hard\libgcc.a
LOAD c:/renesas/synergy/e2studio_v7.3.0_ssp_v1.6.0/toolchains/gcc_arm/7.2.1_2017q4/bin/../lib/gcc/arm-none-eabi/7.2.1/../../../../arm-none-eabi/lib/thumb/v7e-m/fpv4-sp/hard\libg_nano.a
LOAD c:/renesas/synergy/e2studio_v7.3.0_ssp_v1.6.0/toolchains/gcc_arm/7.2.1_2017q4/bin/../lib/gcc/arm-none-eabi/7.2.1/../../../../arm-none-eabi/lib/thumb/v7e-m/fpv4-sp/hard\libc_nano.a
END GROUP
START GROUP
LOAD c:/renesas/synergy/e2studio_v7.3.0_ssp_v1.6.0/toolchains/gcc_arm/7.2.1_2017q4/bin/../lib/gcc/arm-none-eabi/7.2.1/thumb/v7e-m/fpv4-sp/hard\libgcc.a
LOAD c:/renesas/synergy/e2studio_v7.3.0_ssp_v1.6.0/toolchains/gcc_arm/7.2.1_2017q4/bin/../lib/gcc/arm-none-eabi/7.2.1/../../../../arm-none-eabi/lib/thumb/v7e-m/fpv4-sp/hard\libc_nano.a
LOAD c:/renesas/synergy/e2studio_v7.3.0_ssp_v1.6.0/toolchains/gcc_arm/7.2.1_2017q4/bin/../lib/gcc/arm-none-eabi/7.2.1/../../../../arm-none-eabi/lib/thumb/v7e-m/fpv4-sp/hard\librdimon_nano.a
END GROUP
START GROUP
LOAD c:/renesas/synergy/e2studio_v7.3.0_ssp_v1.6.0/toolchains/gcc_arm/7.2.1_2017q4/bin/../lib/gcc/arm-none-eabi/7.2.1/thumb/v7e-m/fpv4-sp/hard\libgcc.a
LOAD c:/renesas/synergy/e2studio_v7.3.0_ssp_v1.6.0/toolchains/gcc_arm/7.2.1_2017q4/bin/../lib/gcc/arm-none-eabi/7.2.1/../../../../arm-none-eabi/lib/thumb/v7e-m/fpv4-sp/hard\libc_nano.a
LOAD c:/renesas/synergy/e2studio_v7.3.0_ssp_v1.6.0/toolchains/gcc_arm/7.2.1_2017q4/bin/../lib/gcc/arm-none-eabi/7.2.1/../../../../arm-none-eabi/lib/thumb/v7e-m/fpv4-sp/hard\librdimon_nano.a
END GROUP
LOAD c:/renesas/synergy/e2studio_v7.3.0_ssp_v1.6.0/toolchains/gcc_arm/7.2.1_2017q4/bin/../lib/gcc/arm-none-eabi/7.2.1/thumb/v7e-m/fpv4-sp/hard/crtend.o
LOAD c:/renesas/synergy/e2studio_v7.3.0_ssp_v1.6.0/toolchains/gcc_arm/7.2.1_2017q4/bin/../lib/gcc/arm-none-eabi/7.2.1/thumb/v7e-m/fpv4-sp/hard/crtn.o
START GROUP
LOAD c:/renesas/synergy/e2studio_v7.3.0_ssp_v1.6.0/toolchains/gcc_arm/7.2.1_2017q4/bin/../lib/gcc/arm-none-eabi/7.2.1/thumb/v7e-m/fpv4-sp/hard\libgcc.a
LOAD c:/renesas/synergy/e2studio_v7.3.0_ssp_v1.6.0/toolchains/gcc_arm/7.2.1_2017q4/bin/../lib/gcc/arm-none-eabi/7.2.1/../../../../arm-none-eabi/lib/thumb/v7e-m/fpv4-sp/hard\libc.a
LOAD c:/renesas/synergy/e2studio_v7.3.0_ssp_v1.6.0/toolchains/gcc_arm/7.2.1_2017q4/bin/../lib/gcc/arm-none-eabi/7.2.1/../../../../arm-none-eabi/lib/thumb/v7e-m/fpv4-sp/hard\libm.a
LOAD c:/renesas/synergy/e2studio_v7.3.0_ssp_v1.6.0/toolchains/gcc_arm/7.2.1_2017q4/bin/../lib/gcc/arm-none-eabi/7.2.1/../../../../arm-none-eabi/lib/thumb/v7e-m/fpv4-sp/hard\libnosys.a
END GROUP

.text           0x00000000     0x5388
                0x00000000                __ROM_Start = .
 *(.vectors)
 .vectors       0x00000000       0x40 ./synergy/ssp/src/bsp/cmsis/Device/RENESAS/S7G2/Source/startup_S7G2.o
                0x00000000                __Vectors
 *(SORT_BY_NAME(.vector.*))
 .vector.SCI_3_RXI
                0x00000040        0x4 ./src/synergy_gen/hal_data.o
                0x00000040                g_vector_SCI_3_RXI
 .vector.SCI_3_TEI
                0x00000044        0x4 ./src/synergy_gen/hal_data.o
                0x00000044                g_vector_SCI_3_TEI
 .vector.SCI_3_TXI
                0x00000048        0x4 ./src/synergy_gen/hal_data.o
                0x00000048                g_vector_SCI_3_TXI
                0x0000004c                __Vectors_End = .
                0x0000004c                __end__ = .
                0x00000400                . = (__ROM_Start + 0x400)
 *fill*         0x0000004c      0x3b4 ff
 *(.rom_registers*)
 .rom_registers
                0x00000400       0x3c ./synergy/ssp/src/bsp/mcu/s7g2/bsp_rom_registers.o
                0x00000500                . = (__ROM_Start + 0x500)
 *fill*         0x0000043c       0xc4 ff
                0x00000500                __Vector_Info_Start = .
 *(SORT_BY_NAME(.vector_info.*))
 .vector_info.SCI_3_RXI
                0x00000500        0x8 ./src/synergy_gen/hal_data.o
                0x00000500                g_vector_info_SCI_3_RXI
 .vector_info.SCI_3_TEI
                0x00000508        0x8 ./src/synergy_gen/hal_data.o
                0x00000508                g_vector_info_SCI_3_TEI
 .vector_info.SCI_3_TXI
                0x00000510        0x8 ./src/synergy_gen/hal_data.o
                0x00000510                g_vector_info_SCI_3_TXI
                0x00000518                __Vector_Info_End = .
                0x00000518                __Lock_Lookup_Start = .
 *(SORT_BY_NAME(.hw_lock_lookup.*))
 .hw_lock_lookup.ADC_0U_0U
                0x00000518        0x4 ./synergy/ssp/src/bsp/mcu/s7g2/bsp_hw_locks.o
                0x00000518                g_lock_lookup_ADC_0U_0U
 .hw_lock_lookup.ADC_0U_1U
                0x0000051c        0x4 ./synergy/ssp/src/bsp/mcu/s7g2/bsp_hw_locks.o
                0x0000051c                g_lock_lookup_ADC_0U_1U
 .hw_lock_lookup.AGT_0U_0U
                0x00000520        0x4 ./synergy/ssp/src/bsp/mcu/s7g2/bsp_hw_locks.o
                0x00000520                g_lock_lookup_AGT_0U_0U
 .hw_lock_lookup.AGT_0U_1U
                0x00000524        0x4 ./synergy/ssp/src/bsp/mcu/s7g2/bsp_hw_locks.o
                0x00000524                g_lock_lookup_AGT_0U_1U
 .hw_lock_lookup.BSC_0U_1U
                0x00000528        0x4 ./synergy/ssp/src/bsp/mcu/s7g2/bsp_hw_locks.o
                0x00000528                g_lock_lookup_BSC_0U_1U
 .hw_lock_lookup.CAC_0U_0U
                0x0000052c        0x4 ./synergy/ssp/src/bsp/mcu/s7g2/bsp_hw_locks.o
                0x0000052c                g_lock_lookup_CAC_0U_0U
 .hw_lock_lookup.CAN_0U_0U
                0x00000530        0x4 ./synergy/ssp/src/bsp/mcu/s7g2/bsp_hw_locks.o
                0x00000530                g_lock_lookup_CAN_0U_0U
 .hw_lock_lookup.CAN_0U_1U
                0x00000534        0x4 ./synergy/ssp/src/bsp/mcu/s7g2/bsp_hw_locks.o
                0x00000534                g_lock_lookup_CAN_0U_1U
 .hw_lock_lookup.COMP_HS_0U_0U
                0x00000538        0x4 ./synergy/ssp/src/bsp/mcu/s7g2/bsp_hw_locks.o
                0x00000538                g_lock_lookup_COMP_HS_0U_0U
 .hw_lock_lookup.COMP_HS_0U_1U
                0x0000053c        0x4 ./synergy/ssp/src/bsp/mcu/s7g2/bsp_hw_locks.o
                0x0000053c                g_lock_lookup_COMP_HS_0U_1U
 .hw_lock_lookup.COMP_HS_0U_2U
                0x00000540        0x4 ./synergy/ssp/src/bsp/mcu/s7g2/bsp_hw_locks.o
                0x00000540                g_lock_lookup_COMP_HS_0U_2U
 .hw_lock_lookup.COMP_HS_0U_3U
                0x00000544        0x4 ./synergy/ssp/src/bsp/mcu/s7g2/bsp_hw_locks.o
                0x00000544                g_lock_lookup_COMP_HS_0U_3U
 .hw_lock_lookup.COMP_HS_0U_4U
                0x00000548        0x4 ./synergy/ssp/src/bsp/mcu/s7g2/bsp_hw_locks.o
                0x00000548                g_lock_lookup_COMP_HS_0U_4U
 .hw_lock_lookup.COMP_HS_0U_5U
                0x0000054c        0x4 ./synergy/ssp/src/bsp/mcu/s7g2/bsp_hw_locks.o
                0x0000054c                g_lock_lookup_COMP_HS_0U_5U
 .hw_lock_lookup.CRC_0U_0U
                0x00000550        0x4 ./synergy/ssp/src/bsp/mcu/s7g2/bsp_hw_locks.o
                0x00000550                g_lock_lookup_CRC_0U_0U
 .hw_lock_lookup.CTSU_0U_0U
                0x00000554        0x4 ./synergy/ssp/src/bsp/mcu/s7g2/bsp_hw_locks.o
                0x00000554                g_lock_lookup_CTSU_0U_0U
 .hw_lock_lookup.DAAD_0U_0U
                0x00000558        0x4 ./synergy/ssp/src/bsp/mcu/s7g2/bsp_hw_locks.o
                0x00000558                g_lock_lookup_DAAD_0U_0U
 .hw_lock_lookup.DAC_0U_0U
                0x0000055c        0x4 ./synergy/ssp/src/bsp/mcu/s7g2/bsp_hw_locks.o
                0x0000055c                g_lock_lookup_DAC_0U_0U
 .hw_lock_lookup.DAC_0U_1U
                0x00000560        0x4 ./synergy/ssp/src/bsp/mcu/s7g2/bsp_hw_locks.o
                0x00000560                g_lock_lookup_DAC_0U_1U
 .hw_lock_lookup.DMAC_0U_0U
                0x00000564        0x4 ./synergy/ssp/src/bsp/mcu/s7g2/bsp_hw_locks.o
                0x00000564                g_lock_lookup_DMAC_0U_0U
 .hw_lock_lookup.DMAC_0U_1U
                0x00000568        0x4 ./synergy/ssp/src/bsp/mcu/s7g2/bsp_hw_locks.o
                0x00000568                g_lock_lookup_DMAC_0U_1U
 .hw_lock_lookup.DMAC_0U_2U
                0x0000056c        0x4 ./synergy/ssp/src/bsp/mcu/s7g2/bsp_hw_locks.o
                0x0000056c                g_lock_lookup_DMAC_0U_2U
 .hw_lock_lookup.DMAC_0U_3U
                0x00000570        0x4 ./synergy/ssp/src/bsp/mcu/s7g2/bsp_hw_locks.o
                0x00000570                g_lock_lookup_DMAC_0U_3U
 .hw_lock_lookup.DMAC_0U_4U
                0x00000574        0x4 ./synergy/ssp/src/bsp/mcu/s7g2/bsp_hw_locks.o
                0x00000574                g_lock_lookup_DMAC_0U_4U
 .hw_lock_lookup.DMAC_0U_5U
                0x00000578        0x4 ./synergy/ssp/src/bsp/mcu/s7g2/bsp_hw_locks.o
                0x00000578                g_lock_lookup_DMAC_0U_5U
 .hw_lock_lookup.DMAC_0U_6U
                0x0000057c        0x4 ./synergy/ssp/src/bsp/mcu/s7g2/bsp_hw_locks.o
                0x0000057c                g_lock_lookup_DMAC_0U_6U
 .hw_lock_lookup.DMAC_0U_7U
                0x00000580        0x4 ./synergy/ssp/src/bsp/mcu/s7g2/bsp_hw_locks.o
                0x00000580                g_lock_lookup_DMAC_0U_7U
 .hw_lock_lookup.DOC_0U_0U
                0x00000584        0x4 ./synergy/ssp/src/bsp/mcu/s7g2/bsp_hw_locks.o
                0x00000584                g_lock_lookup_DOC_0U_0U
 .hw_lock_lookup.DRW_0U_0U
                0x00000588        0x4 ./synergy/ssp/src/bsp/mcu/s7g2/bsp_hw_locks.o
                0x00000588                g_lock_lookup_DRW_0U_0U
 .hw_lock_lookup.DTC_0U_0U
                0x0000058c        0x4 ./synergy/ssp/src/bsp/mcu/s7g2/bsp_hw_locks.o
                0x0000058c                g_lock_lookup_DTC_0U_0U
 .hw_lock_lookup.ELC_0U_0U
                0x00000590        0x4 ./synergy/ssp/src/bsp/mcu/s7g2/bsp_hw_locks.o
                0x00000590                g_lock_lookup_ELC_0U_0U
 .hw_lock_lookup.EPTPC_0U_0U
                0x00000594        0x4 ./synergy/ssp/src/bsp/mcu/s7g2/bsp_hw_locks.o
                0x00000594                g_lock_lookup_EPTPC_0U_0U
 .hw_lock_lookup.ETHER_0U_0U
                0x00000598        0x4 ./synergy/ssp/src/bsp/mcu/s7g2/bsp_hw_locks.o
                0x00000598                g_lock_lookup_ETHER_0U_0U
 .hw_lock_lookup.ETHER_0U_1U
                0x0000059c        0x4 ./synergy/ssp/src/bsp/mcu/s7g2/bsp_hw_locks.o
                0x0000059c                g_lock_lookup_ETHER_0U_1U
 .hw_lock_lookup.FCU_0U_0U
                0x000005a0        0x4 ./synergy/ssp/src/bsp/mcu/s7g2/bsp_hw_locks.o
                0x000005a0                g_lock_lookup_FCU_0U_0U
 .hw_lock_lookup.GLCDC_0U_0U
                0x000005a4        0x4 ./synergy/ssp/src/bsp/mcu/s7g2/bsp_hw_locks.o
                0x000005a4                g_lock_lookup_GLCDC_0U_0U
 .hw_lock_lookup.GPT_0U_0U
                0x000005a8        0x4 ./synergy/ssp/src/bsp/mcu/s7g2/bsp_hw_locks.o
                0x000005a8                g_lock_lookup_GPT_0U_0U
 .hw_lock_lookup.GPT_0U_10U
                0x000005ac        0x4 ./synergy/ssp/src/bsp/mcu/s7g2/bsp_hw_locks.o
                0x000005ac                g_lock_lookup_GPT_0U_10U
 .hw_lock_lookup.GPT_0U_11U
                0x000005b0        0x4 ./synergy/ssp/src/bsp/mcu/s7g2/bsp_hw_locks.o
                0x000005b0                g_lock_lookup_GPT_0U_11U
 .hw_lock_lookup.GPT_0U_12U
                0x000005b4        0x4 ./synergy/ssp/src/bsp/mcu/s7g2/bsp_hw_locks.o
                0x000005b4                g_lock_lookup_GPT_0U_12U
 .hw_lock_lookup.GPT_0U_13U
                0x000005b8        0x4 ./synergy/ssp/src/bsp/mcu/s7g2/bsp_hw_locks.o
                0x000005b8                g_lock_lookup_GPT_0U_13U
 .hw_lock_lookup.GPT_0U_1U
                0x000005bc        0x4 ./synergy/ssp/src/bsp/mcu/s7g2/bsp_hw_locks.o
                0x000005bc                g_lock_lookup_GPT_0U_1U
 .hw_lock_lookup.GPT_0U_2U
                0x000005c0        0x4 ./synergy/ssp/src/bsp/mcu/s7g2/bsp_hw_locks.o
                0x000005c0                g_lock_lookup_GPT_0U_2U
 .hw_lock_lookup.GPT_0U_3U
                0x000005c4        0x4 ./synergy/ssp/src/bsp/mcu/s7g2/bsp_hw_locks.o
                0x000005c4                g_lock_lookup_GPT_0U_3U
 .hw_lock_lookup.GPT_0U_4U
                0x000005c8        0x4 ./synergy/ssp/src/bsp/mcu/s7g2/bsp_hw_locks.o
                0x000005c8                g_lock_lookup_GPT_0U_4U
 .hw_lock_lookup.GPT_0U_5U
                0x000005cc        0x4 ./synergy/ssp/src/bsp/mcu/s7g2/bsp_hw_locks.o
                0x000005cc                g_lock_lookup_GPT_0U_5U
 .hw_lock_lookup.GPT_0U_6U
                0x000005d0        0x4 ./synergy/ssp/src/bsp/mcu/s7g2/bsp_hw_locks.o
                0x000005d0                g_lock_lookup_GPT_0U_6U
 .hw_lock_lookup.GPT_0U_7U
                0x000005d4        0x4 ./synergy/ssp/src/bsp/mcu/s7g2/bsp_hw_locks.o
                0x000005d4                g_lock_lookup_GPT_0U_7U
 .hw_lock_lookup.GPT_0U_8U
                0x000005d8        0x4 ./synergy/ssp/src/bsp/mcu/s7g2/bsp_hw_locks.o
                0x000005d8                g_lock_lookup_GPT_0U_8U
 .hw_lock_lookup.GPT_0U_9U
                0x000005dc        0x4 ./synergy/ssp/src/bsp/mcu/s7g2/bsp_hw_locks.o
                0x000005dc                g_lock_lookup_GPT_0U_9U
 .hw_lock_lookup.ICU_0U_0U
                0x000005e0        0x4 ./synergy/ssp/src/bsp/mcu/s7g2/bsp_hw_locks.o
                0x000005e0                g_lock_lookup_ICU_0U_0U
 .hw_lock_lookup.ICU_0U_10U
                0x000005e4        0x4 ./synergy/ssp/src/bsp/mcu/s7g2/bsp_hw_locks.o
                0x000005e4                g_lock_lookup_ICU_0U_10U
 .hw_lock_lookup.ICU_0U_11U
                0x000005e8        0x4 ./synergy/ssp/src/bsp/mcu/s7g2/bsp_hw_locks.o
                0x000005e8                g_lock_lookup_ICU_0U_11U
 .hw_lock_lookup.ICU_0U_12U
                0x000005ec        0x4 ./synergy/ssp/src/bsp/mcu/s7g2/bsp_hw_locks.o
                0x000005ec                g_lock_lookup_ICU_0U_12U
 .hw_lock_lookup.ICU_0U_13U
                0x000005f0        0x4 ./synergy/ssp/src/bsp/mcu/s7g2/bsp_hw_locks.o
                0x000005f0                g_lock_lookup_ICU_0U_13U
 .hw_lock_lookup.ICU_0U_14U
                0x000005f4        0x4 ./synergy/ssp/src/bsp/mcu/s7g2/bsp_hw_locks.o
                0x000005f4                g_lock_lookup_ICU_0U_14U
 .hw_lock_lookup.ICU_0U_15U
                0x000005f8        0x4 ./synergy/ssp/src/bsp/mcu/s7g2/bsp_hw_locks.o
                0x000005f8                g_lock_lookup_ICU_0U_15U
 .hw_lock_lookup.ICU_0U_1U
                0x000005fc        0x4 ./synergy/ssp/src/bsp/mcu/s7g2/bsp_hw_locks.o
                0x000005fc                g_lock_lookup_ICU_0U_1U
 .hw_lock_lookup.ICU_0U_2U
                0x00000600        0x4 ./synergy/ssp/src/bsp/mcu/s7g2/bsp_hw_locks.o
                0x00000600                g_lock_lookup_ICU_0U_2U
 .hw_lock_lookup.ICU_0U_3U
                0x00000604        0x4 ./synergy/ssp/src/bsp/mcu/s7g2/bsp_hw_locks.o
                0x00000604                g_lock_lookup_ICU_0U_3U
 .hw_lock_lookup.ICU_0U_4U
                0x00000608        0x4 ./synergy/ssp/src/bsp/mcu/s7g2/bsp_hw_locks.o
                0x00000608                g_lock_lookup_ICU_0U_4U
 .hw_lock_lookup.ICU_0U_5U
                0x0000060c        0x4 ./synergy/ssp/src/bsp/mcu/s7g2/bsp_hw_locks.o
                0x0000060c                g_lock_lookup_ICU_0U_5U
 .hw_lock_lookup.ICU_0U_6U
                0x00000610        0x4 ./synergy/ssp/src/bsp/mcu/s7g2/bsp_hw_locks.o
                0x00000610                g_lock_lookup_ICU_0U_6U
 .hw_lock_lookup.ICU_0U_7U
                0x00000614        0x4 ./synergy/ssp/src/bsp/mcu/s7g2/bsp_hw_locks.o
                0x00000614                g_lock_lookup_ICU_0U_7U
 .hw_lock_lookup.ICU_0U_8U
                0x00000618        0x4 ./synergy/ssp/src/bsp/mcu/s7g2/bsp_hw_locks.o
                0x00000618                g_lock_lookup_ICU_0U_8U
 .hw_lock_lookup.ICU_0U_9U
                0x0000061c        0x4 ./synergy/ssp/src/bsp/mcu/s7g2/bsp_hw_locks.o
                0x0000061c                g_lock_lookup_ICU_0U_9U
 .hw_lock_lookup.IIC_0U_0U
                0x00000620        0x4 ./synergy/ssp/src/bsp/mcu/s7g2/bsp_hw_locks.o
                0x00000620                g_lock_lookup_IIC_0U_0U
 .hw_lock_lookup.IIC_0U_1U
                0x00000624        0x4 ./synergy/ssp/src/bsp/mcu/s7g2/bsp_hw_locks.o
                0x00000624                g_lock_lookup_IIC_0U_1U
 .hw_lock_lookup.IIC_0U_2U
                0x00000628        0x4 ./synergy/ssp/src/bsp/mcu/s7g2/bsp_hw_locks.o
                0x00000628                g_lock_lookup_IIC_0U_2U
 .hw_lock_lookup.IRDA_0U_0U
                0x0000062c        0x4 ./synergy/ssp/src/bsp/mcu/s7g2/bsp_hw_locks.o
                0x0000062c                g_lock_lookup_IRDA_0U_0U
 .hw_lock_lookup.IWDT_0U_0U
                0x00000630        0x4 ./synergy/ssp/src/bsp/mcu/s7g2/bsp_hw_locks.o
                0x00000630                g_lock_lookup_IWDT_0U_0U
 .hw_lock_lookup.JPEG_0U_0U
                0x00000634        0x4 ./synergy/ssp/src/bsp/mcu/s7g2/bsp_hw_locks.o
                0x00000634                g_lock_lookup_JPEG_0U_0U
 .hw_lock_lookup.KEY_0U_0U
                0x00000638        0x4 ./synergy/ssp/src/bsp/mcu/s7g2/bsp_hw_locks.o
                0x00000638                g_lock_lookup_KEY_0U_0U
 .hw_lock_lookup.LPM_1U_0U
                0x0000063c        0x4 ./synergy/ssp/src/bsp/mcu/s7g2/bsp_hw_locks.o
                0x0000063c                g_lock_lookup_LPM_1U_0U
 .hw_lock_lookup.LVD_0U_0U
                0x00000640        0x4 ./synergy/ssp/src/bsp/mcu/s7g2/bsp_hw_locks.o
                0x00000640                g_lock_lookup_LVD_0U_0U
 .hw_lock_lookup.LVD_0U_1U
                0x00000644        0x4 ./synergy/ssp/src/bsp/mcu/s7g2/bsp_hw_locks.o
                0x00000644                g_lock_lookup_LVD_0U_1U
 .hw_lock_lookup.MMF_0U_0U
                0x00000648        0x4 ./synergy/ssp/src/bsp/mcu/s7g2/bsp_hw_locks.o
                0x00000648                g_lock_lookup_MMF_0U_0U
 .hw_lock_lookup.MPU_0U_0U
                0x0000064c        0x4 ./synergy/ssp/src/bsp/mcu/s7g2/bsp_hw_locks.o
                0x0000064c                g_lock_lookup_MPU_0U_0U
 .hw_lock_lookup.OPS_0U_0U
                0x00000650        0x4 ./synergy/ssp/src/bsp/mcu/s7g2/bsp_hw_locks.o
                0x00000650                g_lock_lookup_OPS_0U_0U
 .hw_lock_lookup.PDC_0U_0U
                0x00000654        0x4 ./synergy/ssp/src/bsp/mcu/s7g2/bsp_hw_locks.o
                0x00000654                g_lock_lookup_PDC_0U_0U
 .hw_lock_lookup.POEG_0U_0U
                0x00000658        0x4 ./synergy/ssp/src/bsp/mcu/s7g2/bsp_hw_locks.o
                0x00000658                g_lock_lookup_POEG_0U_0U
 .hw_lock_lookup.POEG_0U_1U
                0x0000065c        0x4 ./synergy/ssp/src/bsp/mcu/s7g2/bsp_hw_locks.o
                0x0000065c                g_lock_lookup_POEG_0U_1U
 .hw_lock_lookup.POEG_0U_2U
                0x00000660        0x4 ./synergy/ssp/src/bsp/mcu/s7g2/bsp_hw_locks.o
                0x00000660                g_lock_lookup_POEG_0U_2U
 .hw_lock_lookup.POEG_0U_3U
                0x00000664        0x4 ./synergy/ssp/src/bsp/mcu/s7g2/bsp_hw_locks.o
                0x00000664                g_lock_lookup_POEG_0U_3U
 .hw_lock_lookup.QSPI_0U_0U
                0x00000668        0x4 ./synergy/ssp/src/bsp/mcu/s7g2/bsp_hw_locks.o
                0x00000668                g_lock_lookup_QSPI_0U_0U
 .hw_lock_lookup.RTC_0U_0U
                0x0000066c        0x4 ./synergy/ssp/src/bsp/mcu/s7g2/bsp_hw_locks.o
                0x0000066c                g_lock_lookup_RTC_0U_0U
 .hw_lock_lookup.SCE_0U_0U
                0x00000670        0x4 ./synergy/ssp/src/bsp/mcu/s7g2/bsp_hw_locks.o
                0x00000670                g_lock_lookup_SCE_0U_0U
 .hw_lock_lookup.SCI_0U_0U
                0x00000674        0x4 ./synergy/ssp/src/bsp/mcu/s7g2/bsp_hw_locks.o
                0x00000674                g_lock_lookup_SCI_0U_0U
 .hw_lock_lookup.SCI_0U_1U
                0x00000678        0x4 ./synergy/ssp/src/bsp/mcu/s7g2/bsp_hw_locks.o
                0x00000678                g_lock_lookup_SCI_0U_1U
 .hw_lock_lookup.SCI_0U_2U
                0x0000067c        0x4 ./synergy/ssp/src/bsp/mcu/s7g2/bsp_hw_locks.o
                0x0000067c                g_lock_lookup_SCI_0U_2U
 .hw_lock_lookup.SCI_0U_3U
                0x00000680        0x4 ./synergy/ssp/src/bsp/mcu/s7g2/bsp_hw_locks.o
                0x00000680                g_lock_lookup_SCI_0U_3U
 .hw_lock_lookup.SCI_0U_4U
                0x00000684        0x4 ./synergy/ssp/src/bsp/mcu/s7g2/bsp_hw_locks.o
                0x00000684                g_lock_lookup_SCI_0U_4U
 .hw_lock_lookup.SCI_0U_5U
                0x00000688        0x4 ./synergy/ssp/src/bsp/mcu/s7g2/bsp_hw_locks.o
                0x00000688                g_lock_lookup_SCI_0U_5U
 .hw_lock_lookup.SCI_0U_6U
                0x0000068c        0x4 ./synergy/ssp/src/bsp/mcu/s7g2/bsp_hw_locks.o
                0x0000068c                g_lock_lookup_SCI_0U_6U
 .hw_lock_lookup.SCI_0U_7U
                0x00000690        0x4 ./synergy/ssp/src/bsp/mcu/s7g2/bsp_hw_locks.o
                0x00000690                g_lock_lookup_SCI_0U_7U
 .hw_lock_lookup.SCI_0U_8U
                0x00000694        0x4 ./synergy/ssp/src/bsp/mcu/s7g2/bsp_hw_locks.o
                0x00000694                g_lock_lookup_SCI_0U_8U
 .hw_lock_lookup.SCI_0U_9U
                0x00000698        0x4 ./synergy/ssp/src/bsp/mcu/s7g2/bsp_hw_locks.o
                0x00000698                g_lock_lookup_SCI_0U_9U
 .hw_lock_lookup.SDHIMMC_0U_0U
                0x0000069c        0x4 ./synergy/ssp/src/bsp/mcu/s7g2/bsp_hw_locks.o
                0x0000069c                g_lock_lookup_SDHIMMC_0U_0U
 .hw_lock_lookup.SDHIMMC_0U_1U
                0x000006a0        0x4 ./synergy/ssp/src/bsp/mcu/s7g2/bsp_hw_locks.o
                0x000006a0                g_lock_lookup_SDHIMMC_0U_1U
 .hw_lock_lookup.SPI_0U_0U
                0x000006a4        0x4 ./synergy/ssp/src/bsp/mcu/s7g2/bsp_hw_locks.o
                0x000006a4                g_lock_lookup_SPI_0U_0U
 .hw_lock_lookup.SPI_0U_1U
                0x000006a8        0x4 ./synergy/ssp/src/bsp/mcu/s7g2/bsp_hw_locks.o
                0x000006a8                g_lock_lookup_SPI_0U_1U
 .hw_lock_lookup.SRC_0U_0U
                0x000006ac        0x4 ./synergy/ssp/src/bsp/mcu/s7g2/bsp_hw_locks.o
                0x000006ac                g_lock_lookup_SRC_0U_0U
 .hw_lock_lookup.SSI_0U_0U
                0x000006b0        0x4 ./synergy/ssp/src/bsp/mcu/s7g2/bsp_hw_locks.o
                0x000006b0                g_lock_lookup_SSI_0U_0U
 .hw_lock_lookup.SSI_0U_1U
                0x000006b4        0x4 ./synergy/ssp/src/bsp/mcu/s7g2/bsp_hw_locks.o
                0x000006b4                g_lock_lookup_SSI_0U_1U
 .hw_lock_lookup.TSN_0U_0U
                0x000006b8        0x4 ./synergy/ssp/src/bsp/mcu/s7g2/bsp_hw_locks.o
                0x000006b8                g_lock_lookup_TSN_0U_0U
 .hw_lock_lookup.USB_0U_0U
                0x000006bc        0x4 ./synergy/ssp/src/bsp/mcu/s7g2/bsp_hw_locks.o
                0x000006bc                g_lock_lookup_USB_0U_0U
 .hw_lock_lookup.USB_1U_0U
                0x000006c0        0x4 ./synergy/ssp/src/bsp/mcu/s7g2/bsp_hw_locks.o
                0x000006c0                g_lock_lookup_USB_1U_0U
 .hw_lock_lookup.WDT_0U_0U
                0x000006c4        0x4 ./synergy/ssp/src/bsp/mcu/s7g2/bsp_hw_locks.o
                0x000006c4                g_lock_lookup_WDT_0U_0U
                0x000006c8                __Lock_Lookup_End = .
 *(.text*)
 .text          0x000006c8       0x40 c:/renesas/synergy/e2studio_v7.3.0_ssp_v1.6.0/toolchains/gcc_arm/7.2.1_2017q4/bin/../lib/gcc/arm-none-eabi/7.2.1/thumb/v7e-m/fpv4-sp/hard/crtbegin.o
 .text.R_SCI_UartVersionGet
                0x00000708       0x14 ./synergy/ssp/src/driver/r_sci_uart/r_sci_uart.o
                0x00000708                R_SCI_UartVersionGet
 .text.r_sci_uart_transfer_close
                0x0000071c       0x28 ./synergy/ssp/src/driver/r_sci_uart/r_sci_uart.o
 .text.r_sci_uart_brr_mddr_calculate
                0x00000744       0xe8 ./synergy/ssp/src/driver/r_sci_uart/r_sci_uart.o
 .text.R_SCI_UartInfoGet
                0x0000082c       0x84 ./synergy/ssp/src/driver/r_sci_uart/r_sci_uart.o
                0x0000082c                R_SCI_UartInfoGet
 .text.r_sci_read_write_param_check
                0x000008b0       0x40 ./synergy/ssp/src/driver/r_sci_uart/r_sci_uart.o
 .text.R_SCI_UartRead
                0x000008f0       0x78 ./synergy/ssp/src/driver/r_sci_uart/r_sci_uart.o
                0x000008f0                R_SCI_UartRead
 .text.r_sci_uart_transfer_configure.isra.7
                0x00000968       0x88 ./synergy/ssp/src/driver/r_sci_uart/r_sci_uart.o
 .text.r_sci_uart_rs485_de_pin_cfg
                0x000009f0       0x38 ./synergy/ssp/src/driver/r_sci_uart/r_sci_uart.o
 .text.r_sci_uart_baud_calculate.part.12
                0x00000a28       0x74 ./synergy/ssp/src/driver/r_sci_uart/r_sci_uart.o
 .text.R_SCI_UartBaudSet
                0x00000a9c       0xcc ./synergy/ssp/src/driver/r_sci_uart/r_sci_uart.o
                0x00000a9c                R_SCI_UartBaudSet
 .text.R_SCI_UartClose
                0x00000b68      0x100 ./synergy/ssp/src/driver/r_sci_uart/r_sci_uart.o
                0x00000b68                R_SCI_UartClose
 .text.r_sci_irq_cfg
                0x00000c68       0x90 ./synergy/ssp/src/driver/r_sci_uart/r_sci_uart.o
 .text.R_SCI_UartOpen
                0x00000cf8      0x52c ./synergy/ssp/src/driver/r_sci_uart/r_sci_uart.o
                0x00000cf8                R_SCI_UartOpen
 .text.R_SCI_UartAbort
                0x00001224      0x150 ./synergy/ssp/src/driver/r_sci_uart/r_sci_uart.o
                0x00001224                R_SCI_UartAbort
 .text.r_sci_uart_write_no_transfer
                0x00001374       0x50 ./synergy/ssp/src/driver/r_sci_uart/r_sci_uart.o
                0x00001374                r_sci_uart_write_no_transfer
 .text.R_SCI_UartWrite
                0x000013c4      0x120 ./synergy/ssp/src/driver/r_sci_uart/r_sci_uart.o
                0x000013c4                R_SCI_UartWrite
 .text.r_sci_uart_read_data
                0x000014e4       0x30 ./synergy/ssp/src/driver/r_sci_uart/r_sci_uart.o
                0x000014e4                r_sci_uart_read_data
 .text.r_sci_uart_rxi_read_no_transfer_eventset
                0x00001514       0x74 ./synergy/ssp/src/driver/r_sci_uart/r_sci_uart.o
                0x00001514                r_sci_uart_rxi_read_no_transfer_eventset
 .text.r_sci_uart_rxi_read_no_transfer
                0x00001588       0x74 ./synergy/ssp/src/driver/r_sci_uart/r_sci_uart.o
                0x00001588                r_sci_uart_rxi_read_no_transfer
 .text.sci_uart_txi_isr
                0x000015fc      0x114 ./synergy/ssp/src/driver/r_sci_uart/r_sci_uart.o
                0x000015fc                sci_uart_txi_isr
 .text.sci_uart_rxi_isr
                0x00001710       0x5c ./synergy/ssp/src/driver/r_sci_uart/r_sci_uart.o
                0x00001710                sci_uart_rxi_isr
 .text.sci_uart_tei_isr
                0x0000176c       0x88 ./synergy/ssp/src/driver/r_sci_uart/r_sci_uart.o
                0x0000176c                sci_uart_tei_isr
 .text.R_IOPORT_PinRead
                0x000017f4       0x4c ./synergy/ssp/src/driver/r_ioport/r_ioport.o
                0x000017f4                R_IOPORT_PinRead
 .text.R_IOPORT_PortRead
                0x00001840       0x28 ./synergy/ssp/src/driver/r_ioport/r_ioport.o
                0x00001840                R_IOPORT_PortRead
 .text.R_IOPORT_PortEventInputRead
                0x00001868       0x28 ./synergy/ssp/src/driver/r_ioport/r_ioport.o
                0x00001868                R_IOPORT_PortEventInputRead
 .text.R_IOPORT_PinEventInputRead
                0x00001890       0x54 ./synergy/ssp/src/driver/r_ioport/r_ioport.o
                0x00001890                R_IOPORT_PinEventInputRead
 .text.R_IOPORT_PortEventOutputWrite
                0x000018e4       0x38 ./synergy/ssp/src/driver/r_ioport/r_ioport.o
                0x000018e4                R_IOPORT_PortEventOutputWrite
 .text.R_IOPORT_PinEventOutputWrite
                0x0000191c       0x58 ./synergy/ssp/src/driver/r_ioport/r_ioport.o
                0x0000191c                R_IOPORT_PinEventOutputWrite
 .text.R_IOPORT_VersionGet
                0x00001974       0x14 ./synergy/ssp/src/driver/r_ioport/r_ioport.o
                0x00001974                R_IOPORT_VersionGet
 .text.R_IOPORT_PinWrite
                0x00001988       0x54 ./synergy/ssp/src/driver/r_ioport/r_ioport.o
                0x00001988                R_IOPORT_PinWrite
 .text.R_IOPORT_PinDirectionSet
                0x000019dc       0xd0 ./synergy/ssp/src/driver/r_ioport/r_ioport.o
                0x000019dc                R_IOPORT_PinDirectionSet
 .text.R_IOPORT_PortWrite
                0x00001aac       0x38 ./synergy/ssp/src/driver/r_ioport/r_ioport.o
                0x00001aac                R_IOPORT_PortWrite
 .text.R_IOPORT_PortDirectionSet
                0x00001ae4       0x40 ./synergy/ssp/src/driver/r_ioport/r_ioport.o
                0x00001ae4                R_IOPORT_PortDirectionSet
 .text.bsp_vbatt_init.isra.4
                0x00001b24       0x8c ./synergy/ssp/src/driver/r_ioport/r_ioport.o
 .text.R_IOPORT_EthernetModeCfg
                0x00001bb0       0x54 ./synergy/ssp/src/driver/r_ioport/r_ioport.o
                0x00001bb0                R_IOPORT_EthernetModeCfg
 .text.R_IOPORT_PinsCfg.part.5
                0x00001c04       0xc0 ./synergy/ssp/src/driver/r_ioport/r_ioport.o
 .text.R_IOPORT_PinsCfg
                0x00001cc4       0x10 ./synergy/ssp/src/driver/r_ioport/r_ioport.o
                0x00001cc4                R_IOPORT_PinsCfg
 .text.R_IOPORT_Init
                0x00001cd4       0x88 ./synergy/ssp/src/driver/r_ioport/r_ioport.o
                0x00001cd4                R_IOPORT_Init
 .text.R_IOPORT_PinCfg
                0x00001d5c       0xcc ./synergy/ssp/src/driver/r_ioport/r_ioport.o
                0x00001d5c                R_IOPORT_PinCfg
 .text.R_FMI_ProductInfoGet
                0x00001e28       0x28 ./synergy/ssp/src/driver/r_fmi/r_fmi.o
 .text.R_FMI_UniqueIdGet
                0x00001e50       0x30 ./synergy/ssp/src/driver/r_fmi/r_fmi.o
 .text.R_FMI_VersionGet
                0x00001e80       0x14 ./synergy/ssp/src/driver/r_fmi/r_fmi.o
 .text.R_FMI_EventInfoGet
                0x00001e94       0x6c ./synergy/ssp/src/driver/r_fmi/r_fmi.o
 .text.R_FMI_Init
                0x00001f00       0xb4 ./synergy/ssp/src/driver/r_fmi/r_fmi.o
 .text.R_FMI_FeatureGet
                0x00001fb4      0x234 ./synergy/ssp/src/driver/r_fmi/r_fmi.o
 .text.R_ELC_LinkSet
                0x000021e8       0x14 ./synergy/ssp/src/driver/r_elc/r_elc.o
                0x000021e8                R_ELC_LinkSet
 .text.R_ELC_LinkBreak
                0x000021fc       0x14 ./synergy/ssp/src/driver/r_elc/r_elc.o
                0x000021fc                R_ELC_LinkBreak
 .text.R_ELC_Enable
                0x00002210       0x14 ./synergy/ssp/src/driver/r_elc/r_elc.o
                0x00002210                R_ELC_Enable
 .text.R_ELC_Disable
                0x00002224       0x14 ./synergy/ssp/src/driver/r_elc/r_elc.o
                0x00002224                R_ELC_Disable
 .text.R_ELC_VersionGet
                0x00002238       0x14 ./synergy/ssp/src/driver/r_elc/r_elc.o
                0x00002238                R_ELC_VersionGet
 .text.R_ELC_SoftwareEventGenerate
                0x0000224c       0x30 ./synergy/ssp/src/driver/r_elc/r_elc.o
                0x0000224c                R_ELC_SoftwareEventGenerate
 .text.R_ELC_Init
                0x0000227c       0x7c ./synergy/ssp/src/driver/r_elc/r_elc.o
                0x0000227c                R_ELC_Init
 .text.R_DTC_Start
                0x000022f8        0x4 ./synergy/ssp/src/driver/r_dtc/r_dtc.o
                0x000022f8                R_DTC_Start
 .text.R_DTC_Stop
                0x000022fc        0x4 ./synergy/ssp/src/driver/r_dtc/r_dtc.o
                0x000022fc                R_DTC_Stop
 .text.R_DTC_Disable
                0x00002300       0x34 ./synergy/ssp/src/driver/r_dtc/r_dtc.o
                0x00002300                R_DTC_Disable
 .text.R_DTC_VersionGet
                0x00002334       0x14 ./synergy/ssp/src/driver/r_dtc/r_dtc.o
                0x00002334                R_DTC_VersionGet
 .text.R_DTC_InfoGet
                0x00002348       0x78 ./synergy/ssp/src/driver/r_dtc/r_dtc.o
                0x00002348                R_DTC_InfoGet
 .text.R_DTC_Close
                0x000023c0       0x54 ./synergy/ssp/src/driver/r_dtc/r_dtc.o
                0x000023c0                R_DTC_Close
 .text.R_DTC_Enable
                0x00002414       0x84 ./synergy/ssp/src/driver/r_dtc/r_dtc.o
                0x00002414                R_DTC_Enable
 .text.R_DTC_Reset
                0x00002498       0xa4 ./synergy/ssp/src/driver/r_dtc/r_dtc.o
                0x00002498                R_DTC_Reset
 .text.R_DTC_BlockReset
                0x0000253c       0xac ./synergy/ssp/src/driver/r_dtc/r_dtc.o
                0x0000253c                R_DTC_BlockReset
 .text.R_DTC_Open
                0x000025e8      0x178 ./synergy/ssp/src/driver/r_dtc/r_dtc.o
                0x000025e8                R_DTC_Open
 .text.R_CGC_LCDClockCfg
                0x00002760        0x4 ./synergy/ssp/src/driver/r_cgc/r_cgc.o
                0x00002760                R_CGC_LCDClockCfg
 .text.R_CGC_LCDClockEnable
                0x00002764        0x4 ./synergy/ssp/src/driver/r_cgc/r_cgc.o
                0x00002764                R_CGC_LCDClockEnable
 .text.R_CGC_VersionGet
                0x00002768       0x14 ./synergy/ssp/src/driver/r_cgc/r_cgc.o
                0x00002768                R_CGC_VersionGet
 .text.r_cgc_init_pllfreq
                0x0000277c       0xd8 ./synergy/ssp/src/driver/r_cgc/r_cgc.o
 .text.R_CGC_SystemClockFreqGet
                0x00002854       0xb4 ./synergy/ssp/src/driver/r_cgc/r_cgc.o
                0x00002854                R_CGC_SystemClockFreqGet
 .text.r_cgc_system_dividers_set
                0x00002908       0x44 ./synergy/ssp/src/driver/r_cgc/r_cgc.o
 .text.R_CGC_OscStopStatusClear
                0x0000294c       0x64 ./synergy/ssp/src/driver/r_cgc/r_cgc.o
                0x0000294c                R_CGC_OscStopStatusClear
 .text.R_CGC_BusClockOutCfg
                0x000029b0       0x28 ./synergy/ssp/src/driver/r_cgc/r_cgc.o
                0x000029b0                R_CGC_BusClockOutCfg
 .text.R_CGC_BusClockOutEnable
                0x000029d8       0x28 ./synergy/ssp/src/driver/r_cgc/r_cgc.o
                0x000029d8                R_CGC_BusClockOutEnable
 .text.R_CGC_BusClockOutDisable
                0x00002a00       0x28 ./synergy/ssp/src/driver/r_cgc/r_cgc.o
                0x00002a00                R_CGC_BusClockOutDisable
 .text.R_CGC_ClockOutEnable
                0x00002a28       0x28 ./synergy/ssp/src/driver/r_cgc/r_cgc.o
                0x00002a28                R_CGC_ClockOutEnable
 .text.R_CGC_ClockOutDisable
                0x00002a50       0x28 ./synergy/ssp/src/driver/r_cgc/r_cgc.o
                0x00002a50                R_CGC_ClockOutDisable
 .text.R_CGC_SDRAMClockOutEnable
                0x00002a78       0x28 ./synergy/ssp/src/driver/r_cgc/r_cgc.o
                0x00002a78                R_CGC_SDRAMClockOutEnable
 .text.R_CGC_SDRAMClockOutDisable
                0x00002aa0       0x28 ./synergy/ssp/src/driver/r_cgc/r_cgc.o
                0x00002aa0                R_CGC_SDRAMClockOutDisable
 .text.R_CGC_USBClockCfg
                0x00002ac8       0x28 ./synergy/ssp/src/driver/r_cgc/r_cgc.o
                0x00002ac8                R_CGC_USBClockCfg
 .text.r_cgc_check_dividers
                0x00002af0       0x34 ./synergy/ssp/src/driver/r_cgc/r_cgc.o
 .text.R_CGC_SystickUpdate
                0x00002b24       0x98 ./synergy/ssp/src/driver/r_cgc/r_cgc.o
                0x00002b24                R_CGC_SystickUpdate
 .text.R_CGC_ClockOutCfg
                0x00002bbc       0x5c ./synergy/ssp/src/driver/r_cgc/r_cgc.o
                0x00002bbc                R_CGC_ClockOutCfg
 .text.R_CGC_OscStopDetect
                0x00002c18      0x118 ./synergy/ssp/src/driver/r_cgc/r_cgc.o
                0x00002c18                R_CGC_OscStopDetect
 .text.r_cgc_subclock_drive_set.constprop.16
                0x00002d30       0x34 ./synergy/ssp/src/driver/r_cgc/r_cgc.o
 .text.R_CGC_SDADCClockCfg
                0x00002d64        0x4 ./synergy/ssp/src/driver/r_cgc/r_cgc.o
                0x00002d64                R_CGC_SDADCClockCfg
 .text.R_CGC_SDADCClockEnable
                0x00002d68        0x4 ./synergy/ssp/src/driver/r_cgc/r_cgc.o
                0x00002d68                R_CGC_SDADCClockEnable
 .text.R_CGC_LCDClockDisable
                0x00002d6c        0x4 ./synergy/ssp/src/driver/r_cgc/r_cgc.o
                0x00002d6c                R_CGC_LCDClockDisable
 .text.R_CGC_SDADCClockDisable
                0x00002d70        0x4 ./synergy/ssp/src/driver/r_cgc/r_cgc.o
                0x00002d70                R_CGC_SDADCClockDisable
 .text.R_CGC_SystemClockGet
                0x00002d74       0x58 ./synergy/ssp/src/driver/r_cgc/r_cgc.o
                0x00002d74                R_CGC_SystemClockGet
 .text.r_cgc_clock_run_state_get
                0x00002dcc       0x68 ./synergy/ssp/src/driver/r_cgc/r_cgc.o
                0x00002dcc                r_cgc_clock_run_state_get
 .text.r_cgc_wait_to_complete
                0x00002e34       0x44 ./synergy/ssp/src/driver/r_cgc/r_cgc.o
 .text.R_CGC_Init
                0x00002e78       0xe0 ./synergy/ssp/src/driver/r_cgc/r_cgc.o
                0x00002e78                R_CGC_Init
 .text.R_CGC_ClockStop
                0x00002f58      0x154 ./synergy/ssp/src/driver/r_cgc/r_cgc.o
                0x00002f58                R_CGC_ClockStop
 .text.R_CGC_ClockCheck
                0x000030ac       0x8c ./synergy/ssp/src/driver/r_cgc/r_cgc.o
                0x000030ac                R_CGC_ClockCheck
 .text.r_cgc_stabilization_wait
                0x00003138       0x30 ./synergy/ssp/src/driver/r_cgc/r_cgc.o
 .text.r_cgc_operating_hw_modeset
                0x00003168       0xfc ./synergy/ssp/src/driver/r_cgc/r_cgc.o
                0x00003168                r_cgc_operating_hw_modeset
 .text.r_cgc_operating_mode_set
                0x00003264       0x50 ./synergy/ssp/src/driver/r_cgc/r_cgc.o
 .text.R_CGC_ClockStart
                0x000032b4      0x358 ./synergy/ssp/src/driver/r_cgc/r_cgc.o
                0x000032b4                R_CGC_ClockStart
 .text.r_cgc_clock_start_stop
                0x0000360c       0x54 ./synergy/ssp/src/driver/r_cgc/r_cgc.o
 .text.R_CGC_SystemClockSet
                0x00003660      0x1b4 ./synergy/ssp/src/driver/r_cgc/r_cgc.o
                0x00003660                R_CGC_SystemClockSet
 .text.R_CGC_ClocksCfg
                0x00003814      0x14c ./synergy/ssp/src/driver/r_cgc/r_cgc.o
                0x00003814                R_CGC_ClocksCfg
 .text.R_BSP_CacheOff
                0x00003960       0x28 ./synergy/ssp/src/bsp/mcu/s7g2/bsp_cache.o
                0x00003960                R_BSP_CacheOff
 .text.R_BSP_CacheSet
                0x00003988       0x48 ./synergy/ssp/src/bsp/mcu/s7g2/bsp_cache.o
                0x00003988                R_BSP_CacheSet
 .text.bsp_clock_init
                0x000039d0       0xa0 ./synergy/ssp/src/bsp/mcu/s7g2/bsp_clocks.o
                0x000039d0                bsp_clock_init
 .text.bsp_cpu_clock_get
                0x00003a70       0x20 ./synergy/ssp/src/bsp/mcu/s7g2/bsp_clocks.o
                0x00003a70                bsp_cpu_clock_get
 .text.bsp_clock_set_callback
                0x00003a90      0x138 ./synergy/ssp/src/bsp/mcu/s7g2/bsp_clocks.o
                0x00003a90                bsp_clock_set_callback
 .text.R_BSP_FeatureSciGet
                0x00003bc8        0x8 ./synergy/ssp/src/bsp/mcu/s7g2/bsp_feature.o
                0x00003bc8                R_BSP_FeatureSciGet
 .text.R_BSP_FeatureIoportGet
                0x00003bd0        0xc ./synergy/ssp/src/bsp/mcu/s7g2/bsp_feature.o
                0x00003bd0                R_BSP_FeatureIoportGet
 .text.R_BSP_FeatureCgcGet
                0x00003bdc        0xc ./synergy/ssp/src/bsp/mcu/s7g2/bsp_feature.o
                0x00003bdc                R_BSP_FeatureCgcGet
 .text.bsp_group_interrupt_open
                0x00003be8       0x18 ./synergy/ssp/src/bsp/mcu/s7g2/bsp_group_irq.o
                0x00003be8                bsp_group_interrupt_open
 .text.R_BSP_GroupIrqWrite
                0x00003c00       0x10 ./synergy/ssp/src/bsp/mcu/s7g2/bsp_group_irq.o
                0x00003c00                R_BSP_GroupIrqWrite
 .text.NMI_Handler
                0x00003c10      0x1c8 ./synergy/ssp/src/bsp/mcu/s7g2/bsp_group_irq.o
                0x00003c10                NMI_Handler
 .text.r_bsp_get_mstp_mask
                0x00003dd8       0x4c ./synergy/ssp/src/bsp/mcu/s7g2/bsp_module_stop.o
 .text.r_bsp_module_start_stop
                0x00003e24       0x6c ./synergy/ssp/src/bsp/mcu/s7g2/bsp_module_stop.o
 .text.R_BSP_ModuleStop
                0x00003e90        0x8 ./synergy/ssp/src/bsp/mcu/s7g2/bsp_module_stop.o
                0x00003e90                R_BSP_ModuleStop
 .text.R_BSP_ModuleStart
                0x00003e98        0x8 ./synergy/ssp/src/bsp/mcu/s7g2/bsp_module_stop.o
                0x00003e98                R_BSP_ModuleStart
 .text.R_BSP_LedsGet
                0x00003ea0       0x20 ./synergy/ssp/src/bsp/mcu/all/bsp_common_leds.o
                0x00003ea0                R_BSP_LedsGet
 .text.software_delay_loop
                0x00003ec0        0xc ./synergy/ssp/src/bsp/mcu/all/bsp_delay.o
 .text.R_BSP_SoftwareDelay
                0x00003ecc       0x60 ./synergy/ssp/src/bsp/mcu/all/bsp_delay.o
                0x00003ecc                R_BSP_SoftwareDelay
 .text.R_BSP_IrqStatusClear
                0x00003f2c       0x18 ./synergy/ssp/src/bsp/mcu/all/bsp_irq.o
                0x00003f2c                R_BSP_IrqStatusClear
 .text.bsp_irq_cfg
                0x00003f44       0x40 ./synergy/ssp/src/bsp/mcu/all/bsp_irq.o
                0x00003f44                bsp_irq_cfg
 .text.R_BSP_HardwareLock
                0x00003f84       0x68 ./synergy/ssp/src/bsp/mcu/all/bsp_locking.o
                0x00003f84                R_BSP_HardwareLock
 .text.R_BSP_HardwareUnlock
                0x00003fec       0x4c ./synergy/ssp/src/bsp/mcu/all/bsp_locking.o
                0x00003fec                R_BSP_HardwareUnlock
 .text.bsp_init_hardware_locks
                0x00004038       0x68 ./synergy/ssp/src/bsp/mcu/all/bsp_locking.o
                0x00004038                bsp_init_hardware_locks
 .text.R_BSP_RegisterProtectEnable
                0x000040a0       0x60 ./synergy/ssp/src/bsp/mcu/all/bsp_register_protection.o
                0x000040a0                R_BSP_RegisterProtectEnable
 .text.R_BSP_RegisterProtectDisable
                0x00004100       0x4c ./synergy/ssp/src/bsp/mcu/all/bsp_register_protection.o
                0x00004100                R_BSP_RegisterProtectDisable
 .text.bsp_register_protect_open
                0x0000414c       0x10 ./synergy/ssp/src/bsp/mcu/all/bsp_register_protection.o
                0x0000414c                bsp_register_protect_open
 .text.Default_Handler
                0x0000415c        0x4 ./synergy/ssp/src/bsp/cmsis/Device/RENESAS/S7G2/Source/startup_S7G2.o
                0x0000415c                DebugMon_Handler
                0x0000415c                HardFault_Handler
                0x0000415c                SysTick_Handler
                0x0000415c                PendSV_Handler
                0x0000415c                UsageFault_Handler
                0x0000415c                Default_Handler
                0x0000415c                MemManage_Handler
                0x0000415c                SVC_Handler
                0x0000415c                BusFault_Handler
 .text.Reset_Handler
                0x00004160        0xc ./synergy/ssp/src/bsp/cmsis/Device/RENESAS/S7G2/Source/startup_S7G2.o
                0x00004160                Reset_Handler
 .text.R_BSP_WarmStart
                0x0000416c        0x4 ./synergy/ssp/src/bsp/cmsis/Device/RENESAS/S7G2/Source/system_S7G2.o
                0x0000416c                R_BSP_WarmStart
 .text.SystemInit
                0x00004170       0xe0 ./synergy/ssp/src/bsp/cmsis/Device/RENESAS/S7G2/Source/system_S7G2.o
                0x00004170                SystemInit
 .text.bsp_init
                0x00004250        0x4 ./synergy/board/s7g2_sk/bsp_init.o
                0x00004250                bsp_init
 .text.bsp_qspi_xip_mode
                0x00004254       0x80 ./synergy/board/s7g2_sk/bsp_qspi.o
 .text.bsp_qspi_init
                0x000042d4      0x138 ./synergy/board/s7g2_sk/bsp_qspi.o
                0x000042d4                bsp_qspi_init
 .text.startup.main
                0x0000440c        0xc ./src/synergy_gen/main.o
                0x0000440c                main
 .text.hal_entry
                0x00004418       0x6c ./src/hal_entry.o
                0x00004418                hal_entry
 .text.user_uart_callback
                0x00004484        0x4 ./src/hal_entry.o
                0x00004484                user_uart_callback
 .text          0x00004488       0xa0 c:/renesas/synergy/e2studio_v7.3.0_ssp_v1.6.0/toolchains/gcc_arm/7.2.1_2017q4/bin/../lib/gcc/arm-none-eabi/7.2.1/thumb/v7e-m/fpv4-sp/hard\libgcc.a(_aeabi_ldivmod.o)
                0x00004488                __aeabi_ldivmod
 .text          0x00004528      0x2cc c:/renesas/synergy/e2studio_v7.3.0_ssp_v1.6.0/toolchains/gcc_arm/7.2.1_2017q4/bin/../lib/gcc/arm-none-eabi/7.2.1/thumb/v7e-m/fpv4-sp/hard\libgcc.a(_udivmoddi4.o)
                0x00004528                __udivmoddi4
 .text          0x000047f4        0x4 c:/renesas/synergy/e2studio_v7.3.0_ssp_v1.6.0/toolchains/gcc_arm/7.2.1_2017q4/bin/../lib/gcc/arm-none-eabi/7.2.1/thumb/v7e-m/fpv4-sp/hard\libgcc.a(_dvmd_tls.o)
                0x000047f4                __aeabi_idiv0
                0x000047f4                __aeabi_ldiv0
 .text.memset   0x000047f8       0x10 c:/renesas/synergy/e2studio_v7.3.0_ssp_v1.6.0/toolchains/gcc_arm/7.2.1_2017q4/bin/../lib/gcc/arm-none-eabi/7.2.1/../../../../arm-none-eabi/lib/thumb/v7e-m/fpv4-sp/hard\libg_nano.a(lib_a-memset.o)
                0x000047f8                memset
 *(.version)
 .version       0x00004808       0x60 ./synergy/ssp/src/bsp/mcu/all/bsp_common.o
 *(.init)
 .init          0x00004868        0x4 c:/renesas/synergy/e2studio_v7.3.0_ssp_v1.6.0/toolchains/gcc_arm/7.2.1_2017q4/bin/../lib/gcc/arm-none-eabi/7.2.1/thumb/v7e-m/fpv4-sp/hard/crti.o
                0x00004868                _init
 .init          0x0000486c        0x8 c:/renesas/synergy/e2studio_v7.3.0_ssp_v1.6.0/toolchains/gcc_arm/7.2.1_2017q4/bin/../lib/gcc/arm-none-eabi/7.2.1/thumb/v7e-m/fpv4-sp/hard/crtn.o
 *(.fini)
 .fini          0x00004874        0x4 c:/renesas/synergy/e2studio_v7.3.0_ssp_v1.6.0/toolchains/gcc_arm/7.2.1_2017q4/bin/../lib/gcc/arm-none-eabi/7.2.1/thumb/v7e-m/fpv4-sp/hard/crti.o
                0x00004874                _fini
 .fini          0x00004878        0x8 c:/renesas/synergy/e2studio_v7.3.0_ssp_v1.6.0/toolchains/gcc_arm/7.2.1_2017q4/bin/../lib/gcc/arm-none-eabi/7.2.1/thumb/v7e-m/fpv4-sp/hard/crtn.o
 *crtbegin.o(.ctors)
 *crtbegin?.o(.ctors)
 *(EXCLUDE_FILE(*crtend.o *crtend?.o) .ctors)
 *(SORT_BY_NAME(.ctors.*))
 *(.ctors)
 *crtbegin.o(.dtors)
 *crtbegin?.o(.dtors)
 *(EXCLUDE_FILE(*crtend.o *crtend?.o) .dtors)
 *(SORT_BY_NAME(.dtors.*))
 *(.dtors)
 *(.rodata*)
 .rodata.async_baud
                0x00004880       0x4e ./synergy/ssp/src/driver/r_sci_uart/r_sci_uart.o
 *fill*         0x000048ce        0x2 ff
 .rodata.g_sci_uart_fifo_depth
                0x000048d0        0x4 ./synergy/ssp/src/driver/r_sci_uart/r_sci_uart.o
 .rodata.g_uart_on_sci
                0x000048d4       0x20 ./synergy/ssp/src/driver/r_sci_uart/r_sci_uart.o
                0x000048d4                g_uart_on_sci
 .rodata.g_ioport_on_ioport
                0x000048f4       0x3c ./synergy/ssp/src/driver/r_ioport/r_ioport.o
                0x000048f4                g_ioport_on_ioport
 .rodata.g_vbatt_pins_input
                0x00004930        0x6 ./synergy/ssp/src/driver/r_ioport/r_ioport.o
 *fill*         0x00004936        0x2 ff
 .rodata.bit_count
                0x00004938       0x80 ./synergy/ssp/src/driver/r_fmi/r_fmi.o
 .rodata.bit_count_mask
                0x000049b8        0x8 ./synergy/ssp/src/driver/r_fmi/r_fmi.o
 .rodata.g_fmi_on_fmi
                0x000049c0       0x18 ./synergy/ssp/src/driver/r_fmi/r_fmi.o
                0x000049c0                g_fmi_on_fmi
 .rodata.g_fmi_version
                0x000049d8        0x4 ./synergy/ssp/src/driver/r_fmi/r_fmi.o
 .rodata.g_elc_on_elc
                0x000049dc       0x1c ./synergy/ssp/src/driver/r_elc/r_elc.o
                0x000049dc                g_elc_on_elc
 .rodata.s_elc_version
                0x000049f8        0x4 ./synergy/ssp/src/driver/r_elc/r_elc.o
 .rodata.g_dtc_version
                0x000049fc        0x4 ./synergy/ssp/src/driver/r_dtc/r_dtc.o
 .rodata.g_transfer_on_dtc
                0x00004a00       0x28 ./synergy/ssp/src/driver/r_dtc/r_dtc.o
                0x00004a00                g_transfer_on_dtc
 .rodata.g_cgc_on_cgc
                0x00004a28       0x6c ./synergy/ssp/src/driver/r_cgc/r_cgc.o
                0x00004a28                g_cgc_on_cgc
 .rodata.g_cgc_version
                0x00004a94        0x4 ./synergy/ssp/src/driver/r_cgc/r_cgc.o
 .rodata.g_pllccr2_div_setting
                0x00004a98        0x8 ./synergy/ssp/src/driver/r_cgc/r_cgc.o
 .rodata.g_pllccr2_div_value
                0x00004aa0        0x6 ./synergy/ssp/src/driver/r_cgc/r_cgc.o
 *fill*         0x00004aa6        0x2 ff
 .rodata.g_pllccr_div_setting
                0x00004aa8        0x6 ./synergy/ssp/src/driver/r_cgc/r_cgc.o
 *fill*         0x00004aae        0x2 ff
 .rodata.g_pllccr_div_value
                0x00004ab0        0x6 ./synergy/ssp/src/driver/r_cgc/r_cgc.o
 *fill*         0x00004ab6        0x2 ff
 .rodata.g_cgc_feature
                0x00004ab8       0x2c ./synergy/ssp/src/bsp/mcu/s7g2/bsp_feature.o
 .rodata.g_fmi_data
                0x00004ae4      0x400 ./synergy/ssp/src/bsp/mcu/s7g2/bsp_fmi_R7FS7G27H3A01CFC.o
                0x00004ae4                g_fmi_data
 .rodata.g_bsp_module_stop
                0x00004ee4       0x46 ./synergy/ssp/src/bsp/mcu/s7g2/bsp_module_stop.o
 *fill*         0x00004f2a        0x2 ff
 .rodata.gp_mstp
                0x00004f2c       0x10 ./synergy/ssp/src/bsp/mcu/s7g2/bsp_module_stop.o
 .rodata.gp_vector_information
                0x00004f3c        0x4 ./synergy/ssp/src/bsp/mcu/all/bsp_irq.o
                0x00004f3c                gp_vector_information
 .rodata.g_prcr_masks
                0x00004f40        0x6 ./synergy/ssp/src/bsp/mcu/all/bsp_register_protection.o
 *fill*         0x00004f46        0x2 ff
 .rodata.g_elc_cfg
                0x00004f48        0xc ./synergy/ssp/src/bsp/cmsis/Device/RENESAS/S7G2/Source/system_S7G2.o
 .rodata.g_bsp_leds
                0x00004f54        0x8 ./synergy/board/s7g2_sk/bsp_leds.o
                0x00004f54                g_bsp_leds
 .rodata.g_bsp_prv_leds
                0x00004f5c        0x6 ./synergy/board/s7g2_sk/bsp_leds.o
 *fill*         0x00004f62        0x2 ff
 .rodata.g_ioport
                0x00004f64        0x8 ./src/synergy_gen/common_data.o
                0x00004f64                g_ioport
 .rodata.g_transfer0
                0x00004f6c        0xc ./src/synergy_gen/hal_data.o
                0x00004f6c                g_transfer0
 .rodata.g_transfer0_cfg
                0x00004f78       0x14 ./src/synergy_gen/hal_data.o
                0x00004f78                g_transfer0_cfg
 .rodata.g_transfer1
                0x00004f8c        0xc ./src/synergy_gen/hal_data.o
                0x00004f8c                g_transfer1
 .rodata.g_transfer1_cfg
                0x00004f98       0x14 ./src/synergy_gen/hal_data.o
                0x00004f98                g_transfer1_cfg
 .rodata.g_uart0
                0x00004fac        0xc ./src/synergy_gen/hal_data.o
                0x00004fac                g_uart0
 .rodata.g_uart0_cfg
                0x00004fb8       0x24 ./src/synergy_gen/hal_data.o
                0x00004fb8                g_uart0_cfg
 .rodata.g_uart0_cfg_extend
                0x00004fdc       0x18 ./src/synergy_gen/hal_data.o
                0x00004fdc                g_uart0_cfg_extend
 .rodata.g_bsp_pin_cfg
                0x00004ff4        0x8 ./src/synergy_gen/pin_data.o
                0x00004ff4                g_bsp_pin_cfg
 .rodata.g_bsp_pin_cfg_data
                0x00004ffc      0x378 ./src/synergy_gen/pin_data.o
                0x00004ffc                g_bsp_pin_cfg_data
 .rodata.hal_entry.str1.4
                0x00005374       0x10 ./src/hal_entry.o
                                  0xf (size before relaxing)
                0x00005384                __usb_dev_descriptor_start_fs = .
 *(.usb_device_desc_fs*)
                0x00005384                __usb_cfg_descriptor_start_fs = .
 *(.usb_config_desc_fs*)
                0x00005384                __usb_interface_descriptor_start_fs = .
 *(.usb_interface_desc_fs*)
                0x00005384                __usb_descriptor_end_fs = .
                0x00005384                __usb_dev_descriptor_start_hs = .
 *(.usb_device_desc_hs*)
                0x00005384                __usb_cfg_descriptor_start_hs = .
 *(.usb_config_desc_hs*)
                0x00005384                __usb_interface_descriptor_start_hs = .
 *(.usb_interface_desc_hs*)
                0x00005384                __usb_descriptor_end_hs = .
 *(.eh_frame*)
 .eh_frame      0x00005384        0x0 c:/renesas/synergy/e2studio_v7.3.0_ssp_v1.6.0/toolchains/gcc_arm/7.2.1_2017q4/bin/../lib/gcc/arm-none-eabi/7.2.1/thumb/v7e-m/fpv4-sp/hard/crtbegin.o
 .eh_frame      0x00005384        0x4 c:/renesas/synergy/e2studio_v7.3.0_ssp_v1.6.0/toolchains/gcc_arm/7.2.1_2017q4/bin/../lib/gcc/arm-none-eabi/7.2.1/thumb/v7e-m/fpv4-sp/hard/crtend.o
                0x00005388                __ROM_End = .
                0x0000004c                __Vectors_Size = (__Vectors_End - __Vectors)
                0x00000018                __Vector_Info_Size = (__Vector_Info_End - __Vector_Info_Start)
                0x000001b0                __Lock_Lookup_Size = (__Lock_Lookup_End - __Lock_Lookup_Start)

.glue_7         0x00005388        0x0
 .glue_7        0x00005388        0x0 linker stubs

.glue_7t        0x00005388        0x0
 .glue_7t       0x00005388        0x0 linker stubs

.vfp11_veneer   0x00005388        0x0
 .vfp11_veneer  0x00005388        0x0 linker stubs

.v4_bx          0x00005388        0x0
 .v4_bx         0x00005388        0x0 linker stubs

.iplt           0x00005388        0x0
 .iplt          0x00005388        0x0 c:/renesas/synergy/e2studio_v7.3.0_ssp_v1.6.0/toolchains/gcc_arm/7.2.1_2017q4/bin/../lib/gcc/arm-none-eabi/7.2.1/thumb/v7e-m/fpv4-sp/hard/crtbegin.o

.ARM.extab
 *(.ARM.extab* .gnu.linkonce.armextab.*)
                0x00005388                __exidx_start = .

.ARM.exidx      0x00005388        0x8
 *(.ARM.exidx* .gnu.linkonce.armexidx.*)
 .ARM.exidx     0x00005388        0x8 c:/renesas/synergy/e2studio_v7.3.0_ssp_v1.6.0/toolchains/gcc_arm/7.2.1_2017q4/bin/../lib/gcc/arm-none-eabi/7.2.1/thumb/v7e-m/fpv4-sp/hard\libgcc.a(_udivmoddi4.o)
                0x00005390                __exidx_end = .
                0x00005390                __etext = .

.ssp_dtc_vector_table
                0x1ffe0000      0x1c0
                0x1ffe0000                . = ORIGIN (RAM)
 *(.ssp_dtc_vector_table)
 .ssp_dtc_vector_table
                0x1ffe0000      0x1c0 ./synergy/ssp/src/driver/r_dtc/r_dtc.o

.data           0x1ffe01c0       0x94 load address 0x00005390
                0x1ffe01c0                __data_start__ = .
 *(vtable)
 *(.data.*)
 .data.g_transfer0_info
                0x1ffe01c0       0x10 ./src/synergy_gen/hal_data.o
                0x1ffe01c0                g_transfer0_info
 .data.g_transfer1_info
                0x1ffe01d0       0x10 ./src/synergy_gen/hal_data.o
                0x1ffe01d0                g_transfer1_info
                0x1ffe01e0                . = ALIGN (0x4)
                0x1ffe01e0                PROVIDE (__preinit_array_start, .)
 *(.preinit_array)
                0x1ffe01e0                PROVIDE (__preinit_array_end, .)
                0x1ffe01e0                . = ALIGN (0x4)
                0x1ffe01e0                PROVIDE (__init_array_start, .)
 *(SORT_BY_NAME(.init_array.*))
 *(.init_array)
 .init_array    0x1ffe01e0        0x4 c:/renesas/synergy/e2studio_v7.3.0_ssp_v1.6.0/toolchains/gcc_arm/7.2.1_2017q4/bin/../lib/gcc/arm-none-eabi/7.2.1/thumb/v7e-m/fpv4-sp/hard/crtbegin.o
                0x1ffe01e4                PROVIDE (__init_array_end, .)
                0x1ffe01e4                . = ALIGN (0x4)
                [!provide]                PROVIDE (__fini_array_start, .)
 *(SORT_BY_NAME(.fini_array.*))
 *(.fini_array)
 .fini_array    0x1ffe01e4        0x4 c:/renesas/synergy/e2studio_v7.3.0_ssp_v1.6.0/toolchains/gcc_arm/7.2.1_2017q4/bin/../lib/gcc/arm-none-eabi/7.2.1/thumb/v7e-m/fpv4-sp/hard/crtbegin.o
                [!provide]                PROVIDE (__fini_array_end, .)
 *(.jcr*)
                0x1ffe01e8                . = ALIGN (0x4)
                0x1ffe01e8                __Code_In_RAM_Start = .
 *(.code_in_ram*)
                0x1ffe01e8                __Code_In_RAM_End = .
                0x1ffe01e8                __Lock_Start = .
 *(SORT_BY_NAME(.hw_lock*))
 .hw_lock.ADC_0U_0U
                0x1ffe01e8        0x1 ./synergy/ssp/src/bsp/mcu/s7g2/bsp_hw_locks.o
                0x1ffe01e8                g_hw_lock_ADC_0U_0U
 .hw_lock.ADC_0U_1U
                0x1ffe01e9        0x1 ./synergy/ssp/src/bsp/mcu/s7g2/bsp_hw_locks.o
                0x1ffe01e9                g_hw_lock_ADC_0U_1U
 .hw_lock.AGT_0U_0U
                0x1ffe01ea        0x1 ./synergy/ssp/src/bsp/mcu/s7g2/bsp_hw_locks.o
                0x1ffe01ea                g_hw_lock_AGT_0U_0U
 .hw_lock.AGT_0U_1U
                0x1ffe01eb        0x1 ./synergy/ssp/src/bsp/mcu/s7g2/bsp_hw_locks.o
                0x1ffe01eb                g_hw_lock_AGT_0U_1U
 .hw_lock.BSC_0U_1U
                0x1ffe01ec        0x1 ./synergy/ssp/src/bsp/mcu/s7g2/bsp_hw_locks.o
                0x1ffe01ec                g_hw_lock_BSC_0U_1U
 .hw_lock.CAC_0U_0U
                0x1ffe01ed        0x1 ./synergy/ssp/src/bsp/mcu/s7g2/bsp_hw_locks.o
                0x1ffe01ed                g_hw_lock_CAC_0U_0U
 .hw_lock.CAN_0U_0U
                0x1ffe01ee        0x1 ./synergy/ssp/src/bsp/mcu/s7g2/bsp_hw_locks.o
                0x1ffe01ee                g_hw_lock_CAN_0U_0U
 .hw_lock.CAN_0U_1U
                0x1ffe01ef        0x1 ./synergy/ssp/src/bsp/mcu/s7g2/bsp_hw_locks.o
                0x1ffe01ef                g_hw_lock_CAN_0U_1U
 .hw_lock.COMP_HS_0U_0U
                0x1ffe01f0        0x1 ./synergy/ssp/src/bsp/mcu/s7g2/bsp_hw_locks.o
                0x1ffe01f0                g_hw_lock_COMP_HS_0U_0U
 .hw_lock.COMP_HS_0U_1U
                0x1ffe01f1        0x1 ./synergy/ssp/src/bsp/mcu/s7g2/bsp_hw_locks.o
                0x1ffe01f1                g_hw_lock_COMP_HS_0U_1U
 .hw_lock.COMP_HS_0U_2U
                0x1ffe01f2        0x1 ./synergy/ssp/src/bsp/mcu/s7g2/bsp_hw_locks.o
                0x1ffe01f2                g_hw_lock_COMP_HS_0U_2U
 .hw_lock.COMP_HS_0U_3U
                0x1ffe01f3        0x1 ./synergy/ssp/src/bsp/mcu/s7g2/bsp_hw_locks.o
                0x1ffe01f3                g_hw_lock_COMP_HS_0U_3U
 .hw_lock.COMP_HS_0U_4U
                0x1ffe01f4        0x1 ./synergy/ssp/src/bsp/mcu/s7g2/bsp_hw_locks.o
                0x1ffe01f4                g_hw_lock_COMP_HS_0U_4U
 .hw_lock.COMP_HS_0U_5U
                0x1ffe01f5        0x1 ./synergy/ssp/src/bsp/mcu/s7g2/bsp_hw_locks.o
                0x1ffe01f5                g_hw_lock_COMP_HS_0U_5U
 .hw_lock.CRC_0U_0U
                0x1ffe01f6        0x1 ./synergy/ssp/src/bsp/mcu/s7g2/bsp_hw_locks.o
                0x1ffe01f6                g_hw_lock_CRC_0U_0U
 .hw_lock.CTSU_0U_0U
                0x1ffe01f7        0x1 ./synergy/ssp/src/bsp/mcu/s7g2/bsp_hw_locks.o
                0x1ffe01f7                g_hw_lock_CTSU_0U_0U
 .hw_lock.DAAD_0U_0U
                0x1ffe01f8        0x1 ./synergy/ssp/src/bsp/mcu/s7g2/bsp_hw_locks.o
                0x1ffe01f8                g_hw_lock_DAAD_0U_0U
 .hw_lock.DAC_0U_0U
                0x1ffe01f9        0x1 ./synergy/ssp/src/bsp/mcu/s7g2/bsp_hw_locks.o
                0x1ffe01f9                g_hw_lock_DAC_0U_0U
 .hw_lock.DAC_0U_1U
                0x1ffe01fa        0x1 ./synergy/ssp/src/bsp/mcu/s7g2/bsp_hw_locks.o
                0x1ffe01fa                g_hw_lock_DAC_0U_1U
 .hw_lock.DMAC_0U_0U
                0x1ffe01fb        0x1 ./synergy/ssp/src/bsp/mcu/s7g2/bsp_hw_locks.o
                0x1ffe01fb                g_hw_lock_DMAC_0U_0U
 .hw_lock.DMAC_0U_1U
                0x1ffe01fc        0x1 ./synergy/ssp/src/bsp/mcu/s7g2/bsp_hw_locks.o
                0x1ffe01fc                g_hw_lock_DMAC_0U_1U
 .hw_lock.DMAC_0U_2U
                0x1ffe01fd        0x1 ./synergy/ssp/src/bsp/mcu/s7g2/bsp_hw_locks.o
                0x1ffe01fd                g_hw_lock_DMAC_0U_2U
 .hw_lock.DMAC_0U_3U
                0x1ffe01fe        0x1 ./synergy/ssp/src/bsp/mcu/s7g2/bsp_hw_locks.o
                0x1ffe01fe                g_hw_lock_DMAC_0U_3U
 .hw_lock.DMAC_0U_4U
                0x1ffe01ff        0x1 ./synergy/ssp/src/bsp/mcu/s7g2/bsp_hw_locks.o
                0x1ffe01ff                g_hw_lock_DMAC_0U_4U
 .hw_lock.DMAC_0U_5U
                0x1ffe0200        0x1 ./synergy/ssp/src/bsp/mcu/s7g2/bsp_hw_locks.o
                0x1ffe0200                g_hw_lock_DMAC_0U_5U
 .hw_lock.DMAC_0U_6U
                0x1ffe0201        0x1 ./synergy/ssp/src/bsp/mcu/s7g2/bsp_hw_locks.o
                0x1ffe0201                g_hw_lock_DMAC_0U_6U
 .hw_lock.DMAC_0U_7U
                0x1ffe0202        0x1 ./synergy/ssp/src/bsp/mcu/s7g2/bsp_hw_locks.o
                0x1ffe0202                g_hw_lock_DMAC_0U_7U
 .hw_lock.DOC_0U_0U
                0x1ffe0203        0x1 ./synergy/ssp/src/bsp/mcu/s7g2/bsp_hw_locks.o
                0x1ffe0203                g_hw_lock_DOC_0U_0U
 .hw_lock.DRW_0U_0U
                0x1ffe0204        0x1 ./synergy/ssp/src/bsp/mcu/s7g2/bsp_hw_locks.o
                0x1ffe0204                g_hw_lock_DRW_0U_0U
 .hw_lock.DTC_0U_0U
                0x1ffe0205        0x1 ./synergy/ssp/src/bsp/mcu/s7g2/bsp_hw_locks.o
                0x1ffe0205                g_hw_lock_DTC_0U_0U
 .hw_lock.ELC_0U_0U
                0x1ffe0206        0x1 ./synergy/ssp/src/bsp/mcu/s7g2/bsp_hw_locks.o
                0x1ffe0206                g_hw_lock_ELC_0U_0U
 .hw_lock.EPTPC_0U_0U
                0x1ffe0207        0x1 ./synergy/ssp/src/bsp/mcu/s7g2/bsp_hw_locks.o
                0x1ffe0207                g_hw_lock_EPTPC_0U_0U
 .hw_lock.ETHER_0U_0U
                0x1ffe0208        0x1 ./synergy/ssp/src/bsp/mcu/s7g2/bsp_hw_locks.o
                0x1ffe0208                g_hw_lock_ETHER_0U_0U
 .hw_lock.ETHER_0U_1U
                0x1ffe0209        0x1 ./synergy/ssp/src/bsp/mcu/s7g2/bsp_hw_locks.o
                0x1ffe0209                g_hw_lock_ETHER_0U_1U
 .hw_lock.FCU_0U_0U
                0x1ffe020a        0x1 ./synergy/ssp/src/bsp/mcu/s7g2/bsp_hw_locks.o
                0x1ffe020a                g_hw_lock_FCU_0U_0U
 .hw_lock.GLCDC_0U_0U
                0x1ffe020b        0x1 ./synergy/ssp/src/bsp/mcu/s7g2/bsp_hw_locks.o
                0x1ffe020b                g_hw_lock_GLCDC_0U_0U
 .hw_lock.GPT_0U_0U
                0x1ffe020c        0x1 ./synergy/ssp/src/bsp/mcu/s7g2/bsp_hw_locks.o
                0x1ffe020c                g_hw_lock_GPT_0U_0U
 .hw_lock.GPT_0U_10U
                0x1ffe020d        0x1 ./synergy/ssp/src/bsp/mcu/s7g2/bsp_hw_locks.o
                0x1ffe020d                g_hw_lock_GPT_0U_10U
 .hw_lock.GPT_0U_11U
                0x1ffe020e        0x1 ./synergy/ssp/src/bsp/mcu/s7g2/bsp_hw_locks.o
                0x1ffe020e                g_hw_lock_GPT_0U_11U
 .hw_lock.GPT_0U_12U
                0x1ffe020f        0x1 ./synergy/ssp/src/bsp/mcu/s7g2/bsp_hw_locks.o
                0x1ffe020f                g_hw_lock_GPT_0U_12U
 .hw_lock.GPT_0U_13U
                0x1ffe0210        0x1 ./synergy/ssp/src/bsp/mcu/s7g2/bsp_hw_locks.o
                0x1ffe0210                g_hw_lock_GPT_0U_13U
 .hw_lock.GPT_0U_1U
                0x1ffe0211        0x1 ./synergy/ssp/src/bsp/mcu/s7g2/bsp_hw_locks.o
                0x1ffe0211                g_hw_lock_GPT_0U_1U
 .hw_lock.GPT_0U_2U
                0x1ffe0212        0x1 ./synergy/ssp/src/bsp/mcu/s7g2/bsp_hw_locks.o
                0x1ffe0212                g_hw_lock_GPT_0U_2U
 .hw_lock.GPT_0U_3U
                0x1ffe0213        0x1 ./synergy/ssp/src/bsp/mcu/s7g2/bsp_hw_locks.o
                0x1ffe0213                g_hw_lock_GPT_0U_3U
 .hw_lock.GPT_0U_4U
                0x1ffe0214        0x1 ./synergy/ssp/src/bsp/mcu/s7g2/bsp_hw_locks.o
                0x1ffe0214                g_hw_lock_GPT_0U_4U
 .hw_lock.GPT_0U_5U
                0x1ffe0215        0x1 ./synergy/ssp/src/bsp/mcu/s7g2/bsp_hw_locks.o
                0x1ffe0215                g_hw_lock_GPT_0U_5U
 .hw_lock.GPT_0U_6U
                0x1ffe0216        0x1 ./synergy/ssp/src/bsp/mcu/s7g2/bsp_hw_locks.o
                0x1ffe0216                g_hw_lock_GPT_0U_6U
 .hw_lock.GPT_0U_7U
                0x1ffe0217        0x1 ./synergy/ssp/src/bsp/mcu/s7g2/bsp_hw_locks.o
                0x1ffe0217                g_hw_lock_GPT_0U_7U
 .hw_lock.GPT_0U_8U
                0x1ffe0218        0x1 ./synergy/ssp/src/bsp/mcu/s7g2/bsp_hw_locks.o
                0x1ffe0218                g_hw_lock_GPT_0U_8U
 .hw_lock.GPT_0U_9U
                0x1ffe0219        0x1 ./synergy/ssp/src/bsp/mcu/s7g2/bsp_hw_locks.o
                0x1ffe0219                g_hw_lock_GPT_0U_9U
 .hw_lock.ICU_0U_0U
                0x1ffe021a        0x1 ./synergy/ssp/src/bsp/mcu/s7g2/bsp_hw_locks.o
                0x1ffe021a                g_hw_lock_ICU_0U_0U
 .hw_lock.ICU_0U_10U
                0x1ffe021b        0x1 ./synergy/ssp/src/bsp/mcu/s7g2/bsp_hw_locks.o
                0x1ffe021b                g_hw_lock_ICU_0U_10U
 .hw_lock.ICU_0U_11U
                0x1ffe021c        0x1 ./synergy/ssp/src/bsp/mcu/s7g2/bsp_hw_locks.o
                0x1ffe021c                g_hw_lock_ICU_0U_11U
 .hw_lock.ICU_0U_12U
                0x1ffe021d        0x1 ./synergy/ssp/src/bsp/mcu/s7g2/bsp_hw_locks.o
                0x1ffe021d                g_hw_lock_ICU_0U_12U
 .hw_lock.ICU_0U_13U
                0x1ffe021e        0x1 ./synergy/ssp/src/bsp/mcu/s7g2/bsp_hw_locks.o
                0x1ffe021e                g_hw_lock_ICU_0U_13U
 .hw_lock.ICU_0U_14U
                0x1ffe021f        0x1 ./synergy/ssp/src/bsp/mcu/s7g2/bsp_hw_locks.o
                0x1ffe021f                g_hw_lock_ICU_0U_14U
 .hw_lock.ICU_0U_15U
                0x1ffe0220        0x1 ./synergy/ssp/src/bsp/mcu/s7g2/bsp_hw_locks.o
                0x1ffe0220                g_hw_lock_ICU_0U_15U
 .hw_lock.ICU_0U_1U
                0x1ffe0221        0x1 ./synergy/ssp/src/bsp/mcu/s7g2/bsp_hw_locks.o
                0x1ffe0221                g_hw_lock_ICU_0U_1U
 .hw_lock.ICU_0U_2U
                0x1ffe0222        0x1 ./synergy/ssp/src/bsp/mcu/s7g2/bsp_hw_locks.o
                0x1ffe0222                g_hw_lock_ICU_0U_2U
 .hw_lock.ICU_0U_3U
                0x1ffe0223        0x1 ./synergy/ssp/src/bsp/mcu/s7g2/bsp_hw_locks.o
                0x1ffe0223                g_hw_lock_ICU_0U_3U
 .hw_lock.ICU_0U_4U
                0x1ffe0224        0x1 ./synergy/ssp/src/bsp/mcu/s7g2/bsp_hw_locks.o
                0x1ffe0224                g_hw_lock_ICU_0U_4U
 .hw_lock.ICU_0U_5U
                0x1ffe0225        0x1 ./synergy/ssp/src/bsp/mcu/s7g2/bsp_hw_locks.o
                0x1ffe0225                g_hw_lock_ICU_0U_5U
 .hw_lock.ICU_0U_6U
                0x1ffe0226        0x1 ./synergy/ssp/src/bsp/mcu/s7g2/bsp_hw_locks.o
                0x1ffe0226                g_hw_lock_ICU_0U_6U
 .hw_lock.ICU_0U_7U
                0x1ffe0227        0x1 ./synergy/ssp/src/bsp/mcu/s7g2/bsp_hw_locks.o
                0x1ffe0227                g_hw_lock_ICU_0U_7U
 .hw_lock.ICU_0U_8U
                0x1ffe0228        0x1 ./synergy/ssp/src/bsp/mcu/s7g2/bsp_hw_locks.o
                0x1ffe0228                g_hw_lock_ICU_0U_8U
 .hw_lock.ICU_0U_9U
                0x1ffe0229        0x1 ./synergy/ssp/src/bsp/mcu/s7g2/bsp_hw_locks.o
                0x1ffe0229                g_hw_lock_ICU_0U_9U
 .hw_lock.IIC_0U_0U
                0x1ffe022a        0x1 ./synergy/ssp/src/bsp/mcu/s7g2/bsp_hw_locks.o
                0x1ffe022a                g_hw_lock_IIC_0U_0U
 .hw_lock.IIC_0U_1U
                0x1ffe022b        0x1 ./synergy/ssp/src/bsp/mcu/s7g2/bsp_hw_locks.o
                0x1ffe022b                g_hw_lock_IIC_0U_1U
 .hw_lock.IIC_0U_2U
                0x1ffe022c        0x1 ./synergy/ssp/src/bsp/mcu/s7g2/bsp_hw_locks.o
                0x1ffe022c                g_hw_lock_IIC_0U_2U
 .hw_lock.IRDA_0U_0U
                0x1ffe022d        0x1 ./synergy/ssp/src/bsp/mcu/s7g2/bsp_hw_locks.o
                0x1ffe022d                g_hw_lock_IRDA_0U_0U
 .hw_lock.IWDT_0U_0U
                0x1ffe022e        0x1 ./synergy/ssp/src/bsp/mcu/s7g2/bsp_hw_locks.o
                0x1ffe022e                g_hw_lock_IWDT_0U_0U
 .hw_lock.JPEG_0U_0U
                0x1ffe022f        0x1 ./synergy/ssp/src/bsp/mcu/s7g2/bsp_hw_locks.o
                0x1ffe022f                g_hw_lock_JPEG_0U_0U
 .hw_lock.KEY_0U_0U
                0x1ffe0230        0x1 ./synergy/ssp/src/bsp/mcu/s7g2/bsp_hw_locks.o
                0x1ffe0230                g_hw_lock_KEY_0U_0U
 .hw_lock.LPM_1U_0U
                0x1ffe0231        0x1 ./synergy/ssp/src/bsp/mcu/s7g2/bsp_hw_locks.o
                0x1ffe0231                g_hw_lock_LPM_1U_0U
 .hw_lock.LVD_0U_0U
                0x1ffe0232        0x1 ./synergy/ssp/src/bsp/mcu/s7g2/bsp_hw_locks.o
                0x1ffe0232                g_hw_lock_LVD_0U_0U
 .hw_lock.LVD_0U_1U
                0x1ffe0233        0x1 ./synergy/ssp/src/bsp/mcu/s7g2/bsp_hw_locks.o
                0x1ffe0233                g_hw_lock_LVD_0U_1U
 .hw_lock.MMF_0U_0U
                0x1ffe0234        0x1 ./synergy/ssp/src/bsp/mcu/s7g2/bsp_hw_locks.o
                0x1ffe0234                g_hw_lock_MMF_0U_0U
 .hw_lock.MPU_0U_0U
                0x1ffe0235        0x1 ./synergy/ssp/src/bsp/mcu/s7g2/bsp_hw_locks.o
                0x1ffe0235                g_hw_lock_MPU_0U_0U
 .hw_lock.OPS_0U_0U
                0x1ffe0236        0x1 ./synergy/ssp/src/bsp/mcu/s7g2/bsp_hw_locks.o
                0x1ffe0236                g_hw_lock_OPS_0U_0U
 .hw_lock.PDC_0U_0U
                0x1ffe0237        0x1 ./synergy/ssp/src/bsp/mcu/s7g2/bsp_hw_locks.o
                0x1ffe0237                g_hw_lock_PDC_0U_0U
 .hw_lock.POEG_0U_0U
                0x1ffe0238        0x1 ./synergy/ssp/src/bsp/mcu/s7g2/bsp_hw_locks.o
                0x1ffe0238                g_hw_lock_POEG_0U_0U
 .hw_lock.POEG_0U_1U
                0x1ffe0239        0x1 ./synergy/ssp/src/bsp/mcu/s7g2/bsp_hw_locks.o
                0x1ffe0239                g_hw_lock_POEG_0U_1U
 .hw_lock.POEG_0U_2U
                0x1ffe023a        0x1 ./synergy/ssp/src/bsp/mcu/s7g2/bsp_hw_locks.o
                0x1ffe023a                g_hw_lock_POEG_0U_2U
 .hw_lock.POEG_0U_3U
                0x1ffe023b        0x1 ./synergy/ssp/src/bsp/mcu/s7g2/bsp_hw_locks.o
                0x1ffe023b                g_hw_lock_POEG_0U_3U
 .hw_lock.QSPI_0U_0U
                0x1ffe023c        0x1 ./synergy/ssp/src/bsp/mcu/s7g2/bsp_hw_locks.o
                0x1ffe023c                g_hw_lock_QSPI_0U_0U
 .hw_lock.RTC_0U_0U
                0x1ffe023d        0x1 ./synergy/ssp/src/bsp/mcu/s7g2/bsp_hw_locks.o
                0x1ffe023d                g_hw_lock_RTC_0U_0U
 .hw_lock.SCE_0U_0U
                0x1ffe023e        0x1 ./synergy/ssp/src/bsp/mcu/s7g2/bsp_hw_locks.o
                0x1ffe023e                g_hw_lock_SCE_0U_0U
 .hw_lock.SCI_0U_0U
                0x1ffe023f        0x1 ./synergy/ssp/src/bsp/mcu/s7g2/bsp_hw_locks.o
                0x1ffe023f                g_hw_lock_SCI_0U_0U
 .hw_lock.SCI_0U_1U
                0x1ffe0240        0x1 ./synergy/ssp/src/bsp/mcu/s7g2/bsp_hw_locks.o
                0x1ffe0240                g_hw_lock_SCI_0U_1U
 .hw_lock.SCI_0U_2U
                0x1ffe0241        0x1 ./synergy/ssp/src/bsp/mcu/s7g2/bsp_hw_locks.o
                0x1ffe0241                g_hw_lock_SCI_0U_2U
 .hw_lock.SCI_0U_3U
                0x1ffe0242        0x1 ./synergy/ssp/src/bsp/mcu/s7g2/bsp_hw_locks.o
                0x1ffe0242                g_hw_lock_SCI_0U_3U
 .hw_lock.SCI_0U_4U
                0x1ffe0243        0x1 ./synergy/ssp/src/bsp/mcu/s7g2/bsp_hw_locks.o
                0x1ffe0243                g_hw_lock_SCI_0U_4U
 .hw_lock.SCI_0U_5U
                0x1ffe0244        0x1 ./synergy/ssp/src/bsp/mcu/s7g2/bsp_hw_locks.o
                0x1ffe0244                g_hw_lock_SCI_0U_5U
 .hw_lock.SCI_0U_6U
                0x1ffe0245        0x1 ./synergy/ssp/src/bsp/mcu/s7g2/bsp_hw_locks.o
                0x1ffe0245                g_hw_lock_SCI_0U_6U
 .hw_lock.SCI_0U_7U
                0x1ffe0246        0x1 ./synergy/ssp/src/bsp/mcu/s7g2/bsp_hw_locks.o
                0x1ffe0246                g_hw_lock_SCI_0U_7U
 .hw_lock.SCI_0U_8U
                0x1ffe0247        0x1 ./synergy/ssp/src/bsp/mcu/s7g2/bsp_hw_locks.o
                0x1ffe0247                g_hw_lock_SCI_0U_8U
 .hw_lock.SCI_0U_9U
                0x1ffe0248        0x1 ./synergy/ssp/src/bsp/mcu/s7g2/bsp_hw_locks.o
                0x1ffe0248                g_hw_lock_SCI_0U_9U
 .hw_lock.SDHIMMC_0U_0U
                0x1ffe0249        0x1 ./synergy/ssp/src/bsp/mcu/s7g2/bsp_hw_locks.o
                0x1ffe0249                g_hw_lock_SDHIMMC_0U_0U
 .hw_lock.SDHIMMC_0U_1U
                0x1ffe024a        0x1 ./synergy/ssp/src/bsp/mcu/s7g2/bsp_hw_locks.o
                0x1ffe024a                g_hw_lock_SDHIMMC_0U_1U
 .hw_lock.SPI_0U_0U
                0x1ffe024b        0x1 ./synergy/ssp/src/bsp/mcu/s7g2/bsp_hw_locks.o
                0x1ffe024b                g_hw_lock_SPI_0U_0U
 .hw_lock.SPI_0U_1U
                0x1ffe024c        0x1 ./synergy/ssp/src/bsp/mcu/s7g2/bsp_hw_locks.o
                0x1ffe024c                g_hw_lock_SPI_0U_1U
 .hw_lock.SRC_0U_0U
                0x1ffe024d        0x1 ./synergy/ssp/src/bsp/mcu/s7g2/bsp_hw_locks.o
                0x1ffe024d                g_hw_lock_SRC_0U_0U
 .hw_lock.SSI_0U_0U
                0x1ffe024e        0x1 ./synergy/ssp/src/bsp/mcu/s7g2/bsp_hw_locks.o
                0x1ffe024e                g_hw_lock_SSI_0U_0U
 .hw_lock.SSI_0U_1U
                0x1ffe024f        0x1 ./synergy/ssp/src/bsp/mcu/s7g2/bsp_hw_locks.o
                0x1ffe024f                g_hw_lock_SSI_0U_1U
 .hw_lock.TSN_0U_0U
                0x1ffe0250        0x1 ./synergy/ssp/src/bsp/mcu/s7g2/bsp_hw_locks.o
                0x1ffe0250                g_hw_lock_TSN_0U_0U
 .hw_lock.USB_0U_0U
                0x1ffe0251        0x1 ./synergy/ssp/src/bsp/mcu/s7g2/bsp_hw_locks.o
                0x1ffe0251                g_hw_lock_USB_0U_0U
 .hw_lock.USB_1U_0U
                0x1ffe0252        0x1 ./synergy/ssp/src/bsp/mcu/s7g2/bsp_hw_locks.o
                0x1ffe0252                g_hw_lock_USB_1U_0U
 .hw_lock.WDT_0U_0U
                0x1ffe0253        0x1 ./synergy/ssp/src/bsp/mcu/s7g2/bsp_hw_locks.o
                0x1ffe0253                g_hw_lock_WDT_0U_0U
                0x1ffe0254                __Lock_End = .
                0x1ffe0254                . = ALIGN (0x4)
                0x1ffe0254                __data_end__ = .
                0x0000006c                __Lock_Size = (__Lock_End - __Lock_Start)

.igot.plt       0x1ffe0254        0x0 load address 0x00005424
 .igot.plt      0x1ffe0254        0x0 c:/renesas/synergy/e2studio_v7.3.0_ssp_v1.6.0/toolchains/gcc_arm/7.2.1_2017q4/bin/../lib/gcc/arm-none-eabi/7.2.1/thumb/v7e-m/fpv4-sp/hard/crtbegin.o

.qspi_flash     0x60000000        0x0
                0x60000000                __qspi_flash_start__ = .
 *(.qspi_flash*)
                0x60000000                __qspi_flash_end__ = .
                0x00000000                __qspi_flash_code_size__ = (__qspi_flash_end__ - __qspi_flash_start__)
                0x00005424                __qspi_flash_code_addr__ = (__etext + (__data_end__ - __data_start__))

.qspi_non_retentive
                0x60000000        0x0 load address 0x00005424
                0x60000000                __qspi_non_retentive_start__ = .
 *(.qspi_non_retentive*)
                0x60000000                __qspi_non_retentive_end__ = .
                0x00000000                __qspi_non_retentive_size__ = (__qspi_non_retentive_end__ - __qspi_non_retentive_start__)
                0x04000000                __qspi_region_max_size__ = 0x4000000
                0x60000000                __qspi_region_start_address__ = __qspi_flash_start__
                0x64000000                __qspi_region_end_address__ = (__qspi_flash_start__ + __qspi_region_max_size__)

.noinit         0x1ffe0254       0x38
                0x1ffe0254                . = ALIGN (0x4)
                0x1ffe0254                __noinit_start = .
 *(.noinit*)
 .noinit        0x1ffe0254       0x14 ./synergy/ssp/src/driver/r_ioport/r_ioport.o
 .noinit        0x1ffe0268        0x4 ./synergy/ssp/src/driver/r_fmi/r_fmi.o
 .noinit        0x1ffe026c       0x20 ./synergy/ssp/src/driver/r_cgc/r_cgc.o
                0x1ffe026c                gp_cgc_feature
                0x1ffe028c                __noinit_end = .

.bss            0x1ffe028c       0xf0
                0x1ffe028c                . = ALIGN (0x4)
                0x1ffe028c                __bss_start__ = .
 *(.bss*)
 .bss           0x1ffe028c       0x1c c:/renesas/synergy/e2studio_v7.3.0_ssp_v1.6.0/toolchains/gcc_arm/7.2.1_2017q4/bin/../lib/gcc/arm-none-eabi/7.2.1/thumb/v7e-m/fpv4-sp/hard/crtbegin.o
 .bss.g_protect_pfswe_counter
                0x1ffe02a8        0x2 ./synergy/ssp/src/driver/r_ioport/r_ioport.o
                0x1ffe02a8                g_protect_pfswe_counter
 *fill*         0x1ffe02aa        0x2 
 .bss.gp_elc_reg
                0x1ffe02ac        0x4 ./synergy/ssp/src/driver/r_elc/r_elc.o
 .bss.g_dtc_state_initialized
                0x1ffe02b0        0x1 ./synergy/ssp/src/driver/r_dtc/r_dtc.o
 *fill*         0x1ffe02b1        0x3 
 .bss.gp_dtc_regs
                0x1ffe02b4        0x4 ./synergy/ssp/src/driver/r_dtc/r_dtc.o
 .bss.gp_icu_regs
                0x1ffe02b8        0x4 ./synergy/ssp/src/driver/r_dtc/r_dtc.o
 .bss.g_bsp_group_irq_sources
                0x1ffe02bc       0x30 ./synergy/ssp/src/bsp/mcu/s7g2/bsp_group_irq.o
 .bss.g_vector_information_size
                0x1ffe02ec        0x4 ./synergy/ssp/src/bsp/mcu/all/bsp_irq.o
                0x1ffe02ec                g_vector_information_size
 .bss.g_bsp_lock_lookup_size
                0x1ffe02f0        0x4 ./synergy/ssp/src/bsp/mcu/all/bsp_locking.o
 .bss.gp_bsp_lock_lookup
                0x1ffe02f4        0x4 ./synergy/ssp/src/bsp/mcu/all/bsp_locking.o
 .bss.gp_bsp_locks
                0x1ffe02f8        0x4 ./synergy/ssp/src/bsp/mcu/all/bsp_locking.o
 .bss.g_protect_counters
                0x1ffe02fc        0x6 ./synergy/ssp/src/bsp/mcu/all/bsp_register_protection.o
 *fill*         0x1ffe0302        0x2 
 .bss.SystemCoreClock
                0x1ffe0304        0x4 ./synergy/ssp/src/bsp/cmsis/Device/RENESAS/S7G2/Source/system_S7G2.o
                0x1ffe0304                SystemCoreClock
 .bss.device_characteristics
                0x1ffe0308        0x3 ./synergy/board/s7g2_sk/bsp_qspi.o
 *fill*         0x1ffe030b        0x1 
 .bss.flag_status2
                0x1ffe030c        0x1 ./synergy/board/s7g2_sk/bsp_qspi.o
 *fill*         0x1ffe030d        0x3 
 .bss.gp_ctrl_SCI_3_RXI
                0x1ffe0310        0x4 ./src/synergy_gen/hal_data.o
 .bss.gp_ctrl_SCI_3_TEI
                0x1ffe0314        0x4 ./src/synergy_gen/hal_data.o
 .bss.gp_ctrl_SCI_3_TXI
                0x1ffe0318        0x4 ./src/synergy_gen/hal_data.o
 *(COMMON)
 COMMON         0x1ffe031c       0x60 ./src/synergy_gen/hal_data.o
                0x1ffe031c                g_transfer0_ctrl
                0x1ffe032c                g_transfer1_ctrl
                0x1ffe033c                g_uart0_ctrl
                0x1ffe037c                . = ALIGN (0x4)
                0x1ffe037c                __bss_end__ = .

.heap           0x1ffe0380     0x1000
                0x1ffe0380                . = ALIGN (0x8)
 *(.heap_d1)
                0x1ffe0380                . = ALIGN (0x8)
                0x1ffe0380                __HeapBase = .
                0x1ffe0380                __end__ = .
                0x1ffe0380                end = __end__
 *(.heap*)
 .heap          0x1ffe0380     0x1000 ./synergy/ssp/src/bsp/cmsis/Device/RENESAS/S7G2/Source/startup_S7G2.o
                0x1ffe1380                __HeapLimit = .

.stack_dummy    0x1ffe1380      0x800
                0x1ffe1380                . = ALIGN (0x8)
                0x1ffe1380                __StackLimit = .
 *(.stack)
 .stack         0x1ffe1380      0x800 ./synergy/ssp/src/bsp/cmsis/Device/RENESAS/S7G2/Source/startup_S7G2.o
                0x1ffe1b80                __StackTop = .
 *(.stack*)
                0x1ffe1b80                __StackTopAll = .
                [!provide]                PROVIDE (__stack, __StackTopAll)
                0x1ffe1b80                __RAM_segment_used_end__ = ALIGN (__StackTopAll, 0x4)

.data_flash     0x40100000        0x0
                0x40100000                __Data_Flash_Start = .
 *(.data_flash*)
                0x40100000                __Data_Flash_End = .

.sdram          0x90000000        0x0
                0x90000000                __SDRAM_Start = .
 *(.sdram*)
 *(.frame*)
                0x90000000                __SDRAM_End = .

.id_code_1      0x40120050       0x10
                0x40120050                __ID_Codes_Start = .
 *(.id_code_1*)
 .id_code_1     0x40120050       0x10 ./synergy/ssp/src/bsp/mcu/s7g2/bsp_rom_registers.o
                0x40120060                __ID_Codes_End = .
OUTPUT(myUART2.elf elf32-littlearm)

.rel.dyn        0x40120060        0x0
 .rel.iplt      0x40120060        0x0 c:/renesas/synergy/e2studio_v7.3.0_ssp_v1.6.0/toolchains/gcc_arm/7.2.1_2017q4/bin/../lib/gcc/arm-none-eabi/7.2.1/thumb/v7e-m/fpv4-sp/hard/crtbegin.o

.ARM.attributes
                0x00000000       0x30
 .ARM.attributes
                0x00000000       0x22 c:/renesas/synergy/e2studio_v7.3.0_ssp_v1.6.0/toolchains/gcc_arm/7.2.1_2017q4/bin/../lib/gcc/arm-none-eabi/7.2.1/thumb/v7e-m/fpv4-sp/hard/crti.o
 .ARM.attributes
                0x00000022       0x34 c:/renesas/synergy/e2studio_v7.3.0_ssp_v1.6.0/toolchains/gcc_arm/7.2.1_2017q4/bin/../lib/gcc/arm-none-eabi/7.2.1/thumb/v7e-m/fpv4-sp/hard/crtbegin.o
 .ARM.attributes
                0x00000056       0x39 ./synergy/ssp/src/driver/r_sci_uart/r_sci_uart.o
 .ARM.attributes
                0x0000008f       0x39 ./synergy/ssp/src/driver/r_ioport/r_ioport.o
 .ARM.attributes
                0x000000c8       0x39 ./synergy/ssp/src/driver/r_fmi/r_fmi.o
 .ARM.attributes
                0x00000101       0x39 ./synergy/ssp/src/driver/r_elc/r_elc.o
 .ARM.attributes
                0x0000013a       0x39 ./synergy/ssp/src/driver/r_dtc/r_dtc.o
 .ARM.attributes
                0x00000173       0x39 ./synergy/ssp/src/driver/r_cgc/r_cgc.o
 .ARM.attributes
                0x000001ac       0x39 ./synergy/ssp/src/bsp/mcu/s7g2/bsp_cache.o
 .ARM.attributes
                0x000001e5       0x39 ./synergy/ssp/src/bsp/mcu/s7g2/bsp_clocks.o
 .ARM.attributes
                0x0000021e       0x39 ./synergy/ssp/src/bsp/mcu/s7g2/bsp_feature.o
 .ARM.attributes
                0x00000257       0x39 ./synergy/ssp/src/bsp/mcu/s7g2/bsp_fmi_R7FS7G27H3A01CFC.o
 .ARM.attributes
                0x00000290       0x39 ./synergy/ssp/src/bsp/mcu/s7g2/bsp_group_irq.o
 .ARM.attributes
                0x000002c9       0x39 ./synergy/ssp/src/bsp/mcu/s7g2/bsp_hw_locks.o
 .ARM.attributes
                0x00000302       0x39 ./synergy/ssp/src/bsp/mcu/s7g2/bsp_module_stop.o
 .ARM.attributes
                0x0000033b       0x39 ./synergy/ssp/src/bsp/mcu/s7g2/bsp_rom_registers.o
 .ARM.attributes
                0x00000374       0x39 ./synergy/ssp/src/bsp/mcu/all/bsp_common.o
 .ARM.attributes
                0x000003ad       0x39 ./synergy/ssp/src/bsp/mcu/all/bsp_common_leds.o
 .ARM.attributes
                0x000003e6       0x39 ./synergy/ssp/src/bsp/mcu/all/bsp_delay.o
 .ARM.attributes
                0x0000041f       0x39 ./synergy/ssp/src/bsp/mcu/all/bsp_irq.o
 .ARM.attributes
                0x00000458       0x39 ./synergy/ssp/src/bsp/mcu/all/bsp_locking.o
 .ARM.attributes
                0x00000491       0x39 ./synergy/ssp/src/bsp/mcu/all/bsp_register_protection.o
 .ARM.attributes
                0x000004ca       0x39 ./synergy/ssp/src/bsp/cmsis/Device/RENESAS/S7G2/Source/startup_S7G2.o
 .ARM.attributes
                0x00000503       0x39 ./synergy/ssp/src/bsp/cmsis/Device/RENESAS/S7G2/Source/system_S7G2.o
 .ARM.attributes
                0x0000053c       0x39 ./synergy/board/s7g2_sk/bsp_init.o
 .ARM.attributes
                0x00000575       0x39 ./synergy/board/s7g2_sk/bsp_leds.o
 .ARM.attributes
                0x000005ae       0x39 ./synergy/board/s7g2_sk/bsp_qspi.o
 .ARM.attributes
                0x000005e7       0x39 ./src/synergy_gen/common_data.o
 .ARM.attributes
                0x00000620       0x39 ./src/synergy_gen/hal_data.o
 .ARM.attributes
                0x00000659       0x39 ./src/synergy_gen/main.o
 .ARM.attributes
                0x00000692       0x39 ./src/synergy_gen/pin_data.o
 .ARM.attributes
                0x000006cb       0x39 ./src/hal_entry.o
 .ARM.attributes
                0x00000704       0x22 c:/renesas/synergy/e2studio_v7.3.0_ssp_v1.6.0/toolchains/gcc_arm/7.2.1_2017q4/bin/../lib/gcc/arm-none-eabi/7.2.1/thumb/v7e-m/fpv4-sp/hard\libgcc.a(_aeabi_ldivmod.o)
 .ARM.attributes
                0x00000726       0x34 c:/renesas/synergy/e2studio_v7.3.0_ssp_v1.6.0/toolchains/gcc_arm/7.2.1_2017q4/bin/../lib/gcc/arm-none-eabi/7.2.1/thumb/v7e-m/fpv4-sp/hard\libgcc.a(_udivmoddi4.o)
 .ARM.attributes
                0x0000075a       0x22 c:/renesas/synergy/e2studio_v7.3.0_ssp_v1.6.0/toolchains/gcc_arm/7.2.1_2017q4/bin/../lib/gcc/arm-none-eabi/7.2.1/thumb/v7e-m/fpv4-sp/hard\libgcc.a(_dvmd_tls.o)
 .ARM.attributes
                0x0000077c       0x34 c:/renesas/synergy/e2studio_v7.3.0_ssp_v1.6.0/toolchains/gcc_arm/7.2.1_2017q4/bin/../lib/gcc/arm-none-eabi/7.2.1/../../../../arm-none-eabi/lib/thumb/v7e-m/fpv4-sp/hard\libg_nano.a(lib_a-memset.o)
 .ARM.attributes
                0x000007b0       0x34 c:/renesas/synergy/e2studio_v7.3.0_ssp_v1.6.0/toolchains/gcc_arm/7.2.1_2017q4/bin/../lib/gcc/arm-none-eabi/7.2.1/thumb/v7e-m/fpv4-sp/hard/crtend.o
 .ARM.attributes
                0x000007e4       0x22 c:/renesas/synergy/e2studio_v7.3.0_ssp_v1.6.0/toolchains/gcc_arm/7.2.1_2017q4/bin/../lib/gcc/arm-none-eabi/7.2.1/thumb/v7e-m/fpv4-sp/hard/crtn.o

.comment        0x00000000       0x7e
 .comment       0x00000000       0x7e ./synergy/ssp/src/driver/r_sci_uart/r_sci_uart.o
                                 0x7f (size before relaxing)
 .comment       0x0000007e       0x7f ./synergy/ssp/src/driver/r_ioport/r_ioport.o
 .comment       0x0000007e       0x7f ./synergy/ssp/src/driver/r_fmi/r_fmi.o
 .comment       0x0000007e       0x7f ./synergy/ssp/src/driver/r_elc/r_elc.o
 .comment       0x0000007e       0x7f ./synergy/ssp/src/driver/r_dtc/r_dtc.o
 .comment       0x0000007e       0x7f ./synergy/ssp/src/driver/r_cgc/r_cgc.o
 .comment       0x0000007e       0x7f ./synergy/ssp/src/bsp/mcu/s7g2/bsp_cache.o
 .comment       0x0000007e       0x7f ./synergy/ssp/src/bsp/mcu/s7g2/bsp_clocks.o
 .comment       0x0000007e       0x7f ./synergy/ssp/src/bsp/mcu/s7g2/bsp_feature.o
 .comment       0x0000007e       0x7f ./synergy/ssp/src/bsp/mcu/s7g2/bsp_fmi_R7FS7G27H3A01CFC.o
 .comment       0x0000007e       0x7f ./synergy/ssp/src/bsp/mcu/s7g2/bsp_group_irq.o
 .comment       0x0000007e       0x7f ./synergy/ssp/src/bsp/mcu/s7g2/bsp_hw_locks.o
 .comment       0x0000007e       0x7f ./synergy/ssp/src/bsp/mcu/s7g2/bsp_module_stop.o
 .comment       0x0000007e       0x7f ./synergy/ssp/src/bsp/mcu/s7g2/bsp_rom_registers.o
 .comment       0x0000007e       0x7f ./synergy/ssp/src/bsp/mcu/all/bsp_common.o
 .comment       0x0000007e       0x7f ./synergy/ssp/src/bsp/mcu/all/bsp_common_leds.o
 .comment       0x0000007e       0x7f ./synergy/ssp/src/bsp/mcu/all/bsp_delay.o
 .comment       0x0000007e       0x7f ./synergy/ssp/src/bsp/mcu/all/bsp_irq.o
 .comment       0x0000007e       0x7f ./synergy/ssp/src/bsp/mcu/all/bsp_locking.o
 .comment       0x0000007e       0x7f ./synergy/ssp/src/bsp/mcu/all/bsp_register_protection.o
 .comment       0x0000007e       0x7f ./synergy/ssp/src/bsp/cmsis/Device/RENESAS/S7G2/Source/startup_S7G2.o
 .comment       0x0000007e       0x7f ./synergy/ssp/src/bsp/cmsis/Device/RENESAS/S7G2/Source/system_S7G2.o
 .comment       0x0000007e       0x7f ./synergy/board/s7g2_sk/bsp_init.o
 .comment       0x0000007e       0x7f ./synergy/board/s7g2_sk/bsp_leds.o
 .comment       0x0000007e       0x7f ./synergy/board/s7g2_sk/bsp_qspi.o
 .comment       0x0000007e       0x7f ./src/synergy_gen/common_data.o
 .comment       0x0000007e       0x7f ./src/synergy_gen/hal_data.o
 .comment       0x0000007e       0x7f ./src/synergy_gen/main.o
 .comment       0x0000007e       0x7f ./src/synergy_gen/pin_data.o
 .comment       0x0000007e       0x7f ./src/hal_entry.o

.debug_info     0x00000000    0x5ec79
 .debug_info    0x00000000     0x7b73 ./synergy/ssp/src/driver/r_sci_uart/r_sci_uart.o
 .debug_info    0x00007b73     0xf8b5 ./synergy/ssp/src/driver/r_ioport/r_ioport.o
 .debug_info    0x00017428     0x2773 ./synergy/ssp/src/driver/r_fmi/r_fmi.o
 .debug_info    0x00019b9b     0x22da ./synergy/ssp/src/driver/r_elc/r_elc.o
 .debug_info    0x0001be75     0x44b3 ./synergy/ssp/src/driver/r_dtc/r_dtc.o
 .debug_info    0x00020328     0x7675 ./synergy/ssp/src/driver/r_cgc/r_cgc.o
 .debug_info    0x0002799d     0x1b6c ./synergy/ssp/src/bsp/mcu/s7g2/bsp_cache.o
 .debug_info    0x00029509     0x2936 ./synergy/ssp/src/bsp/mcu/s7g2/bsp_clocks.o
 .debug_info    0x0002be3f     0x282f ./synergy/ssp/src/bsp/mcu/s7g2/bsp_feature.o
 .debug_info    0x0002e66e     0x1ac0 ./synergy/ssp/src/bsp/mcu/s7g2/bsp_fmi_R7FS7G27H3A01CFC.o
 .debug_info    0x0003012e     0x2714 ./synergy/ssp/src/bsp/mcu/s7g2/bsp_group_irq.o
 .debug_info    0x00032842     0x29dd ./synergy/ssp/src/bsp/mcu/s7g2/bsp_hw_locks.o
 .debug_info    0x0003521f     0x3f2e ./synergy/ssp/src/bsp/mcu/s7g2/bsp_module_stop.o
 .debug_info    0x0003914d     0x1ae6 ./synergy/ssp/src/bsp/mcu/s7g2/bsp_rom_registers.o
 .debug_info    0x0003ac33     0x1be1 ./synergy/ssp/src/bsp/mcu/all/bsp_common.o
 .debug_info    0x0003c814     0x1f25 ./synergy/ssp/src/bsp/mcu/all/bsp_common_leds.o
 .debug_info    0x0003e739     0x1a75 ./synergy/ssp/src/bsp/mcu/all/bsp_delay.o
 .debug_info    0x000401ae     0x24ba ./synergy/ssp/src/bsp/mcu/all/bsp_irq.o
 .debug_info    0x00042668     0x1eec ./synergy/ssp/src/bsp/mcu/all/bsp_locking.o
 .debug_info    0x00044554     0x390b ./synergy/ssp/src/bsp/mcu/all/bsp_register_protection.o
 .debug_info    0x00047e5f     0x1b6f ./synergy/ssp/src/bsp/cmsis/Device/RENESAS/S7G2/Source/startup_S7G2.o