Archive member included to satisfy reference by file (symbol)

c:/renesas/synergy/e2studio_v7.3.0_ssp_v1.6.0/toolchains/gcc_arm/7.2.1_2017q4/bin/../lib/gcc/arm-none-eabi/7.2.1/thumb/v7e-m/fpv4-sp/hard\libgcc.a(_arm_addsubdf3.o)
                              ./src/hal_entry.o (__aeabi_ui2d)
c:/renesas/synergy/e2studio_v7.3.0_ssp_v1.6.0/toolchains/gcc_arm/7.2.1_2017q4/bin/../lib/gcc/arm-none-eabi/7.2.1/thumb/v7e-m/fpv4-sp/hard\libgcc.a(_arm_cmpdf2.o)
                              ./src/hal_entry.o (__aeabi_dcmpgt)
c:/renesas/synergy/e2studio_v7.3.0_ssp_v1.6.0/toolchains/gcc_arm/7.2.1_2017q4/bin/../lib/gcc/arm-none-eabi/7.2.1/thumb/v7e-m/fpv4-sp/hard\libgcc.a(_aeabi_ldivmod.o)
                              ./synergy/ssp/src/driver/r_gpt/r_gpt.o (__aeabi_ldivmod)
c:/renesas/synergy/e2studio_v7.3.0_ssp_v1.6.0/toolchains/gcc_arm/7.2.1_2017q4/bin/../lib/gcc/arm-none-eabi/7.2.1/thumb/v7e-m/fpv4-sp/hard\libgcc.a(_aeabi_uldivmod.o)
                              ./synergy/ssp/src/driver/r_gpt/r_gpt.o (__aeabi_uldivmod)
c:/renesas/synergy/e2studio_v7.3.0_ssp_v1.6.0/toolchains/gcc_arm/7.2.1_2017q4/bin/../lib/gcc/arm-none-eabi/7.2.1/thumb/v7e-m/fpv4-sp/hard\libgcc.a(_udivmoddi4.o)
                              c:/renesas/synergy/e2studio_v7.3.0_ssp_v1.6.0/toolchains/gcc_arm/7.2.1_2017q4/bin/../lib/gcc/arm-none-eabi/7.2.1/thumb/v7e-m/fpv4-sp/hard\libgcc.a(_aeabi_ldivmod.o) (__udivmoddi4)
c:/renesas/synergy/e2studio_v7.3.0_ssp_v1.6.0/toolchains/gcc_arm/7.2.1_2017q4/bin/../lib/gcc/arm-none-eabi/7.2.1/thumb/v7e-m/fpv4-sp/hard\libgcc.a(_dvmd_tls.o)
                              c:/renesas/synergy/e2studio_v7.3.0_ssp_v1.6.0/toolchains/gcc_arm/7.2.1_2017q4/bin/../lib/gcc/arm-none-eabi/7.2.1/thumb/v7e-m/fpv4-sp/hard\libgcc.a(_aeabi_ldivmod.o) (__aeabi_ldiv0)
c:/renesas/synergy/e2studio_v7.3.0_ssp_v1.6.0/toolchains/gcc_arm/7.2.1_2017q4/bin/../lib/gcc/arm-none-eabi/7.2.1/../../../../arm-none-eabi/lib/thumb/v7e-m/fpv4-sp/hard\libg_nano.a(lib_a-errno.o)
                              ./synergy/ssp/src/bsp/mcu/all/bsp_sbrk.o (__errno)
c:/renesas/synergy/e2studio_v7.3.0_ssp_v1.6.0/toolchains/gcc_arm/7.2.1_2017q4/bin/../lib/gcc/arm-none-eabi/7.2.1/../../../../arm-none-eabi/lib/thumb/v7e-m/fpv4-sp/hard\libg_nano.a(lib_a-exit.o)
                              c:/renesas/synergy/e2studio_v7.3.0_ssp_v1.6.0/toolchains/gcc_arm/7.2.1_2017q4/bin/../lib/gcc/arm-none-eabi/7.2.1/../../../../arm-none-eabi/lib/thumb/v7e-m/fpv4-sp/hard/rdimon-crt0.o (exit)
c:/renesas/synergy/e2studio_v7.3.0_ssp_v1.6.0/toolchains/gcc_arm/7.2.1_2017q4/bin/../lib/gcc/arm-none-eabi/7.2.1/../../../../arm-none-eabi/lib/thumb/v7e-m/fpv4-sp/hard\libg_nano.a(lib_a-impure.o)
                              c:/renesas/synergy/e2studio_v7.3.0_ssp_v1.6.0/toolchains/gcc_arm/7.2.1_2017q4/bin/../lib/gcc/arm-none-eabi/7.2.1/../../../../arm-none-eabi/lib/thumb/v7e-m/fpv4-sp/hard\libg_nano.a(lib_a-exit.o) (_global_impure_ptr)
c:/renesas/synergy/e2studio_v7.3.0_ssp_v1.6.0/toolchains/gcc_arm/7.2.1_2017q4/bin/../lib/gcc/arm-none-eabi/7.2.1/../../../../arm-none-eabi/lib/thumb/v7e-m/fpv4-sp/hard\libg_nano.a(lib_a-init.o)
                              c:/renesas/synergy/e2studio_v7.3.0_ssp_v1.6.0/toolchains/gcc_arm/7.2.1_2017q4/bin/../lib/gcc/arm-none-eabi/7.2.1/../../../../arm-none-eabi/lib/thumb/v7e-m/fpv4-sp/hard/rdimon-crt0.o (__libc_init_array)
c:/renesas/synergy/e2studio_v7.3.0_ssp_v1.6.0/toolchains/gcc_arm/7.2.1_2017q4/bin/../lib/gcc/arm-none-eabi/7.2.1/../../../../arm-none-eabi/lib/thumb/v7e-m/fpv4-sp/hard\libg_nano.a(lib_a-memset.o)
                              c:/renesas/synergy/e2studio_v7.3.0_ssp_v1.6.0/toolchains/gcc_arm/7.2.1_2017q4/bin/../lib/gcc/arm-none-eabi/7.2.1/../../../../arm-none-eabi/lib/thumb/v7e-m/fpv4-sp/hard/rdimon-crt0.o (memset)
c:/renesas/synergy/e2studio_v7.3.0_ssp_v1.6.0/toolchains/gcc_arm/7.2.1_2017q4/bin/../lib/gcc/arm-none-eabi/7.2.1/../../../../arm-none-eabi/lib/thumb/v7e-m/fpv4-sp/hard\librdimon_nano.a(rdimon-syscalls.o)
                              c:/renesas/synergy/e2studio_v7.3.0_ssp_v1.6.0/toolchains/gcc_arm/7.2.1_2017q4/bin/../lib/gcc/arm-none-eabi/7.2.1/../../../../arm-none-eabi/lib/thumb/v7e-m/fpv4-sp/hard/rdimon-crt0.o (initialise_monitor_handles)
c:/renesas/synergy/e2studio_v7.3.0_ssp_v1.6.0/toolchains/gcc_arm/7.2.1_2017q4/bin/../lib/gcc/arm-none-eabi/7.2.1/../../../../arm-none-eabi/lib/thumb/v7e-m/fpv4-sp/hard\librdimon_nano.a(rdimon-_exit.o)
                              c:/renesas/synergy/e2studio_v7.3.0_ssp_v1.6.0/toolchains/gcc_arm/7.2.1_2017q4/bin/../lib/gcc/arm-none-eabi/7.2.1/../../../../arm-none-eabi/lib/thumb/v7e-m/fpv4-sp/hard\libg_nano.a(lib_a-exit.o) (_exit)
c:/renesas/synergy/e2studio_v7.3.0_ssp_v1.6.0/toolchains/gcc_arm/7.2.1_2017q4/bin/../lib/gcc/arm-none-eabi/7.2.1/../../../../arm-none-eabi/lib/thumb/v7e-m/fpv4-sp/hard\librdimon_nano.a(rdimon-_kill.o)
[...]
Memory Configuration

Name             Origin             Length             Attributes
FLASH            0x00000000         0x00400000         xr
RAM              0x1ffe0000         0x000a0000         xrw
DATA_FLASH       0x40100000         0x00010000         xr
QSPI_FLASH       0x60000000         0x04000000         xr
SDRAM            0x90000000         0x02000000         xrw
ID_CODES         0x40120050         0x00000010         xr
*default*        0x00000000         0xffffffff

Linker script and memory map

LOAD c:/renesas/synergy/e2studio_v7.3.0_ssp_v1.6.0/toolchains/gcc_arm/7.2.1_2017q4/bin/../lib/gcc/arm-none-eabi/7.2.1/thumb/v7e-m/fpv4-sp/hard/crti.o
LOAD c:/renesas/synergy/e2studio_v7.3.0_ssp_v1.6.0/toolchains/gcc_arm/7.2.1_2017q4/bin/../lib/gcc/arm-none-eabi/7.2.1/thumb/v7e-m/fpv4-sp/hard/crtbegin.o
LOAD c:/renesas/synergy/e2studio_v7.3.0_ssp_v1.6.0/toolchains/gcc_arm/7.2.1_2017q4/bin/../lib/gcc/arm-none-eabi/7.2.1/../../../../arm-none-eabi/lib/thumb/v7e-m/fpv4-sp/hard/rdimon-crt0.o
START GROUP
LOAD ./synergy/ssp/src/driver/r_ioport/r_ioport.o
LOAD ./synergy/ssp/src/driver/r_gpt/r_gpt.o
LOAD ./synergy/ssp/src/driver/r_fmi/r_fmi.o
LOAD ./synergy/ssp/src/driver/r_elc/r_elc.o
LOAD ./synergy/ssp/src/driver/r_cgc/r_cgc.o
LOAD ./synergy/ssp/src/bsp/mcu/s7g2/bsp_cache.o
LOAD ./synergy/ssp/src/bsp/mcu/s7g2/bsp_clocks.o
LOAD ./synergy/ssp/src/bsp/mcu/s7g2/bsp_feature.o
LOAD ./synergy/ssp/src/bsp/mcu/s7g2/bsp_fmi_R7FS7G27H3A01CFC.o
LOAD ./synergy/ssp/src/bsp/mcu/s7g2/bsp_group_irq.o
LOAD ./synergy/ssp/src/bsp/mcu/s7g2/bsp_hw_locks.o
LOAD ./synergy/ssp/src/bsp/mcu/s7g2/bsp_module_stop.o
LOAD ./synergy/ssp/src/bsp/mcu/s7g2/bsp_rom_registers.o
LOAD ./synergy/ssp/src/bsp/mcu/all/bsp_common.o
LOAD ./synergy/ssp/src/bsp/mcu/all/bsp_common_leds.o
LOAD ./synergy/ssp/src/bsp/mcu/all/bsp_delay.o
LOAD ./synergy/ssp/src/bsp/mcu/all/bsp_irq.o
LOAD ./synergy/ssp/src/bsp/mcu/all/bsp_locking.o
LOAD ./synergy/ssp/src/bsp/mcu/all/bsp_register_protection.o
LOAD ./synergy/ssp/src/bsp/mcu/all/bsp_sbrk.o
LOAD ./synergy/ssp/src/bsp/cmsis/Device/RENESAS/S7G2/Source/startup_S7G2.o
LOAD ./synergy/ssp/src/bsp/cmsis/Device/RENESAS/S7G2/Source/system_S7G2.o
LOAD ./synergy/board/s7g2_sk/bsp_init.o
LOAD ./synergy/board/s7g2_sk/bsp_leds.o
LOAD ./synergy/board/s7g2_sk/bsp_qspi.o
LOAD ./src/synergy_gen/common_data.o
LOAD ./src/synergy_gen/hal_data.o
LOAD ./src/synergy_gen/main.o
LOAD ./src/synergy_gen/pin_data.o
LOAD ./src/hal_entry.o
LOAD C:\Users\USUARIO\Desktop\Projetos_Renesas\myTimer\myTimer\synergy\ssp\src\bsp\cmsis\DSP_Lib\cm4_gcc\libDSP_Lib.a
END GROUP
START GROUP
LOAD c:/renesas/synergy/e2studio_v7.3.0_ssp_v1.6.0/toolchains/gcc_arm/7.2.1_2017q4/bin/../lib/gcc/arm-none-eabi/7.2.1/thumb/v7e-m/fpv4-sp/hard\libgcc.a
LOAD c:/renesas/synergy/e2studio_v7.3.0_ssp_v1.6.0/toolchains/gcc_arm/7.2.1_2017q4/bin/../lib/gcc/arm-none-eabi/7.2.1/../../../../arm-none-eabi/lib/thumb/v7e-m/fpv4-sp/hard\libg_nano.a
LOAD c:/renesas/synergy/e2studio_v7.3.0_ssp_v1.6.0/toolchains/gcc_arm/7.2.1_2017q4/bin/../lib/gcc/arm-none-eabi/7.2.1/../../../../arm-none-eabi/lib/thumb/v7e-m/fpv4-sp/hard\libc_nano.a
END GROUP
START GROUP
LOAD c:/renesas/synergy/e2studio_v7.3.0_ssp_v1.6.0/toolchains/gcc_arm/7.2.1_2017q4/bin/../lib/gcc/arm-none-eabi/7.2.1/thumb/v7e-m/fpv4-sp/hard\libgcc.a
LOAD c:/renesas/synergy/e2studio_v7.3.0_ssp_v1.6.0/toolchains/gcc_arm/7.2.1_2017q4/bin/../lib/gcc/arm-none-eabi/7.2.1/../../../../arm-none-eabi/lib/thumb/v7e-m/fpv4-sp/hard\libc_nano.a
LOAD c:/renesas/synergy/e2studio_v7.3.0_ssp_v1.6.0/toolchains/gcc_arm/7.2.1_2017q4/bin/../lib/gcc/arm-none-eabi/7.2.1/../../../../arm-none-eabi/lib/thumb/v7e-m/fpv4-sp/hard\librdimon_nano.a
END GROUP
START GROUP
LOAD c:/renesas/synergy/e2studio_v7.3.0_ssp_v1.6.0/toolchains/gcc_arm/7.2.1_2017q4/bin/../lib/gcc/arm-none-eabi/7.2.1/thumb/v7e-m/fpv4-sp/hard\libgcc.a
LOAD c:/renesas/synergy/e2studio_v7.3.0_ssp_v1.6.0/toolchains/gcc_arm/7.2.1_2017q4/bin/../lib/gcc/arm-none-eabi/7.2.1/../../../../arm-none-eabi/lib/thumb/v7e-m/fpv4-sp/hard\libc_nano.a
LOAD c:/renesas/synergy/e2studio_v7.3.0_ssp_v1.6.0/toolchains/gcc_arm/7.2.1_2017q4/bin/../lib/gcc/arm-none-eabi/7.2.1/../../../../arm-none-eabi/lib/thumb/v7e-m/fpv4-sp/hard\librdimon_nano.a
END GROUP
LOAD c:/renesas/synergy/e2studio_v7.3.0_ssp_v1.6.0/toolchains/gcc_arm/7.2.1_2017q4/bin/../lib/gcc/arm-none-eabi/7.2.1/thumb/v7e-m/fpv4-sp/hard/crtend.o
LOAD c:/renesas/synergy/e2studio_v7.3.0_ssp_v1.6.0/toolchains/gcc_arm/7.2.1_2017q4/bin/../lib/gcc/arm-none-eabi/7.2.1/thumb/v7e-m/fpv4-sp/hard/crtn.o
START GROUP
LOAD c:/renesas/synergy/e2studio_v7.3.0_ssp_v1.6.0/toolchains/gcc_arm/7.2.1_2017q4/bin/../lib/gcc/arm-none-eabi/7.2.1/thumb/v7e-m/fpv4-sp/hard\libgcc.a
LOAD c:/renesas/synergy/e2studio_v7.3.0_ssp_v1.6.0/toolchains/gcc_arm/7.2.1_2017q4/bin/../lib/gcc/arm-none-eabi/7.2.1/../../../../arm-none-eabi/lib/thumb/v7e-m/fpv4-sp/hard\libc.a
LOAD c:/renesas/synergy/e2studio_v7.3.0_ssp_v1.6.0/toolchains/gcc_arm/7.2.1_2017q4/bin/../lib/gcc/arm-none-eabi/7.2.1/../../../../arm-none-eabi/lib/thumb/v7e-m/fpv4-sp/hard\libm.a
LOAD c:/renesas/synergy/e2studio_v7.3.0_ssp_v1.6.0/toolchains/gcc_arm/7.2.1_2017q4/bin/../lib/gcc/arm-none-eabi/7.2.1/../../../../arm-none-eabi/lib/thumb/v7e-m/fpv4-sp/hard\libnosys.a
END GROUP

.text           0x00000000     0x4a50
                0x00000000                __ROM_Start = .
 *(.vectors)
 .vectors       0x00000000       0x40 ./synergy/ssp/src/bsp/cmsis/Device/RENESAS/S7G2/Source/startup_S7G2.o
                0x00000000                __Vectors
 *(SORT_BY_NAME(.vector.*))
                0x00000040                __Vectors_End = .
                0x00000040                __end__ = .
                0x00000400                . = (__ROM_Start + 0x400)
 *fill*         0x00000040      0x3c0 ff
 *(.rom_registers*)
 .rom_registers
                0x00000400       0x3c ./synergy/ssp/src/bsp/mcu/s7g2/bsp_rom_registers.o
                0x00000500                . = (__ROM_Start + 0x500)
 *fill*         0x0000043c       0xc4 ff
                0x00000500                __Vector_Info_Start = .
 *(SORT_BY_NAME(.vector_info.*))
                0x00000500                __Vector_Info_End = .
                0x00000500                __Lock_Lookup_Start = .
 *(SORT_BY_NAME(.hw_lock_lookup.*))
 .hw_lock_lookup.ADC_0U_0U
                0x00000500        0x4 ./synergy/ssp/src/bsp/mcu/s7g2/bsp_hw_locks.o
                0x00000500                g_lock_lookup_ADC_0U_0U
 .hw_lock_lookup.ADC_0U_1U
                0x00000504        0x4 ./synergy/ssp/src/bsp/mcu/s7g2/bsp_hw_locks.o
                0x00000504                g_lock_lookup_ADC_0U_1U
 .hw_lock_lookup.AGT_0U_0U
                0x00000508        0x4 ./synergy/ssp/src/bsp/mcu/s7g2/bsp_hw_locks.o
                0x00000508                g_lock_lookup_AGT_0U_0U
 .hw_lock_lookup.AGT_0U_1U
                0x0000050c        0x4 ./synergy/ssp/src/bsp/mcu/s7g2/bsp_hw_locks.o
                0x0000050c                g_lock_lookup_AGT_0U_1U
 .hw_lock_lookup.BSC_0U_1U
                0x00000510        0x4 ./synergy/ssp/src/bsp/mcu/s7g2/bsp_hw_locks.o
                0x00000510                g_lock_lookup_BSC_0U_1U
 .hw_lock_lookup.CAC_0U_0U
                0x00000514        0x4 ./synergy/ssp/src/bsp/mcu/s7g2/bsp_hw_locks.o
                0x00000514                g_lock_lookup_CAC_0U_0U
 .hw_lock_lookup.CAN_0U_0U
                0x00000518        0x4 ./synergy/ssp/src/bsp/mcu/s7g2/bsp_hw_locks.o
                0x00000518                g_lock_lookup_CAN_0U_0U
 .hw_lock_lookup.CAN_0U_1U
                0x0000051c        0x4 ./synergy/ssp/src/bsp/mcu/s7g2/bsp_hw_locks.o
                0x0000051c                g_lock_lookup_CAN_0U_1U
 .hw_lock_lookup.COMP_HS_0U_0U
                0x00000520        0x4 ./synergy/ssp/src/bsp/mcu/s7g2/bsp_hw_locks.o
                0x00000520                g_lock_lookup_COMP_HS_0U_0U
 .hw_lock_lookup.COMP_HS_0U_1U
                0x00000524        0x4 ./synergy/ssp/src/bsp/mcu/s7g2/bsp_hw_locks.o
                0x00000524                g_lock_lookup_COMP_HS_0U_1U
 .hw_lock_lookup.COMP_HS_0U_2U
                0x00000528        0x4 ./synergy/ssp/src/bsp/mcu/s7g2/bsp_hw_locks.o
                0x00000528                g_lock_lookup_COMP_HS_0U_2U
 .hw_lock_lookup.COMP_HS_0U_3U
                0x0000052c        0x4 ./synergy/ssp/src/bsp/mcu/s7g2/bsp_hw_locks.o
                0x0000052c                g_lock_lookup_COMP_HS_0U_3U
 .hw_lock_lookup.COMP_HS_0U_4U
                0x00000530        0x4 ./synergy/ssp/src/bsp/mcu/s7g2/bsp_hw_locks.o
                0x00000530                g_lock_lookup_COMP_HS_0U_4U
 .hw_lock_lookup.COMP_HS_0U_5U
                0x00000534        0x4 ./synergy/ssp/src/bsp/mcu/s7g2/bsp_hw_locks.o
                0x00000534                g_lock_lookup_COMP_HS_0U_5U
 .hw_lock_lookup.CRC_0U_0U
                0x00000538        0x4 ./synergy/ssp/src/bsp/mcu/s7g2/bsp_hw_locks.o
                0x00000538                g_lock_lookup_CRC_0U_0U
 .hw_lock_lookup.CTSU_0U_0U
                0x0000053c        0x4 ./synergy/ssp/src/bsp/mcu/s7g2/bsp_hw_locks.o
                0x0000053c                g_lock_lookup_CTSU_0U_0U
 .hw_lock_lookup.DAAD_0U_0U
                0x00000540        0x4 ./synergy/ssp/src/bsp/mcu/s7g2/bsp_hw_locks.o
                0x00000540                g_lock_lookup_DAAD_0U_0U
 .hw_lock_lookup.DAC_0U_0U
                0x00000544        0x4 ./synergy/ssp/src/bsp/mcu/s7g2/bsp_hw_locks.o
                0x00000544                g_lock_lookup_DAC_0U_0U
 .hw_lock_lookup.DAC_0U_1U
                0x00000548        0x4 ./synergy/ssp/src/bsp/mcu/s7g2/bsp_hw_locks.o
                0x00000548                g_lock_lookup_DAC_0U_1U
 .hw_lock_lookup.DMAC_0U_0U
                0x0000054c        0x4 ./synergy/ssp/src/bsp/mcu/s7g2/bsp_hw_locks.o
                0x0000054c                g_lock_lookup_DMAC_0U_0U
 .hw_lock_lookup.DMAC_0U_1U
                0x00000550        0x4 ./synergy/ssp/src/bsp/mcu/s7g2/bsp_hw_locks.o
                0x00000550                g_lock_lookup_DMAC_0U_1U
 .hw_lock_lookup.DMAC_0U_2U
                0x00000554        0x4 ./synergy/ssp/src/bsp/mcu/s7g2/bsp_hw_locks.o
                0x00000554                g_lock_lookup_DMAC_0U_2U
 .hw_lock_lookup.DMAC_0U_3U
                0x00000558        0x4 ./synergy/ssp/src/bsp/mcu/s7g2/bsp_hw_locks.o
                0x00000558                g_lock_lookup_DMAC_0U_3U
 .hw_lock_lookup.DMAC_0U_4U
                0x0000055c        0x4 ./synergy/ssp/src/bsp/mcu/s7g2/bsp_hw_locks.o
                0x0000055c                g_lock_lookup_DMAC_0U_4U
 .hw_lock_lookup.DMAC_0U_5U
                0x00000560        0x4 ./synergy/ssp/src/bsp/mcu/s7g2/bsp_hw_locks.o
                0x00000560                g_lock_lookup_DMAC_0U_5U
 .hw_lock_lookup.DMAC_0U_6U
                0x00000564        0x4 ./synergy/ssp/src/bsp/mcu/s7g2/bsp_hw_locks.o
                0x00000564                g_lock_lookup_DMAC_0U_6U
 .hw_lock_lookup.DMAC_0U_7U
                0x00000568        0x4 ./synergy/ssp/src/bsp/mcu/s7g2/bsp_hw_locks.o
                0x00000568                g_lock_lookup_DMAC_0U_7U
 .hw_lock_lookup.DOC_0U_0U
                0x0000056c        0x4 ./synergy/ssp/src/bsp/mcu/s7g2/bsp_hw_locks.o
                0x0000056c                g_lock_lookup_DOC_0U_0U
 .hw_lock_lookup.DRW_0U_0U
                0x00000570        0x4 ./synergy/ssp/src/bsp/mcu/s7g2/bsp_hw_locks.o
                0x00000570                g_lock_lookup_DRW_0U_0U
 .hw_lock_lookup.DTC_0U_0U
                0x00000574        0x4 ./synergy/ssp/src/bsp/mcu/s7g2/bsp_hw_locks.o
                0x00000574                g_lock_lookup_DTC_0U_0U
 .hw_lock_lookup.ELC_0U_0U
                0x00000578        0x4 ./synergy/ssp/src/bsp/mcu/s7g2/bsp_hw_locks.o
                0x00000578                g_lock_lookup_ELC_0U_0U
 .hw_lock_lookup.EPTPC_0U_0U
                0x0000057c        0x4 ./synergy/ssp/src/bsp/mcu/s7g2/bsp_hw_locks.o
                0x0000057c                g_lock_lookup_EPTPC_0U_0U
 .hw_lock_lookup.ETHER_0U_0U
                0x00000580        0x4 ./synergy/ssp/src/bsp/mcu/s7g2/bsp_hw_locks.o
                0x00000580                g_lock_lookup_ETHER_0U_0U
 .hw_lock_lookup.ETHER_0U_1U
                0x00000584        0x4 ./synergy/ssp/src/bsp/mcu/s7g2/bsp_hw_locks.o
                0x00000584                g_lock_lookup_ETHER_0U_1U
 .hw_lock_lookup.FCU_0U_0U
                0x00000588        0x4 ./synergy/ssp/src/bsp/mcu/s7g2/bsp_hw_locks.o
                0x00000588                g_lock_lookup_FCU_0U_0U
 .hw_lock_lookup.GLCDC_0U_0U
                0x0000058c        0x4 ./synergy/ssp/src/bsp/mcu/s7g2/bsp_hw_locks.o
                0x0000058c                g_lock_lookup_GLCDC_0U_0U
 .hw_lock_lookup.GPT_0U_0U
                0x00000590        0x4 ./synergy/ssp/src/bsp/mcu/s7g2/bsp_hw_locks.o
                0x00000590                g_lock_lookup_GPT_0U_0U
 .hw_lock_lookup.GPT_0U_10U
                0x00000594        0x4 ./synergy/ssp/src/bsp/mcu/s7g2/bsp_hw_locks.o
                0x00000594                g_lock_lookup_GPT_0U_10U
 .hw_lock_lookup.GPT_0U_11U
                0x00000598        0x4 ./synergy/ssp/src/bsp/mcu/s7g2/bsp_hw_locks.o
                0x00000598                g_lock_lookup_GPT_0U_11U
 .hw_lock_lookup.GPT_0U_12U
                0x0000059c        0x4 ./synergy/ssp/src/bsp/mcu/s7g2/bsp_hw_locks.o
                0x0000059c                g_lock_lookup_GPT_0U_12U
 .hw_lock_lookup.GPT_0U_13U
                0x000005a0        0x4 ./synergy/ssp/src/bsp/mcu/s7g2/bsp_hw_locks.o
                0x000005a0                g_lock_lookup_GPT_0U_13U
 .hw_lock_lookup.GPT_0U_1U
                0x000005a4        0x4 ./synergy/ssp/src/bsp/mcu/s7g2/bsp_hw_locks.o
                0x000005a4                g_lock_lookup_GPT_0U_1U
 .hw_lock_lookup.GPT_0U_2U
                0x000005a8        0x4 ./synergy/ssp/src/bsp/mcu/s7g2/bsp_hw_locks.o
                0x000005a8                g_lock_lookup_GPT_0U_2U
 .hw_lock_lookup.GPT_0U_3U
                0x000005ac        0x4 ./synergy/ssp/src/bsp/mcu/s7g2/bsp_hw_locks.o
                0x000005ac                g_lock_lookup_GPT_0U_3U
 .hw_lock_lookup.GPT_0U_4U
                0x000005b0        0x4 ./synergy/ssp/src/bsp/mcu/s7g2/bsp_hw_locks.o
                0x000005b0                g_lock_lookup_GPT_0U_4U
 .hw_lock_lookup.GPT_0U_5U
                0x000005b4        0x4 ./synergy/ssp/src/bsp/mcu/s7g2/bsp_hw_locks.o
                0x000005b4                g_lock_lookup_GPT_0U_5U
 .hw_lock_lookup.GPT_0U_6U
                0x000005b8        0x4 ./synergy/ssp/src/bsp/mcu/s7g2/bsp_hw_locks.o
                0x000005b8                g_lock_lookup_GPT_0U_6U
 .hw_lock_lookup.GPT_0U_7U
                0x000005bc        0x4 ./synergy/ssp/src/bsp/mcu/s7g2/bsp_hw_locks.o
                0x000005bc                g_lock_lookup_GPT_0U_7U
 .hw_lock_lookup.GPT_0U_8U
                0x000005c0        0x4 ./synergy/ssp/src/bsp/mcu/s7g2/bsp_hw_locks.o
                0x000005c0                g_lock_lookup_GPT_0U_8U
 .hw_lock_lookup.GPT_0U_9U
                0x000005c4        0x4 ./synergy/ssp/src/bsp/mcu/s7g2/bsp_hw_locks.o
                0x000005c4                g_lock_lookup_GPT_0U_9U
 .hw_lock_lookup.ICU_0U_0U
                0x000005c8        0x4 ./synergy/ssp/src/bsp/mcu/s7g2/bsp_hw_locks.o
                0x000005c8                g_lock_lookup_ICU_0U_0U
 .hw_lock_lookup.ICU_0U_10U
                0x000005cc        0x4 ./synergy/ssp/src/bsp/mcu/s7g2/bsp_hw_locks.o
                0x000005cc                g_lock_lookup_ICU_0U_10U
 .hw_lock_lookup.ICU_0U_11U
                0x000005d0        0x4 ./synergy/ssp/src/bsp/mcu/s7g2/bsp_hw_locks.o
                0x000005d0                g_lock_lookup_ICU_0U_11U
 .hw_lock_lookup.ICU_0U_12U
                0x000005d4        0x4 ./synergy/ssp/src/bsp/mcu/s7g2/bsp_hw_locks.o
                0x000005d4                g_lock_lookup_ICU_0U_12U
 .hw_lock_lookup.ICU_0U_13U
                0x000005d8        0x4 ./synergy/ssp/src/bsp/mcu/s7g2/bsp_hw_locks.o
                0x000005d8                g_lock_lookup_ICU_0U_13U
 .hw_lock_lookup.ICU_0U_14U
                0x000005dc        0x4 ./synergy/ssp/src/bsp/mcu/s7g2/bsp_hw_locks.o
                0x000005dc                g_lock_lookup_ICU_0U_14U
 .hw_lock_lookup.ICU_0U_15U
                0x000005e0        0x4 ./synergy/ssp/src/bsp/mcu/s7g2/bsp_hw_locks.o
                0x000005e0                g_lock_lookup_ICU_0U_15U
 .hw_lock_lookup.ICU_0U_1U
                0x000005e4        0x4 ./synergy/ssp/src/bsp/mcu/s7g2/bsp_hw_locks.o
                0x000005e4                g_lock_lookup_ICU_0U_1U
 .hw_lock_lookup.ICU_0U_2U
                0x000005e8        0x4 ./synergy/ssp/src/bsp/mcu/s7g2/bsp_hw_locks.o
                0x000005e8                g_lock_lookup_ICU_0U_2U
 .hw_lock_lookup.ICU_0U_3U
                0x000005ec        0x4 ./synergy/ssp/src/bsp/mcu/s7g2/bsp_hw_locks.o
                0x000005ec                g_lock_lookup_ICU_0U_3U
 .hw_lock_lookup.ICU_0U_4U
                0x000005f0        0x4 ./synergy/ssp/src/bsp/mcu/s7g2/bsp_hw_locks.o
                0x000005f0                g_lock_lookup_ICU_0U_4U
 .hw_lock_lookup.ICU_0U_5U
                0x000005f4        0x4 ./synergy/ssp/src/bsp/mcu/s7g2/bsp_hw_locks.o
                0x000005f4                g_lock_lookup_ICU_0U_5U
 .hw_lock_lookup.ICU_0U_6U
                0x000005f8        0x4 ./synergy/ssp/src/bsp/mcu/s7g2/bsp_hw_locks.o
                0x000005f8                g_lock_lookup_ICU_0U_6U
 .hw_lock_lookup.ICU_0U_7U
                0x000005fc        0x4 ./synergy/ssp/src/bsp/mcu/s7g2/bsp_hw_locks.o
                0x000005fc                g_lock_lookup_ICU_0U_7U
 .hw_lock_lookup.ICU_0U_8U
                0x00000600        0x4 ./synergy/ssp/src/bsp/mcu/s7g2/bsp_hw_locks.o
                0x00000600                g_lock_lookup_ICU_0U_8U
 .hw_lock_lookup.ICU_0U_9U
                0x00000604        0x4 ./synergy/ssp/src/bsp/mcu/s7g2/bsp_hw_locks.o
                0x00000604                g_lock_lookup_ICU_0U_9U
 .hw_lock_lookup.IIC_0U_0U
                0x00000608        0x4 ./synergy/ssp/src/bsp/mcu/s7g2/bsp_hw_locks.o
                0x00000608                g_lock_lookup_IIC_0U_0U
 .hw_lock_lookup.IIC_0U_1U
                0x0000060c        0x4 ./synergy/ssp/src/bsp/mcu/s7g2/bsp_hw_locks.o
                0x0000060c                g_lock_lookup_IIC_0U_1U
 .hw_lock_lookup.IIC_0U_2U
                0x00000610        0x4 ./synergy/ssp/src/bsp/mcu/s7g2/bsp_hw_locks.o
                0x00000610                g_lock_lookup_IIC_0U_2U
 .hw_lock_lookup.IRDA_0U_0U
                0x00000614        0x4 ./synergy/ssp/src/bsp/mcu/s7g2/bsp_hw_locks.o
                0x00000614                g_lock_lookup_IRDA_0U_0U
 .hw_lock_lookup.IWDT_0U_0U
                0x00000618        0x4 ./synergy/ssp/src/bsp/mcu/s7g2/bsp_hw_locks.o
                0x00000618                g_lock_lookup_IWDT_0U_0U
 .hw_lock_lookup.JPEG_0U_0U
                0x0000061c        0x4 ./synergy/ssp/src/bsp/mcu/s7g2/bsp_hw_locks.o
                0x0000061c                g_lock_lookup_JPEG_0U_0U
 .hw_lock_lookup.KEY_0U_0U
                0x00000620        0x4 ./synergy/ssp/src/bsp/mcu/s7g2/bsp_hw_locks.o
                0x00000620                g_lock_lookup_KEY_0U_0U
 .hw_lock_lookup.LPM_1U_0U
                0x00000624        0x4 ./synergy/ssp/src/bsp/mcu/s7g2/bsp_hw_locks.o
                0x00000624                g_lock_lookup_LPM_1U_0U
 .hw_lock_lookup.LVD_0U_0U
                0x00000628        0x4 ./synergy/ssp/src/bsp/mcu/s7g2/bsp_hw_locks.o
                0x00000628                g_lock_lookup_LVD_0U_0U
 .hw_lock_lookup.LVD_0U_1U
                0x0000062c        0x4 ./synergy/ssp/src/bsp/mcu/s7g2/bsp_hw_locks.o
                0x0000062c                g_lock_lookup_LVD_0U_1U
 .hw_lock_lookup.MMF_0U_0U
                0x00000630        0x4 ./synergy/ssp/src/bsp/mcu/s7g2/bsp_hw_locks.o
                0x00000630                g_lock_lookup_MMF_0U_0U
 .hw_lock_lookup.MPU_0U_0U
                0x00000634        0x4 ./synergy/ssp/src/bsp/mcu/s7g2/bsp_hw_locks.o
                0x00000634                g_lock_lookup_MPU_0U_0U
 .hw_lock_lookup.OPS_0U_0U
                0x00000638        0x4 ./synergy/ssp/src/bsp/mcu/s7g2/bsp_hw_locks.o
                0x00000638                g_lock_lookup_OPS_0U_0U
 .hw_lock_lookup.PDC_0U_0U
                0x0000063c        0x4 ./synergy/ssp/src/bsp/mcu/s7g2/bsp_hw_locks.o
                0x0000063c                g_lock_lookup_PDC_0U_0U
 .hw_lock_lookup.POEG_0U_0U
                0x00000640        0x4 ./synergy/ssp/src/bsp/mcu/s7g2/bsp_hw_locks.o
                0x00000640                g_lock_lookup_POEG_0U_0U
 .hw_lock_lookup.POEG_0U_1U
                0x00000644        0x4 ./synergy/ssp/src/bsp/mcu/s7g2/bsp_hw_locks.o
                0x00000644                g_lock_lookup_POEG_0U_1U
 .hw_lock_lookup.POEG_0U_2U
                0x00000648        0x4 ./synergy/ssp/src/bsp/mcu/s7g2/bsp_hw_locks.o
                0x00000648                g_lock_lookup_POEG_0U_2U
 .hw_lock_lookup.POEG_0U_3U
                0x0000064c        0x4 ./synergy/ssp/src/bsp/mcu/s7g2/bsp_hw_locks.o
                0x0000064c                g_lock_lookup_POEG_0U_3U
 .hw_lock_lookup.QSPI_0U_0U
                0x00000650        0x4 ./synergy/ssp/src/bsp/mcu/s7g2/bsp_hw_locks.o
                0x00000650                g_lock_lookup_QSPI_0U_0U
 .hw_lock_lookup.RTC_0U_0U
                0x00000654        0x4 ./synergy/ssp/src/bsp/mcu/s7g2/bsp_hw_locks.o
                0x00000654                g_lock_lookup_RTC_0U_0U
 .hw_lock_lookup.SCE_0U_0U
                0x00000658        0x4 ./synergy/ssp/src/bsp/mcu/s7g2/bsp_hw_locks.o
                0x00000658                g_lock_lookup_SCE_0U_0U
 .hw_lock_lookup.SCI_0U_0U
                0x0000065c        0x4 ./synergy/ssp/src/bsp/mcu/s7g2/bsp_hw_locks.o
                0x0000065c                g_lock_lookup_SCI_0U_0U
 .hw_lock_lookup.SCI_0U_1U
                0x00000660        0x4 ./synergy/ssp/src/bsp/mcu/s7g2/bsp_hw_locks.o
                0x00000660                g_lock_lookup_SCI_0U_1U
 .hw_lock_lookup.SCI_0U_2U
                0x00000664        0x4 ./synergy/ssp/src/bsp/mcu/s7g2/bsp_hw_locks.o
                0x00000664                g_lock_lookup_SCI_0U_2U
 .hw_lock_lookup.SCI_0U_3U
                0x00000668        0x4 ./synergy/ssp/src/bsp/mcu/s7g2/bsp_hw_locks.o
                0x00000668                g_lock_lookup_SCI_0U_3U
 .hw_lock_lookup.SCI_0U_4U
                0x0000066c        0x4 ./synergy/ssp/src/bsp/mcu/s7g2/bsp_hw_locks.o
                0x0000066c                g_lock_lookup_SCI_0U_4U
 .hw_lock_lookup.SCI_0U_5U
                0x00000670        0x4 ./synergy/ssp/src/bsp/mcu/s7g2/bsp_hw_locks.o
                0x00000670                g_lock_lookup_SCI_0U_5U
 .hw_lock_lookup.SCI_0U_6U
                0x00000674        0x4 ./synergy/ssp/src/bsp/mcu/s7g2/bsp_hw_locks.o
                0x00000674                g_lock_lookup_SCI_0U_6U
 .hw_lock_lookup.SCI_0U_7U
                0x00000678        0x4 ./synergy/ssp/src/bsp/mcu/s7g2/bsp_hw_locks.o
                0x00000678                g_lock_lookup_SCI_0U_7U
 .hw_lock_lookup.SCI_0U_8U
                0x0000067c        0x4 ./synergy/ssp/src/bsp/mcu/s7g2/bsp_hw_locks.o
                0x0000067c                g_lock_lookup_SCI_0U_8U
 .hw_lock_lookup.SCI_0U_9U
                0x00000680        0x4 ./synergy/ssp/src/bsp/mcu/s7g2/bsp_hw_locks.o
                0x00000680                g_lock_lookup_SCI_0U_9U
 .hw_lock_lookup.SDHIMMC_0U_0U
                0x00000684        0x4 ./synergy/ssp/src/bsp/mcu/s7g2/bsp_hw_locks.o
                0x00000684                g_lock_lookup_SDHIMMC_0U_0U
 .hw_lock_lookup.SDHIMMC_0U_1U
                0x00000688        0x4 ./synergy/ssp/src/bsp/mcu/s7g2/bsp_hw_locks.o
                0x00000688                g_lock_lookup_SDHIMMC_0U_1U
 .hw_lock_lookup.SPI_0U_0U
                0x0000068c        0x4 ./synergy/ssp/src/bsp/mcu/s7g2/bsp_hw_locks.o
                0x0000068c                g_lock_lookup_SPI_0U_0U
 .hw_lock_lookup.SPI_0U_1U
                0x00000690        0x4 ./synergy/ssp/src/bsp/mcu/s7g2/bsp_hw_locks.o
                0x00000690                g_lock_lookup_SPI_0U_1U
 .hw_lock_lookup.SRC_0U_0U
                0x00000694        0x4 ./synergy/ssp/src/bsp/mcu/s7g2/bsp_hw_locks.o
                0x00000694                g_lock_lookup_SRC_0U_0U
 .hw_lock_lookup.SSI_0U_0U
                0x00000698        0x4 ./synergy/ssp/src/bsp/mcu/s7g2/bsp_hw_locks.o
                0x00000698                g_lock_lookup_SSI_0U_0U
 .hw_lock_lookup.SSI_0U_1U
                0x0000069c        0x4 ./synergy/ssp/src/bsp/mcu/s7g2/bsp_hw_locks.o
                0x0000069c                g_lock_lookup_SSI_0U_1U
 .hw_lock_lookup.TSN_0U_0U
                0x000006a0        0x4 ./synergy/ssp/src/bsp/mcu/s7g2/bsp_hw_locks.o
                0x000006a0                g_lock_lookup_TSN_0U_0U
 .hw_lock_lookup.USB_0U_0U
                0x000006a4        0x4 ./synergy/ssp/src/bsp/mcu/s7g2/bsp_hw_locks.o
                0x000006a4                g_lock_lookup_USB_0U_0U
 .hw_lock_lookup.USB_1U_0U
                0x000006a8        0x4 ./synergy/ssp/src/bsp/mcu/s7g2/bsp_hw_locks.o
                0x000006a8                g_lock_lookup_USB_1U_0U
 .hw_lock_lookup.WDT_0U_0U
                0x000006ac        0x4 ./synergy/ssp/src/bsp/mcu/s7g2/bsp_hw_locks.o
                0x000006ac                g_lock_lookup_WDT_0U_0U
                0x000006b0                __Lock_Lookup_End = .
 *(.text*)
 .text          0x000006b0       0x40 c:/renesas/synergy/e2studio_v7.3.0_ssp_v1.6.0/toolchains/gcc_arm/7.2.1_2017q4/bin/../lib/gcc/arm-none-eabi/7.2.1/thumb/v7e-m/fpv4-sp/hard/crtbegin.o
 .text.R_IOPORT_PinRead
                0x000006f0       0x4c ./synergy/ssp/src/driver/r_ioport/r_ioport.o
                0x000006f0                R_IOPORT_PinRead
 .text.R_IOPORT_PortRead
                0x0000073c       0x28 ./synergy/ssp/src/driver/r_ioport/r_ioport.o
                0x0000073c                R_IOPORT_PortRead
 .text.R_IOPORT_PortEventInputRead
                0x00000764       0x28 ./synergy/ssp/src/driver/r_ioport/r_ioport.o
                0x00000764                R_IOPORT_PortEventInputRead
 .text.R_IOPORT_PinEventInputRead
                0x0000078c       0x54 ./synergy/ssp/src/driver/r_ioport/r_ioport.o
                0x0000078c                R_IOPORT_PinEventInputRead
 .text.R_IOPORT_PortEventOutputWrite
                0x000007e0       0x38 ./synergy/ssp/src/driver/r_ioport/r_ioport.o
                0x000007e0                R_IOPORT_PortEventOutputWrite
 .text.R_IOPORT_PinEventOutputWrite
                0x00000818       0x58 ./synergy/ssp/src/driver/r_ioport/r_ioport.o
                0x00000818                R_IOPORT_PinEventOutputWrite
 .text.R_IOPORT_VersionGet
                0x00000870       0x14 ./synergy/ssp/src/driver/r_ioport/r_ioport.o
                0x00000870                R_IOPORT_VersionGet
 .text.R_IOPORT_PinWrite
                0x00000884       0x54 ./synergy/ssp/src/driver/r_ioport/r_ioport.o
                0x00000884                R_IOPORT_PinWrite
 .text.R_IOPORT_PinDirectionSet
                0x000008d8       0xd0 ./synergy/ssp/src/driver/r_ioport/r_ioport.o
                0x000008d8                R_IOPORT_PinDirectionSet
 .text.R_IOPORT_PortWrite
                0x000009a8       0x38 ./synergy/ssp/src/driver/r_ioport/r_ioport.o
                0x000009a8                R_IOPORT_PortWrite
 .text.R_IOPORT_PortDirectionSet
                0x000009e0       0x40 ./synergy/ssp/src/driver/r_ioport/r_ioport.o
                0x000009e0                R_IOPORT_PortDirectionSet
 .text.bsp_vbatt_init.isra.4
                0x00000a20       0x8c ./synergy/ssp/src/driver/r_ioport/r_ioport.o
 .text.R_IOPORT_EthernetModeCfg
                0x00000aac       0x54 ./synergy/ssp/src/driver/r_ioport/r_ioport.o
                0x00000aac                R_IOPORT_EthernetModeCfg
 .text.R_IOPORT_PinsCfg.part.5
                0x00000b00       0xc0 ./synergy/ssp/src/driver/r_ioport/r_ioport.o
 .text.R_IOPORT_PinsCfg
                0x00000bc0       0x10 ./synergy/ssp/src/driver/r_ioport/r_ioport.o
                0x00000bc0                R_IOPORT_PinsCfg
 .text.R_IOPORT_Init
                0x00000bd0       0x88 ./synergy/ssp/src/driver/r_ioport/r_ioport.o
                0x00000bd0                R_IOPORT_Init
 .text.R_IOPORT_PinCfg
                0x00000c58       0xcc ./synergy/ssp/src/driver/r_ioport/r_ioport.o
                0x00000c58                R_IOPORT_PinCfg
 .text.R_GPT_Stop
                0x00000d24       0x28 ./synergy/ssp/src/driver/r_gpt/r_gpt.o
                0x00000d24                R_GPT_Stop
 .text.R_GPT_Start
                0x00000d4c       0x28 ./synergy/ssp/src/driver/r_gpt/r_gpt.o
                0x00000d4c                R_GPT_Start
 .text.R_GPT_VersionGet
                0x00000d74       0x14 ./synergy/ssp/src/driver/r_gpt/r_gpt.o
                0x00000d74                R_GPT_VersionGet
 .text.gpt_period_to_pclk
                0x00000d88      0x108 ./synergy/ssp/src/driver/r_gpt/r_gpt.o
 .text.gpt_duty_cycle_to_pclk
                0x00000e90       0x80 ./synergy/ssp/src/driver/r_gpt/r_gpt.o
 .text.R_GPT_Close
                0x00000f10       0xa0 ./synergy/ssp/src/driver/r_gpt/r_gpt.o
                0x00000f10                R_GPT_Close
 .text.R_GPT_CounterGet
                0x00000fb0       0x24 ./synergy/ssp/src/driver/r_gpt/r_gpt.o
                0x00000fb0                R_GPT_CounterGet
 .text.R_GPT_Reset
                0x00000fd4       0x48 ./synergy/ssp/src/driver/r_gpt/r_gpt.o
                0x00000fd4                R_GPT_Reset
 .text.R_GPT_PeriodSet
                0x0000101c       0x74 ./synergy/ssp/src/driver/r_gpt/r_gpt.o
                0x0000101c                R_GPT_PeriodSet
 .text.R_GPT_DutyCycleSet
                0x00001090       0x98 ./synergy/ssp/src/driver/r_gpt/r_gpt.o
                0x00001090                R_GPT_DutyCycleSet
 .text.R_GPT_InfoGet
                0x00001128       0x98 ./synergy/ssp/src/driver/r_gpt/r_gpt.o
                0x00001128                R_GPT_InfoGet
 .text.R_GPT_TimerOpen
                0x000011c0      0x464 ./synergy/ssp/src/driver/r_gpt/r_gpt.o
                0x000011c0                R_GPT_TimerOpen
 .text.R_FMI_ProductInfoGet
                0x00001624       0x28 ./synergy/ssp/src/driver/r_fmi/r_fmi.o
 .text.R_FMI_UniqueIdGet
                0x0000164c       0x30 ./synergy/ssp/src/driver/r_fmi/r_fmi.o
 .text.R_FMI_VersionGet
                0x0000167c       0x14 ./synergy/ssp/src/driver/r_fmi/r_fmi.o
 .text.R_FMI_EventInfoGet
                0x00001690       0x6c ./synergy/ssp/src/driver/r_fmi/r_fmi.o
 .text.R_FMI_Init
                0x000016fc       0xb4 ./synergy/ssp/src/driver/r_fmi/r_fmi.o
 .text.R_FMI_FeatureGet
                0x000017b0      0x234 ./synergy/ssp/src/driver/r_fmi/r_fmi.o
 .text.R_ELC_LinkSet
                0x000019e4       0x14 ./synergy/ssp/src/driver/r_elc/r_elc.o
                0x000019e4                R_ELC_LinkSet
 .text.R_ELC_LinkBreak
                0x000019f8       0x14 ./synergy/ssp/src/driver/r_elc/r_elc.o
                0x000019f8                R_ELC_LinkBreak
 .text.R_ELC_Enable
                0x00001a0c       0x14 ./synergy/ssp/src/driver/r_elc/r_elc.o
                0x00001a0c                R_ELC_Enable
 .text.R_ELC_Disable
                0x00001a20       0x14 ./synergy/ssp/src/driver/r_elc/r_elc.o
                0x00001a20                R_ELC_Disable
 .text.R_ELC_VersionGet
                0x00001a34       0x14 ./synergy/ssp/src/driver/r_elc/r_elc.o
                0x00001a34                R_ELC_VersionGet
 .text.R_ELC_SoftwareEventGenerate
                0x00001a48       0x30 ./synergy/ssp/src/driver/r_elc/r_elc.o
                0x00001a48                R_ELC_SoftwareEventGenerate
 .text.R_ELC_Init
                0x00001a78       0x7c ./synergy/ssp/src/driver/r_elc/r_elc.o
                0x00001a78                R_ELC_Init
 .text.R_CGC_LCDClockCfg
                0x00001af4        0x4 ./synergy/ssp/src/driver/r_cgc/r_cgc.o
                0x00001af4                R_CGC_LCDClockCfg
 .text.R_CGC_LCDClockEnable
                0x00001af8        0x4 ./synergy/ssp/src/driver/r_cgc/r_cgc.o
                0x00001af8                R_CGC_LCDClockEnable
 .text.R_CGC_VersionGet
                0x00001afc       0x14 ./synergy/ssp/src/driver/r_cgc/r_cgc.o
                0x00001afc                R_CGC_VersionGet
 .text.r_cgc_init_pllfreq
                0x00001b10       0xd8 ./synergy/ssp/src/driver/r_cgc/r_cgc.o
 .text.R_CGC_SystemClockFreqGet
                0x00001be8       0xb4 ./synergy/ssp/src/driver/r_cgc/r_cgc.o
                0x00001be8                R_CGC_SystemClockFreqGet
 .text.r_cgc_system_dividers_set
                0x00001c9c       0x44 ./synergy/ssp/src/driver/r_cgc/r_cgc.o
 .text.R_CGC_OscStopStatusClear
                0x00001ce0       0x64 ./synergy/ssp/src/driver/r_cgc/r_cgc.o
                0x00001ce0                R_CGC_OscStopStatusClear
 .text.R_CGC_BusClockOutCfg
                0x00001d44       0x28 ./synergy/ssp/src/driver/r_cgc/r_cgc.o
                0x00001d44                R_CGC_BusClockOutCfg
 .text.R_CGC_BusClockOutEnable
                0x00001d6c       0x28 ./synergy/ssp/src/driver/r_cgc/r_cgc.o
                0x00001d6c                R_CGC_BusClockOutEnable
 .text.R_CGC_BusClockOutDisable
                0x00001d94       0x28 ./synergy/ssp/src/driver/r_cgc/r_cgc.o
                0x00001d94                R_CGC_BusClockOutDisable
 .text.R_CGC_ClockOutEnable
                0x00001dbc       0x28 ./synergy/ssp/src/driver/r_cgc/r_cgc.o
                0x00001dbc                R_CGC_ClockOutEnable
 .text.R_CGC_ClockOutDisable
                0x00001de4       0x28 ./synergy/ssp/src/driver/r_cgc/r_cgc.o
                0x00001de4                R_CGC_ClockOutDisable
 .text.R_CGC_SDRAMClockOutEnable
                0x00001e0c       0x28 ./synergy/ssp/src/driver/r_cgc/r_cgc.o
                0x00001e0c                R_CGC_SDRAMClockOutEnable
 .text.R_CGC_SDRAMClockOutDisable
                0x00001e34       0x28 ./synergy/ssp/src/driver/r_cgc/r_cgc.o
                0x00001e34                R_CGC_SDRAMClockOutDisable
 .text.R_CGC_USBClockCfg
                0x00001e5c       0x28 ./synergy/ssp/src/driver/r_cgc/r_cgc.o
                0x00001e5c                R_CGC_USBClockCfg
 .text.r_cgc_check_dividers
                0x00001e84       0x34 ./synergy/ssp/src/driver/r_cgc/r_cgc.o
 .text.R_CGC_SystickUpdate
                0x00001eb8       0x98 ./synergy/ssp/src/driver/r_cgc/r_cgc.o
                0x00001eb8                R_CGC_SystickUpdate
 .text.R_CGC_ClockOutCfg
                0x00001f50       0x5c ./synergy/ssp/src/driver/r_cgc/r_cgc.o
                0x00001f50                R_CGC_ClockOutCfg
 .text.R_CGC_OscStopDetect
                0x00001fac      0x118 ./synergy/ssp/src/driver/r_cgc/r_cgc.o
                0x00001fac                R_CGC_OscStopDetect
 .text.r_cgc_subclock_drive_set.constprop.16
                0x000020c4       0x34 ./synergy/ssp/src/driver/r_cgc/r_cgc.o
 .text.R_CGC_SDADCClockCfg
                0x000020f8        0x4 ./synergy/ssp/src/driver/r_cgc/r_cgc.o
                0x000020f8                R_CGC_SDADCClockCfg
 .text.R_CGC_SDADCClockEnable
                0x000020fc        0x4 ./synergy/ssp/src/driver/r_cgc/r_cgc.o
                0x000020fc                R_CGC_SDADCClockEnable
 .text.R_CGC_LCDClockDisable
                0x00002100        0x4 ./synergy/ssp/src/driver/r_cgc/r_cgc.o
                0x00002100                R_CGC_LCDClockDisable
 .text.R_CGC_SDADCClockDisable
                0x00002104        0x4 ./synergy/ssp/src/driver/r_cgc/r_cgc.o
                0x00002104                R_CGC_SDADCClockDisable
 .text.R_CGC_SystemClockGet
                0x00002108       0x58 ./synergy/ssp/src/driver/r_cgc/r_cgc.o
                0x00002108                R_CGC_SystemClockGet
 .text.r_cgc_clock_run_state_get
                0x00002160       0x68 ./synergy/ssp/src/driver/r_cgc/r_cgc.o
                0x00002160                r_cgc_clock_run_state_get
 .text.r_cgc_wait_to_complete
                0x000021c8       0x44 ./synergy/ssp/src/driver/r_cgc/r_cgc.o
 .text.R_CGC_Init
                0x0000220c       0xe0 ./synergy/ssp/src/driver/r_cgc/r_cgc.o
                0x0000220c                R_CGC_Init
 .text.R_CGC_ClockStop
                0x000022ec      0x154 ./synergy/ssp/src/driver/r_cgc/r_cgc.o
                0x000022ec                R_CGC_ClockStop
 .text.R_CGC_ClockCheck
                0x00002440       0x8c ./synergy/ssp/src/driver/r_cgc/r_cgc.o
                0x00002440                R_CGC_ClockCheck
 .text.r_cgc_stabilization_wait
                0x000024cc       0x30 ./synergy/ssp/src/driver/r_cgc/r_cgc.o
 .text.r_cgc_operating_hw_modeset
                0x000024fc       0xfc ./synergy/ssp/src/driver/r_cgc/r_cgc.o
                0x000024fc                r_cgc_operating_hw_modeset
 .text.r_cgc_operating_mode_set
                0x000025f8       0x50 ./synergy/ssp/src/driver/r_cgc/r_cgc.o
 .text.R_CGC_ClockStart
                0x00002648      0x358 ./synergy/ssp/src/driver/r_cgc/r_cgc.o
                0x00002648                R_CGC_ClockStart
 .text.r_cgc_clock_start_stop
                0x000029a0       0x54 ./synergy/ssp/src/driver/r_cgc/r_cgc.o
 .text.R_CGC_SystemClockSet
                0x000029f4      0x1b4 ./synergy/ssp/src/driver/r_cgc/r_cgc.o
                0x000029f4                R_CGC_SystemClockSet
 .text.R_CGC_ClocksCfg
                0x00002ba8      0x14c ./synergy/ssp/src/driver/r_cgc/r_cgc.o
                0x00002ba8                R_CGC_ClocksCfg
 .text.R_BSP_CacheOff
                0x00002cf4       0x28 ./synergy/ssp/src/bsp/mcu/s7g2/bsp_cache.o
                0x00002cf4                R_BSP_CacheOff
 .text.R_BSP_CacheSet
                0x00002d1c       0x48 ./synergy/ssp/src/bsp/mcu/s7g2/bsp_cache.o
                0x00002d1c                R_BSP_CacheSet
 .text.bsp_clock_init
                0x00002d64       0xa0 ./synergy/ssp/src/bsp/mcu/s7g2/bsp_clocks.o
                0x00002d64                bsp_clock_init
 .text.bsp_cpu_clock_get
                0x00002e04       0x20 ./synergy/ssp/src/bsp/mcu/s7g2/bsp_clocks.o
                0x00002e04                bsp_cpu_clock_get
 .text.bsp_clock_set_callback
                0x00002e24      0x138 ./synergy/ssp/src/bsp/mcu/s7g2/bsp_clocks.o
                0x00002e24                bsp_clock_set_callback
 .text.R_BSP_FeatureIoportGet
                0x00002f5c        0xc ./synergy/ssp/src/bsp/mcu/s7g2/bsp_feature.o
                0x00002f5c                R_BSP_FeatureIoportGet
 .text.R_BSP_FeatureCgcGet
                0x00002f68        0xc ./synergy/ssp/src/bsp/mcu/s7g2/bsp_feature.o
                0x00002f68                R_BSP_FeatureCgcGet
 .text.bsp_group_interrupt_open
                0x00002f74       0x18 ./synergy/ssp/src/bsp/mcu/s7g2/bsp_group_irq.o
                0x00002f74                bsp_group_interrupt_open
 .text.R_BSP_GroupIrqWrite
                0x00002f8c       0x10 ./synergy/ssp/src/bsp/mcu/s7g2/bsp_group_irq.o
                0x00002f8c                R_BSP_GroupIrqWrite
 .text.NMI_Handler
                0x00002f9c      0x1c8 ./synergy/ssp/src/bsp/mcu/s7g2/bsp_group_irq.o
                0x00002f9c                NMI_Handler
 .text.r_bsp_get_mstp_mask
                0x00003164       0x4c ./synergy/ssp/src/bsp/mcu/s7g2/bsp_module_stop.o
 .text.r_bsp_module_start_stop
                0x000031b0       0x6c ./synergy/ssp/src/bsp/mcu/s7g2/bsp_module_stop.o
 .text.R_BSP_ModuleStart
                0x0000321c        0x8 ./synergy/ssp/src/bsp/mcu/s7g2/bsp_module_stop.o
                0x0000321c                R_BSP_ModuleStart
 .text.R_BSP_LedsGet
                0x00003224       0x20 ./synergy/ssp/src/bsp/mcu/all/bsp_common_leds.o
                0x00003224                R_BSP_LedsGet
 .text.software_delay_loop
                0x00003244        0xc ./synergy/ssp/src/bsp/mcu/all/bsp_delay.o
 .text.R_BSP_SoftwareDelay
                0x00003250       0x60 ./synergy/ssp/src/bsp/mcu/all/bsp_delay.o
                0x00003250                R_BSP_SoftwareDelay
 .text.R_BSP_IrqStatusClear
                0x000032b0       0x18 ./synergy/ssp/src/bsp/mcu/all/bsp_irq.o
                0x000032b0                R_BSP_IrqStatusClear
 .text.bsp_irq_cfg
                0x000032c8       0x40 ./synergy/ssp/src/bsp/mcu/all/bsp_irq.o
                0x000032c8                bsp_irq_cfg
 .text.R_BSP_HardwareLock
                0x00003308       0x68 ./synergy/ssp/src/bsp/mcu/all/bsp_locking.o
                0x00003308                R_BSP_HardwareLock
 .text.R_BSP_HardwareUnlock
                0x00003370       0x4c ./synergy/ssp/src/bsp/mcu/all/bsp_locking.o
                0x00003370                R_BSP_HardwareUnlock
 .text.bsp_init_hardware_locks
                0x000033bc       0x68 ./synergy/ssp/src/bsp/mcu/all/bsp_locking.o
                0x000033bc                bsp_init_hardware_locks
 .text.R_BSP_RegisterProtectEnable
                0x00003424       0x60 ./synergy/ssp/src/bsp/mcu/all/bsp_register_protection.o
                0x00003424                R_BSP_RegisterProtectEnable
 .text.R_BSP_RegisterProtectDisable
                0x00003484       0x4c ./synergy/ssp/src/bsp/mcu/all/bsp_register_protection.o
                0x00003484                R_BSP_RegisterProtectDisable
 .text.bsp_register_protect_open
                0x000034d0       0x10 ./synergy/ssp/src/bsp/mcu/all/bsp_register_protection.o
                0x000034d0                bsp_register_protect_open
 .text.Default_Handler
                0x000034e0        0x4 ./synergy/ssp/src/bsp/cmsis/Device/RENESAS/S7G2/Source/startup_S7G2.o
                0x000034e0                DebugMon_Handler
                0x000034e0                HardFault_Handler
                0x000034e0                SysTick_Handler
                0x000034e0                PendSV_Handler
                0x000034e0                UsageFault_Handler
                0x000034e0                Default_Handler
                0x000034e0                MemManage_Handler
                0x000034e0                SVC_Handler
                0x000034e0                BusFault_Handler
 .text.Reset_Handler
                0x000034e4        0xc ./synergy/ssp/src/bsp/cmsis/Device/RENESAS/S7G2/Source/startup_S7G2.o
                0x000034e4                Reset_Handler
 .text.R_BSP_WarmStart
                0x000034f0        0x4 ./synergy/ssp/src/bsp/cmsis/Device/RENESAS/S7G2/Source/system_S7G2.o
                0x000034f0                R_BSP_WarmStart
 .text.SystemInit
                0x000034f4       0xe0 ./synergy/ssp/src/bsp/cmsis/Device/RENESAS/S7G2/Source/system_S7G2.o
                0x000034f4                SystemInit
 .text.bsp_init
                0x000035d4        0x4 ./synergy/board/s7g2_sk/bsp_init.o
                0x000035d4                bsp_init
 .text.bsp_qspi_xip_mode
                0x000035d8       0x80 ./synergy/board/s7g2_sk/bsp_qspi.o
 .text.bsp_qspi_init
                0x00003658      0x138 ./synergy/board/s7g2_sk/bsp_qspi.o
                0x00003658                bsp_qspi_init
 .text.startup.main
                0x00003790        0xc ./src/synergy_gen/main.o
                0x00003790                main
 *fill*         0x0000379c        0x4 ff
 .text.hal_entry
                0x000037a0       0x78 ./src/hal_entry.o
                0x000037a0                hal_entry
 .text          0x00003818      0x378 c:/renesas/synergy/e2studio_v7.3.0_ssp_v1.6.0/toolchains/gcc_arm/7.2.1_2017q4/bin/../lib/gcc/arm-none-eabi/7.2.1/thumb/v7e-m/fpv4-sp/hard\libgcc.a(_arm_addsubdf3.o)
                0x00003818                __aeabi_drsub
                0x00003820                __aeabi_dsub
                0x00003820                __subdf3
                0x00003824                __aeabi_dadd
                0x00003824                __adddf3
                0x00003a9c                __floatunsidf
                0x00003a9c                __aeabi_ui2d
                0x00003abc                __floatsidf
                0x00003abc                __aeabi_i2d
                0x00003ae0                __aeabi_f2d
                0x00003ae0                __extendsfdf2
                0x00003b24                __floatundidf
                0x00003b24                __aeabi_ul2d
                0x00003b34                __floatdidf
                0x00003b34                __aeabi_l2d
 .text          0x00003b90      0x110 c:/renesas/synergy/e2studio_v7.3.0_ssp_v1.6.0/toolchains/gcc_arm/7.2.1_2017q4/bin/../lib/gcc/arm-none-eabi/7.2.1/thumb/v7e-m/fpv4-sp/hard\libgcc.a(_arm_cmpdf2.o)
                0x00003b90                __gtdf2
                0x00003b90                __gedf2
                0x00003b98                __ltdf2
                0x00003b98                __ledf2
                0x00003ba0                __nedf2
                0x00003ba0                __eqdf2
                0x00003ba0                __cmpdf2
                0x00003c1c                __aeabi_cdrcmple
                0x00003c2c                __aeabi_cdcmpeq
                0x00003c2c                __aeabi_cdcmple
                0x00003c3c                __aeabi_dcmpeq
                0x00003c50                __aeabi_dcmplt
                0x00003c64                __aeabi_dcmple
                0x00003c78                __aeabi_dcmpge
                0x00003c8c                __aeabi_dcmpgt
 .text          0x00003ca0       0x30 c:/renesas/synergy/e2studio_v7.3.0_ssp_v1.6.0/toolchains/gcc_arm/7.2.1_2017q4/bin/../lib/gcc/arm-none-eabi/7.2.1/thumb/v7e-m/fpv4-sp/hard\libgcc.a(_aeabi_uldivmod.o)
                0x00003ca0                __aeabi_uldivmod
 .text          0x00003cd0      0x2cc c:/renesas/synergy/e2studio_v7.3.0_ssp_v1.6.0/toolchains/gcc_arm/7.2.1_2017q4/bin/../lib/gcc/arm-none-eabi/7.2.1/thumb/v7e-m/fpv4-sp/hard\libgcc.a(_udivmoddi4.o)
                0x00003cd0                __udivmoddi4
 .text          0x00003f9c        0x4 c:/renesas/synergy/e2studio_v7.3.0_ssp_v1.6.0/toolchains/gcc_arm/7.2.1_2017q4/bin/../lib/gcc/arm-none-eabi/7.2.1/thumb/v7e-m/fpv4-sp/hard\libgcc.a(_dvmd_tls.o)
                0x00003f9c                __aeabi_idiv0
                0x00003f9c                __aeabi_ldiv0
 *(.version)
 .version       0x00003fa0       0x60 ./synergy/ssp/src/bsp/mcu/all/bsp_common.o
 *(.init)
 .init          0x00004000        0x4 c:/renesas/synergy/e2studio_v7.3.0_ssp_v1.6.0/toolchains/gcc_arm/7.2.1_2017q4/bin/../lib/gcc/arm-none-eabi/7.2.1/thumb/v7e-m/fpv4-sp/hard/crti.o
                0x00004000                _init
 .init          0x00004004        0x8 c:/renesas/synergy/e2studio_v7.3.0_ssp_v1.6.0/toolchains/gcc_arm/7.2.1_2017q4/bin/../lib/gcc/arm-none-eabi/7.2.1/thumb/v7e-m/fpv4-sp/hard/crtn.o
 *(.fini)
 .fini          0x0000400c        0x4 c:/renesas/synergy/e2studio_v7.3.0_ssp_v1.6.0/toolchains/gcc_arm/7.2.1_2017q4/bin/../lib/gcc/arm-none-eabi/7.2.1/thumb/v7e-m/fpv4-sp/hard/crti.o
                0x0000400c                _fini
 .fini          0x00004010        0x8 c:/renesas/synergy/e2studio_v7.3.0_ssp_v1.6.0/toolchains/gcc_arm/7.2.1_2017q4/bin/../lib/gcc/arm-none-eabi/7.2.1/thumb/v7e-m/fpv4-sp/hard/crtn.o
 *crtbegin.o(.ctors)
 *crtbegin?.o(.ctors)
 *(EXCLUDE_FILE(*crtend.o *crtend?.o) .ctors)
 *(SORT_BY_NAME(.ctors.*))
 *(.ctors)
 *crtbegin.o(.dtors)
 *crtbegin?.o(.dtors)
 *(EXCLUDE_FILE(*crtend.o *crtend?.o) .dtors)
 *(SORT_BY_NAME(.dtors.*))
 *(.dtors)
 *(.rodata*)
 .rodata.g_ioport_on_ioport
                0x00004018       0x3c ./synergy/ssp/src/driver/r_ioport/r_ioport.o
                0x00004018                g_ioport_on_ioport
 .rodata.g_vbatt_pins_input
                0x00004054        0x6 ./synergy/ssp/src/driver/r_ioport/r_ioport.o
 *fill*         0x0000405a        0x2 ff
 .rodata.g_gpt_version
                0x0000405c        0x4 ./synergy/ssp/src/driver/r_gpt/r_gpt.o
 .rodata.g_timer_on_gpt
                0x00004060       0x28 ./synergy/ssp/src/driver/r_gpt/r_gpt.o
                0x00004060                g_timer_on_gpt
 .rodata.bit_count
                0x00004088       0x80 ./synergy/ssp/src/driver/r_fmi/r_fmi.o
 .rodata.bit_count_mask
                0x00004108        0x8 ./synergy/ssp/src/driver/r_fmi/r_fmi.o
 .rodata.g_fmi_on_fmi
                0x00004110       0x18 ./synergy/ssp/src/driver/r_fmi/r_fmi.o
                0x00004110                g_fmi_on_fmi
 .rodata.g_fmi_version
                0x00004128        0x4 ./synergy/ssp/src/driver/r_fmi/r_fmi.o
 .rodata.g_elc_on_elc
                0x0000412c       0x1c ./synergy/ssp/src/driver/r_elc/r_elc.o
                0x0000412c                g_elc_on_elc
 .rodata.s_elc_version
                0x00004148        0x4 ./synergy/ssp/src/driver/r_elc/r_elc.o
 .rodata.g_cgc_on_cgc
                0x0000414c       0x6c ./synergy/ssp/src/driver/r_cgc/r_cgc.o
                0x0000414c                g_cgc_on_cgc
 .rodata.g_cgc_version
                0x000041b8        0x4 ./synergy/ssp/src/driver/r_cgc/r_cgc.o
 .rodata.g_pllccr2_div_setting
                0x000041bc        0x8 ./synergy/ssp/src/driver/r_cgc/r_cgc.o
 .rodata.g_pllccr2_div_value
                0x000041c4        0x6 ./synergy/ssp/src/driver/r_cgc/r_cgc.o
 *fill*         0x000041ca        0x2 ff
 .rodata.g_pllccr_div_setting
                0x000041cc        0x6 ./synergy/ssp/src/driver/r_cgc/r_cgc.o
 *fill*         0x000041d2        0x2 ff
 .rodata.g_pllccr_div_value
                0x000041d4        0x6 ./synergy/ssp/src/driver/r_cgc/r_cgc.o
 *fill*         0x000041da        0x2 ff
 .rodata.g_cgc_feature
                0x000041dc       0x2c ./synergy/ssp/src/bsp/mcu/s7g2/bsp_feature.o
 .rodata.g_fmi_data
                0x00004208      0x400 ./synergy/ssp/src/bsp/mcu/s7g2/bsp_fmi_R7FS7G27H3A01CFC.o
                0x00004208                g_fmi_data
 .rodata.g_bsp_module_stop
                0x00004608       0x46 ./synergy/ssp/src/bsp/mcu/s7g2/bsp_module_stop.o
 *fill*         0x0000464e        0x2 ff
 .rodata.gp_mstp
                0x00004650       0x10 ./synergy/ssp/src/bsp/mcu/s7g2/bsp_module_stop.o
 .rodata.gp_vector_information
                0x00004660        0x4 ./synergy/ssp/src/bsp/mcu/all/bsp_irq.o
                0x00004660                gp_vector_information
 .rodata.g_prcr_masks
                0x00004664        0x6 ./synergy/ssp/src/bsp/mcu/all/bsp_register_protection.o
 *fill*         0x0000466a        0x2 ff
 .rodata.g_elc_cfg
                0x0000466c        0xc ./synergy/ssp/src/bsp/cmsis/Device/RENESAS/S7G2/Source/system_S7G2.o
 .rodata.g_bsp_leds
                0x00004678        0x8 ./synergy/board/s7g2_sk/bsp_leds.o
                0x00004678                g_bsp_leds
 .rodata.g_bsp_prv_leds
                0x00004680        0x6 ./synergy/board/s7g2_sk/bsp_leds.o
 *fill*         0x00004686        0x2 ff
 .rodata.g_ioport
                0x00004688        0x8 ./src/synergy_gen/common_data.o
                0x00004688                g_ioport
 .rodata.g_timer0
                0x00004690        0xc ./src/synergy_gen/hal_data.o
                0x00004690                g_timer0
 .rodata.g_timer0_cfg
                0x0000469c       0x20 ./src/synergy_gen/hal_data.o
 .rodata.g_timer0_extend
                0x000046bc        0x5 ./src/synergy_gen/hal_data.o
 *fill*         0x000046c1        0x3 ff
 .rodata.g_bsp_pin_cfg
                0x000046c4        0x8 ./src/synergy_gen/pin_data.o
                0x000046c4                g_bsp_pin_cfg
 .rodata.g_bsp_pin_cfg_data
                0x000046cc      0x380 ./src/synergy_gen/pin_data.o
                0x000046cc                g_bsp_pin_cfg_data
                0x00004a4c                __usb_dev_descriptor_start_fs = .
 *(.usb_device_desc_fs*)
                0x00004a4c                __usb_cfg_descriptor_start_fs = .
 *(.usb_config_desc_fs*)
                0x00004a4c                __usb_interface_descriptor_start_fs = .
 *(.usb_interface_desc_fs*)
                0x00004a4c                __usb_descriptor_end_fs = .
                0x00004a4c                __usb_dev_descriptor_start_hs = .
 *(.usb_device_desc_hs*)
                0x00004a4c                __usb_cfg_descriptor_start_hs = .
 *(.usb_config_desc_hs*)
                0x00004a4c                __usb_interface_descriptor_start_hs = .
 *(.usb_interface_desc_hs*)
                0x00004a4c                __usb_descriptor_end_hs = .
 *(.eh_frame*)
 .eh_frame      0x00004a4c        0x0 c:/renesas/synergy/e2studio_v7.3.0_ssp_v1.6.0/toolchains/gcc_arm/7.2.1_2017q4/bin/../lib/gcc/arm-none-eabi/7.2.1/thumb/v7e-m/fpv4-sp/hard/crtbegin.o
 .eh_frame      0x00004a4c        0x4 c:/renesas/synergy/e2studio_v7.3.0_ssp_v1.6.0/toolchains/gcc_arm/7.2.1_2017q4/bin/../lib/gcc/arm-none-eabi/7.2.1/thumb/v7e-m/fpv4-sp/hard/crtend.o
                0x00004a50                __ROM_End = .
                0x00000040                __Vectors_Size = (__Vectors_End - __Vectors)
                0x00000000                __Vector_Info_Size = (__Vector_Info_End - __Vector_Info_Start)
                0x000001b0                __Lock_Lookup_Size = (__Lock_Lookup_End - __Lock_Lookup_Start)

.glue_7         0x00004a50        0x0
 .glue_7        0x00004a50        0x0 linker stubs

.glue_7t        0x00004a50        0x0
 .glue_7t       0x00004a50        0x0 linker stubs

.vfp11_veneer   0x00004a50        0x0
 .vfp11_veneer  0x00004a50        0x0 linker stubs

.v4_bx          0x00004a50        0x0
 .v4_bx         0x00004a50        0x0 linker stubs

.iplt           0x00004a50        0x0
 .iplt          0x00004a50        0x0 c:/renesas/synergy/e2studio_v7.3.0_ssp_v1.6.0/toolchains/gcc_arm/7.2.1_2017q4/bin/../lib/gcc/arm-none-eabi/7.2.1/thumb/v7e-m/fpv4-sp/hard/crtbegin.o

.ARM.extab
 *(.ARM.extab* .gnu.linkonce.armextab.*)
                0x00004a50                __exidx_start = .

.ARM.exidx      0x00004a50        0x8
 *(.ARM.exidx* .gnu.linkonce.armexidx.*)
 .ARM.exidx     0x00004a50        0x8 c:/renesas/synergy/e2studio_v7.3.0_ssp_v1.6.0/toolchains/gcc_arm/7.2.1_2017q4/bin/../lib/gcc/arm-none-eabi/7.2.1/thumb/v7e-m/fpv4-sp/hard\libgcc.a(_udivmoddi4.o)
                0x00004a58                __exidx_end = .
                0x00004a58                __etext = .

.ssp_dtc_vector_table
                0x1ffe0000        0x0
                0x1ffe0000                . = ORIGIN (RAM)
 *(.ssp_dtc_vector_table)

.data           0x1ffe0000       0x74 load address 0x00004a58
                0x1ffe0000                __data_start__ = .
 *(vtable)
 *(.data.*)
                0x1ffe0000                . = ALIGN (0x4)
                0x1ffe0000                PROVIDE (__preinit_array_start, .)
 *(.preinit_array)
                0x1ffe0000                PROVIDE (__preinit_array_end, .)
                0x1ffe0000                . = ALIGN (0x4)
                0x1ffe0000                PROVIDE (__init_array_start, .)
 *(SORT_BY_NAME(.init_array.*))
 *(.init_array)
 .init_array    0x1ffe0000        0x4 c:/renesas/synergy/e2studio_v7.3.0_ssp_v1.6.0/toolchains/gcc_arm/7.2.1_2017q4/bin/../lib/gcc/arm-none-eabi/7.2.1/thumb/v7e-m/fpv4-sp/hard/crtbegin.o
                0x1ffe0004                PROVIDE (__init_array_end, .)
                0x1ffe0004                . = ALIGN (0x4)
                [!provide]                PROVIDE (__fini_array_start, .)
 *(SORT_BY_NAME(.fini_array.*))
 *(.fini_array)
 .fini_array    0x1ffe0004        0x4 c:/renesas/synergy/e2studio_v7.3.0_ssp_v1.6.0/toolchains/gcc_arm/7.2.1_2017q4/bin/../lib/gcc/arm-none-eabi/7.2.1/thumb/v7e-m/fpv4-sp/hard/crtbegin.o
                [!provide]                PROVIDE (__fini_array_end, .)
 *(.jcr*)
                0x1ffe0008                . = ALIGN (0x4)
                0x1ffe0008                __Code_In_RAM_Start = .
 *(.code_in_ram*)
                0x1ffe0008                __Code_In_RAM_End = .
                0x1ffe0008                __Lock_Start = .
 *(SORT_BY_NAME(.hw_lock*))
 .hw_lock.ADC_0U_0U
                0x1ffe0008        0x1 ./synergy/ssp/src/bsp/mcu/s7g2/bsp_hw_locks.o
                0x1ffe0008                g_hw_lock_ADC_0U_0U
 .hw_lock.ADC_0U_1U
                0x1ffe0009        0x1 ./synergy/ssp/src/bsp/mcu/s7g2/bsp_hw_locks.o
                0x1ffe0009                g_hw_lock_ADC_0U_1U
 .hw_lock.AGT_0U_0U
                0x1ffe000a        0x1 ./synergy/ssp/src/bsp/mcu/s7g2/bsp_hw_locks.o
                0x1ffe000a                g_hw_lock_AGT_0U_0U
 .hw_lock.AGT_0U_1U
                0x1ffe000b        0x1 ./synergy/ssp/src/bsp/mcu/s7g2/bsp_hw_locks.o
                0x1ffe000b                g_hw_lock_AGT_0U_1U
 .hw_lock.BSC_0U_1U
                0x1ffe000c        0x1 ./synergy/ssp/src/bsp/mcu/s7g2/bsp_hw_locks.o
                0x1ffe000c                g_hw_lock_BSC_0U_1U
 .hw_lock.CAC_0U_0U
                0x1ffe000d        0x1 ./synergy/ssp/src/bsp/mcu/s7g2/bsp_hw_locks.o
                0x1ffe000d                g_hw_lock_CAC_0U_0U
 .hw_lock.CAN_0U_0U
                0x1ffe000e        0x1 ./synergy/ssp/src/bsp/mcu/s7g2/bsp_hw_locks.o
                0x1ffe000e                g_hw_lock_CAN_0U_0U
 .hw_lock.CAN_0U_1U
                0x1ffe000f        0x1 ./synergy/ssp/src/bsp/mcu/s7g2/bsp_hw_locks.o
                0x1ffe000f                g_hw_lock_CAN_0U_1U
 .hw_lock.COMP_HS_0U_0U
                0x1ffe0010        0x1 ./synergy/ssp/src/bsp/mcu/s7g2/bsp_hw_locks.o
                0x1ffe0010                g_hw_lock_COMP_HS_0U_0U
 .hw_lock.COMP_HS_0U_1U
                0x1ffe0011        0x1 ./synergy/ssp/src/bsp/mcu/s7g2/bsp_hw_locks.o
                0x1ffe0011                g_hw_lock_COMP_HS_0U_1U
 .hw_lock.COMP_HS_0U_2U
                0x1ffe0012        0x1 ./synergy/ssp/src/bsp/mcu/s7g2/bsp_hw_locks.o
                0x1ffe0012                g_hw_lock_COMP_HS_0U_2U
 .hw_lock.COMP_HS_0U_3U
                0x1ffe0013        0x1 ./synergy/ssp/src/bsp/mcu/s7g2/bsp_hw_locks.o
                0x1ffe0013                g_hw_lock_COMP_HS_0U_3U
 .hw_lock.COMP_HS_0U_4U
                0x1ffe0014        0x1 ./synergy/ssp/src/bsp/mcu/s7g2/bsp_hw_locks.o
                0x1ffe0014                g_hw_lock_COMP_HS_0U_4U
 .hw_lock.COMP_HS_0U_5U
                0x1ffe0015        0x1 ./synergy/ssp/src/bsp/mcu/s7g2/bsp_hw_locks.o
                0x1ffe0015                g_hw_lock_COMP_HS_0U_5U
 .hw_lock.CRC_0U_0U
                0x1ffe0016        0x1 ./synergy/ssp/src/bsp/mcu/s7g2/bsp_hw_locks.o
                0x1ffe0016                g_hw_lock_CRC_0U_0U
 .hw_lock.CTSU_0U_0U
                0x1ffe0017        0x1 ./synergy/ssp/src/bsp/mcu/s7g2/bsp_hw_locks.o
                0x1ffe0017                g_hw_lock_CTSU_0U_0U
 .hw_lock.DAAD_0U_0U
                0x1ffe0018        0x1 ./synergy/ssp/src/bsp/mcu/s7g2/bsp_hw_locks.o
                0x1ffe0018                g_hw_lock_DAAD_0U_0U
 .hw_lock.DAC_0U_0U
                0x1ffe0019        0x1 ./synergy/ssp/src/bsp/mcu/s7g2/bsp_hw_locks.o
                0x1ffe0019                g_hw_lock_DAC_0U_0U
 .hw_lock.DAC_0U_1U
                0x1ffe001a        0x1 ./synergy/ssp/src/bsp/mcu/s7g2/bsp_hw_locks.o
                0x1ffe001a                g_hw_lock_DAC_0U_1U
 .hw_lock.DMAC_0U_0U
                0x1ffe001b        0x1 ./synergy/ssp/src/bsp/mcu/s7g2/bsp_hw_locks.o
                0x1ffe001b                g_hw_lock_DMAC_0U_0U
 .hw_lock.DMAC_0U_1U
                0x1ffe001c        0x1 ./synergy/ssp/src/bsp/mcu/s7g2/bsp_hw_locks.o
                0x1ffe001c                g_hw_lock_DMAC_0U_1U
 .hw_lock.DMAC_0U_2U
                0x1ffe001d        0x1 ./synergy/ssp/src/bsp/mcu/s7g2/bsp_hw_locks.o
                0x1ffe001d                g_hw_lock_DMAC_0U_2U
 .hw_lock.DMAC_0U_3U
                0x1ffe001e        0x1 ./synergy/ssp/src/bsp/mcu/s7g2/bsp_hw_locks.o
                0x1ffe001e                g_hw_lock_DMAC_0U_3U
 .hw_lock.DMAC_0U_4U
                0x1ffe001f        0x1 ./synergy/ssp/src/bsp/mcu/s7g2/bsp_hw_locks.o
                0x1ffe001f                g_hw_lock_DMAC_0U_4U
 .hw_lock.DMAC_0U_5U
                0x1ffe0020        0x1 ./synergy/ssp/src/bsp/mcu/s7g2/bsp_hw_locks.o
                0x1ffe0020                g_hw_lock_DMAC_0U_5U
 .hw_lock.DMAC_0U_6U
                0x1ffe0021        0x1 ./synergy/ssp/src/bsp/mcu/s7g2/bsp_hw_locks.o
                0x1ffe0021                g_hw_lock_DMAC_0U_6U
 .hw_lock.DMAC_0U_7U
                0x1ffe0022        0x1 ./synergy/ssp/src/bsp/mcu/s7g2/bsp_hw_locks.o
                0x1ffe0022                g_hw_lock_DMAC_0U_7U
 .hw_lock.DOC_0U_0U
                0x1ffe0023        0x1 ./synergy/ssp/src/bsp/mcu/s7g2/bsp_hw_locks.o
                0x1ffe0023                g_hw_lock_DOC_0U_0U
 .hw_lock.DRW_0U_0U
                0x1ffe0024        0x1 ./synergy/ssp/src/bsp/mcu/s7g2/bsp_hw_locks.o
                0x1ffe0024                g_hw_lock_DRW_0U_0U
 .hw_lock.DTC_0U_0U
                0x1ffe0025        0x1 ./synergy/ssp/src/bsp/mcu/s7g2/bsp_hw_locks.o
                0x1ffe0025                g_hw_lock_DTC_0U_0U
 .hw_lock.ELC_0U_0U
                0x1ffe0026        0x1 ./synergy/ssp/src/bsp/mcu/s7g2/bsp_hw_locks.o
                0x1ffe0026                g_hw_lock_ELC_0U_0U
 .hw_lock.EPTPC_0U_0U
                0x1ffe0027        0x1 ./synergy/ssp/src/bsp/mcu/s7g2/bsp_hw_locks.o
                0x1ffe0027                g_hw_lock_EPTPC_0U_0U
 .hw_lock.ETHER_0U_0U
                0x1ffe0028        0x1 ./synergy/ssp/src/bsp/mcu/s7g2/bsp_hw_locks.o
                0x1ffe0028                g_hw_lock_ETHER_0U_0U
 .hw_lock.ETHER_0U_1U
                0x1ffe0029        0x1 ./synergy/ssp/src/bsp/mcu/s7g2/bsp_hw_locks.o
                0x1ffe0029                g_hw_lock_ETHER_0U_1U
 .hw_lock.FCU_0U_0U
                0x1ffe002a        0x1 ./synergy/ssp/src/bsp/mcu/s7g2/bsp_hw_locks.o
                0x1ffe002a                g_hw_lock_FCU_0U_0U
 .hw_lock.GLCDC_0U_0U
                0x1ffe002b        0x1 ./synergy/ssp/src/bsp/mcu/s7g2/bsp_hw_locks.o
                0x1ffe002b                g_hw_lock_GLCDC_0U_0U
 .hw_lock.GPT_0U_0U
                0x1ffe002c        0x1 ./synergy/ssp/src/bsp/mcu/s7g2/bsp_hw_locks.o
                0x1ffe002c                g_hw_lock_GPT_0U_0U
 .hw_lock.GPT_0U_10U
                0x1ffe002d        0x1 ./synergy/ssp/src/bsp/mcu/s7g2/bsp_hw_locks.o
                0x1ffe002d                g_hw_lock_GPT_0U_10U
 .hw_lock.GPT_0U_11U
                0x1ffe002e        0x1 ./synergy/ssp/src/bsp/mcu/s7g2/bsp_hw_locks.o
                0x1ffe002e                g_hw_lock_GPT_0U_11U
 .hw_lock.GPT_0U_12U
                0x1ffe002f        0x1 ./synergy/ssp/src/bsp/mcu/s7g2/bsp_hw_locks.o
                0x1ffe002f                g_hw_lock_GPT_0U_12U
 .hw_lock.GPT_0U_13U
                0x1ffe0030        0x1 ./synergy/ssp/src/bsp/mcu/s7g2/bsp_hw_locks.o
                0x1ffe0030                g_hw_lock_GPT_0U_13U
 .hw_lock.GPT_0U_1U
                0x1ffe0031        0x1 ./synergy/ssp/src/bsp/mcu/s7g2/bsp_hw_locks.o
                0x1ffe0031                g_hw_lock_GPT_0U_1U
 .hw_lock.GPT_0U_2U
                0x1ffe0032        0x1 ./synergy/ssp/src/bsp/mcu/s7g2/bsp_hw_locks.o
                0x1ffe0032                g_hw_lock_GPT_0U_2U
 .hw_lock.GPT_0U_3U
                0x1ffe0033        0x1 ./synergy/ssp/src/bsp/mcu/s7g2/bsp_hw_locks.o
                0x1ffe0033                g_hw_lock_GPT_0U_3U
 .hw_lock.GPT_0U_4U
                0x1ffe0034        0x1 ./synergy/ssp/src/bsp/mcu/s7g2/bsp_hw_locks.o
                0x1ffe0034                g_hw_lock_GPT_0U_4U
 .hw_lock.GPT_0U_5U
                0x1ffe0035        0x1 ./synergy/ssp/src/bsp/mcu/s7g2/bsp_hw_locks.o
                0x1ffe0035                g_hw_lock_GPT_0U_5U
 .hw_lock.GPT_0U_6U
                0x1ffe0036        0x1 ./synergy/ssp/src/bsp/mcu/s7g2/bsp_hw_locks.o
                0x1ffe0036                g_hw_lock_GPT_0U_6U
 .hw_lock.GPT_0U_7U
                0x1ffe0037        0x1 ./synergy/ssp/src/bsp/mcu/s7g2/bsp_hw_locks.o
                0x1ffe0037                g_hw_lock_GPT_0U_7U
 .hw_lock.GPT_0U_8U
                0x1ffe0038        0x1 ./synergy/ssp/src/bsp/mcu/s7g2/bsp_hw_locks.o
                0x1ffe0038                g_hw_lock_GPT_0U_8U
 .hw_lock.GPT_0U_9U
                0x1ffe0039        0x1 ./synergy/ssp/src/bsp/mcu/s7g2/bsp_hw_locks.o
                0x1ffe0039                g_hw_lock_GPT_0U_9U
 .hw_lock.ICU_0U_0U
                0x1ffe003a        0x1 ./synergy/ssp/src/bsp/mcu/s7g2/bsp_hw_locks.o
                0x1ffe003a                g_hw_lock_ICU_0U_0U
 .hw_lock.ICU_0U_10U
                0x1ffe003b        0x1 ./synergy/ssp/src/bsp/mcu/s7g2/bsp_hw_locks.o
                0x1ffe003b                g_hw_lock_ICU_0U_10U
 .hw_lock.ICU_0U_11U
                0x1ffe003c        0x1 ./synergy/ssp/src/bsp/mcu/s7g2/bsp_hw_locks.o
                0x1ffe003c                g_hw_lock_ICU_0U_11U
 .hw_lock.ICU_0U_12U
                0x1ffe003d        0x1 ./synergy/ssp/src/bsp/mcu/s7g2/bsp_hw_locks.o
                0x1ffe003d                g_hw_lock_ICU_0U_12U
 .hw_lock.ICU_0U_13U
                0x1ffe003e        0x1 ./synergy/ssp/src/bsp/mcu/s7g2/bsp_hw_locks.o
                0x1ffe003e                g_hw_lock_ICU_0U_13U
 .hw_lock.ICU_0U_14U
                0x1ffe003f        0x1 ./synergy/ssp/src/bsp/mcu/s7g2/bsp_hw_locks.o
                0x1ffe003f                g_hw_lock_ICU_0U_14U
 .hw_lock.ICU_0U_15U
                0x1ffe0040        0x1 ./synergy/ssp/src/bsp/mcu/s7g2/bsp_hw_locks.o
                0x1ffe0040                g_hw_lock_ICU_0U_15U
 .hw_lock.ICU_0U_1U
                0x1ffe0041        0x1 ./synergy/ssp/src/bsp/mcu/s7g2/bsp_hw_locks.o
                0x1ffe0041                g_hw_lock_ICU_0U_1U
 .hw_lock.ICU_0U_2U
                0x1ffe0042        0x1 ./synergy/ssp/src/bsp/mcu/s7g2/bsp_hw_locks.o
                0x1ffe0042                g_hw_lock_ICU_0U_2U
 .hw_lock.ICU_0U_3U
                0x1ffe0043        0x1 ./synergy/ssp/src/bsp/mcu/s7g2/bsp_hw_locks.o
                0x1ffe0043                g_hw_lock_ICU_0U_3U
 .hw_lock.ICU_0U_4U
                0x1ffe0044        0x1 ./synergy/ssp/src/bsp/mcu/s7g2/bsp_hw_locks.o
                0x1ffe0044                g_hw_lock_ICU_0U_4U
 .hw_lock.ICU_0U_5U
                0x1ffe0045        0x1 ./synergy/ssp/src/bsp/mcu/s7g2/bsp_hw_locks.o
                0x1ffe0045                g_hw_lock_ICU_0U_5U
 .hw_lock.ICU_0U_6U
                0x1ffe0046        0x1 ./synergy/ssp/src/bsp/mcu/s7g2/bsp_hw_locks.o
                0x1ffe0046                g_hw_lock_ICU_0U_6U
 .hw_lock.ICU_0U_7U
                0x1ffe0047        0x1 ./synergy/ssp/src/bsp/mcu/s7g2/bsp_hw_locks.o
                0x1ffe0047                g_hw_lock_ICU_0U_7U
 .hw_lock.ICU_0U_8U
                0x1ffe0048        0x1 ./synergy/ssp/src/bsp/mcu/s7g2/bsp_hw_locks.o
                0x1ffe0048                g_hw_lock_ICU_0U_8U
 .hw_lock.ICU_0U_9U
                0x1ffe0049        0x1 ./synergy/ssp/src/bsp/mcu/s7g2/bsp_hw_locks.o
                0x1ffe0049                g_hw_lock_ICU_0U_9U
 .hw_lock.IIC_0U_0U
                0x1ffe004a        0x1 ./synergy/ssp/src/bsp/mcu/s7g2/bsp_hw_locks.o
                0x1ffe004a                g_hw_lock_IIC_0U_0U
 .hw_lock.IIC_0U_1U
                0x1ffe004b        0x1 ./synergy/ssp/src/bsp/mcu/s7g2/bsp_hw_locks.o
                0x1ffe004b                g_hw_lock_IIC_0U_1U
 .hw_lock.IIC_0U_2U
                0x1ffe004c        0x1 ./synergy/ssp/src/bsp/mcu/s7g2/bsp_hw_locks.o
                0x1ffe004c                g_hw_lock_IIC_0U_2U
 .hw_lock.IRDA_0U_0U
                0x1ffe004d        0x1 ./synergy/ssp/src/bsp/mcu/s7g2/bsp_hw_locks.o
                0x1ffe004d                g_hw_lock_IRDA_0U_0U
 .hw_lock.IWDT_0U_0U
                0x1ffe004e        0x1 ./synergy/ssp/src/bsp/mcu/s7g2/bsp_hw_locks.o
                0x1ffe004e                g_hw_lock_IWDT_0U_0U
 .hw_lock.JPEG_0U_0U
                0x1ffe004f        0x1 ./synergy/ssp/src/bsp/mcu/s7g2/bsp_hw_locks.o
                0x1ffe004f                g_hw_lock_JPEG_0U_0U
 .hw_lock.KEY_0U_0U
                0x1ffe0050        0x1 ./synergy/ssp/src/bsp/mcu/s7g2/bsp_hw_locks.o
                0x1ffe0050                g_hw_lock_KEY_0U_0U
 .hw_lock.LPM_1U_0U
                0x1ffe0051        0x1 ./synergy/ssp/src/bsp/mcu/s7g2/bsp_hw_locks.o
                0x1ffe0051                g_hw_lock_LPM_1U_0U
 .hw_lock.LVD_0U_0U
                0x1ffe0052        0x1 ./synergy/ssp/src/bsp/mcu/s7g2/bsp_hw_locks.o
                0x1ffe0052                g_hw_lock_LVD_0U_0U
 .hw_lock.LVD_0U_1U
                0x1ffe0053        0x1 ./synergy/ssp/src/bsp/mcu/s7g2/bsp_hw_locks.o
                0x1ffe0053                g_hw_lock_LVD_0U_1U
 .hw_lock.MMF_0U_0U
                0x1ffe0054        0x1 ./synergy/ssp/src/bsp/mcu/s7g2/bsp_hw_locks.o
                0x1ffe0054                g_hw_lock_MMF_0U_0U
 .hw_lock.MPU_0U_0U
                0x1ffe0055        0x1 ./synergy/ssp/src/bsp/mcu/s7g2/bsp_hw_locks.o
                0x1ffe0055                g_hw_lock_MPU_0U_0U
 .hw_lock.OPS_0U_0U
                0x1ffe0056        0x1 ./synergy/ssp/src/bsp/mcu/s7g2/bsp_hw_locks.o
                0x1ffe0056                g_hw_lock_OPS_0U_0U
 .hw_lock.PDC_0U_0U
                0x1ffe0057        0x1 ./synergy/ssp/src/bsp/mcu/s7g2/bsp_hw_locks.o
                0x1ffe0057                g_hw_lock_PDC_0U_0U
 .hw_lock.POEG_0U_0U
                0x1ffe0058        0x1 ./synergy/ssp/src/bsp/mcu/s7g2/bsp_hw_locks.o
                0x1ffe0058                g_hw_lock_POEG_0U_0U
 .hw_lock.POEG_0U_1U
                0x1ffe0059        0x1 ./synergy/ssp/src/bsp/mcu/s7g2/bsp_hw_locks.o
                0x1ffe0059                g_hw_lock_POEG_0U_1U
 .hw_lock.POEG_0U_2U
                0x1ffe005a        0x1 ./synergy/ssp/src/bsp/mcu/s7g2/bsp_hw_locks.o
                0x1ffe005a                g_hw_lock_POEG_0U_2U
 .hw_lock.POEG_0U_3U
                0x1ffe005b        0x1 ./synergy/ssp/src/bsp/mcu/s7g2/bsp_hw_locks.o
                0x1ffe005b                g_hw_lock_POEG_0U_3U
 .hw_lock.QSPI_0U_0U
                0x1ffe005c        0x1 ./synergy/ssp/src/bsp/mcu/s7g2/bsp_hw_locks.o
                0x1ffe005c                g_hw_lock_QSPI_0U_0U
 .hw_lock.RTC_0U_0U
                0x1ffe005d        0x1 ./synergy/ssp/src/bsp/mcu/s7g2/bsp_hw_locks.o
                0x1ffe005d                g_hw_lock_RTC_0U_0U
 .hw_lock.SCE_0U_0U
                0x1ffe005e        0x1 ./synergy/ssp/src/bsp/mcu/s7g2/bsp_hw_locks.o
                0x1ffe005e                g_hw_lock_SCE_0U_0U
 .hw_lock.SCI_0U_0U
                0x1ffe005f        0x1 ./synergy/ssp/src/bsp/mcu/s7g2/bsp_hw_locks.o
                0x1ffe005f                g_hw_lock_SCI_0U_0U
 .hw_lock.SCI_0U_1U
                0x1ffe0060        0x1 ./synergy/ssp/src/bsp/mcu/s7g2/bsp_hw_locks.o
                0x1ffe0060                g_hw_lock_SCI_0U_1U
 .hw_lock.SCI_0U_2U
                0x1ffe0061        0x1 ./synergy/ssp/src/bsp/mcu/s7g2/bsp_hw_locks.o
                0x1ffe0061                g_hw_lock_SCI_0U_2U
 .hw_lock.SCI_0U_3U
                0x1ffe0062        0x1 ./synergy/ssp/src/bsp/mcu/s7g2/bsp_hw_locks.o
                0x1ffe0062                g_hw_lock_SCI_0U_3U
 .hw_lock.SCI_0U_4U
                0x1ffe0063        0x1 ./synergy/ssp/src/bsp/mcu/s7g2/bsp_hw_locks.o
                0x1ffe0063                g_hw_lock_SCI_0U_4U
 .hw_lock.SCI_0U_5U
                0x1ffe0064        0x1 ./synergy/ssp/src/bsp/mcu/s7g2/bsp_hw_locks.o
                0x1ffe0064                g_hw_lock_SCI_0U_5U
 .hw_lock.SCI_0U_6U
                0x1ffe0065        0x1 ./synergy/ssp/src/bsp/mcu/s7g2/bsp_hw_locks.o
                0x1ffe0065                g_hw_lock_SCI_0U_6U
 .hw_lock.SCI_0U_7U
                0x1ffe0066        0x1 ./synergy/ssp/src/bsp/mcu/s7g2/bsp_hw_locks.o
                0x1ffe0066                g_hw_lock_SCI_0U_7U
 .hw_lock.SCI_0U_8U
                0x1ffe0067        0x1 ./synergy/ssp/src/bsp/mcu/s7g2/bsp_hw_locks.o
                0x1ffe0067                g_hw_lock_SCI_0U_8U
 .hw_lock.SCI_0U_9U
                0x1ffe0068        0x1 ./synergy/ssp/src/bsp/mcu/s7g2/bsp_hw_locks.o
                0x1ffe0068                g_hw_lock_SCI_0U_9U
 .hw_lock.SDHIMMC_0U_0U
                0x1ffe0069        0x1 ./synergy/ssp/src/bsp/mcu/s7g2/bsp_hw_locks.o
                0x1ffe0069                g_hw_lock_SDHIMMC_0U_0U
 .hw_lock.SDHIMMC_0U_1U
                0x1ffe006a        0x1 ./synergy/ssp/src/bsp/mcu/s7g2/bsp_hw_locks.o
                0x1ffe006a                g_hw_lock_SDHIMMC_0U_1U
 .hw_lock.SPI_0U_0U
                0x1ffe006b        0x1 ./synergy/ssp/src/bsp/mcu/s7g2/bsp_hw_locks.o
                0x1ffe006b                g_hw_lock_SPI_0U_0U
 .hw_lock.SPI_0U_1U
                0x1ffe006c        0x1 ./synergy/ssp/src/bsp/mcu/s7g2/bsp_hw_locks.o
                0x1ffe006c                g_hw_lock_SPI_0U_1U
 .hw_lock.SRC_0U_0U
                0x1ffe006d        0x1 ./synergy/ssp/src/bsp/mcu/s7g2/bsp_hw_locks.o
                0x1ffe006d                g_hw_lock_SRC_0U_0U
 .hw_lock.SSI_0U_0U
                0x1ffe006e        0x1 ./synergy/ssp/src/bsp/mcu/s7g2/bsp_hw_locks.o
                0x1ffe006e                g_hw_lock_SSI_0U_0U
 .hw_lock.SSI_0U_1U
                0x1ffe006f        0x1 ./synergy/ssp/src/bsp/mcu/s7g2/bsp_hw_locks.o
                0x1ffe006f                g_hw_lock_SSI_0U_1U
 .hw_lock.TSN_0U_0U
                0x1ffe0070        0x1 ./synergy/ssp/src/bsp/mcu/s7g2/bsp_hw_locks.o
                0x1ffe0070                g_hw_lock_TSN_0U_0U
 .hw_lock.USB_0U_0U
                0x1ffe0071        0x1 ./synergy/ssp/src/bsp/mcu/s7g2/bsp_hw_locks.o
                0x1ffe0071                g_hw_lock_USB_0U_0U
 .hw_lock.USB_1U_0U
                0x1ffe0072        0x1 ./synergy/ssp/src/bsp/mcu/s7g2/bsp_hw_locks.o
                0x1ffe0072                g_hw_lock_USB_1U_0U
 .hw_lock.WDT_0U_0U
                0x1ffe0073        0x1 ./synergy/ssp/src/bsp/mcu/s7g2/bsp_hw_locks.o
                0x1ffe0073                g_hw_lock_WDT_0U_0U
                0x1ffe0074                __Lock_End = .
                0x1ffe0074                . = ALIGN (0x4)
                0x1ffe0074                __data_end__ = .
                0x0000006c                __Lock_Size = (__Lock_End - __Lock_Start)

.igot.plt       0x1ffe0074        0x0 load address 0x00004acc
 .igot.plt      0x1ffe0074        0x0 c:/renesas/synergy/e2studio_v7.3.0_ssp_v1.6.0/toolchains/gcc_arm/7.2.1_2017q4/bin/../lib/gcc/arm-none-eabi/7.2.1/thumb/v7e-m/fpv4-sp/hard/crtbegin.o

.qspi_flash     0x60000000        0x0
                0x60000000                __qspi_flash_start__ = .
 *(.qspi_flash*)
                0x60000000                __qspi_flash_end__ = .
                0x00000000                __qspi_flash_code_size__ = (__qspi_flash_end__ - __qspi_flash_start__)
                0x00004acc                __qspi_flash_code_addr__ = (__etext + (__data_end__ - __data_start__))

.qspi_non_retentive
                0x60000000        0x0 load address 0x00004acc
                0x60000000                __qspi_non_retentive_start__ = .
 *(.qspi_non_retentive*)
                0x60000000                __qspi_non_retentive_end__ = .
                0x00000000                __qspi_non_retentive_size__ = (__qspi_non_retentive_end__ - __qspi_non_retentive_start__)
                0x04000000                __qspi_region_max_size__ = 0x4000000
                0x60000000                __qspi_region_start_address__ = __qspi_flash_start__
                0x64000000                __qspi_region_end_address__ = (__qspi_flash_start__ + __qspi_region_max_size__)

.noinit         0x1ffe0074       0x38
                0x1ffe0074                . = ALIGN (0x4)
                0x1ffe0074                __noinit_start = .
 *(.noinit*)
 .noinit        0x1ffe0074       0x14 ./synergy/ssp/src/driver/r_ioport/r_ioport.o
 .noinit        0x1ffe0088        0x4 ./synergy/ssp/src/driver/r_fmi/r_fmi.o
 .noinit        0x1ffe008c       0x20 ./synergy/ssp/src/driver/r_cgc/r_cgc.o
                0x1ffe008c                gp_cgc_feature
                0x1ffe00ac                __noinit_end = .

.bss            0x1ffe00ac       0x90
                0x1ffe00ac                . = ALIGN (0x4)
                0x1ffe00ac                __bss_start__ = .
 *(.bss*)
 .bss           0x1ffe00ac       0x1c c:/renesas/synergy/e2studio_v7.3.0_ssp_v1.6.0/toolchains/gcc_arm/7.2.1_2017q4/bin/../lib/gcc/arm-none-eabi/7.2.1/thumb/v7e-m/fpv4-sp/hard/crtbegin.o
 .bss.g_protect_pfswe_counter
                0x1ffe00c8        0x2 ./synergy/ssp/src/driver/r_ioport/r_ioport.o
                0x1ffe00c8                g_protect_pfswe_counter
 *fill*         0x1ffe00ca        0x2 
 .bss.gp_elc_reg
                0x1ffe00cc        0x4 ./synergy/ssp/src/driver/r_elc/r_elc.o
 .bss.g_bsp_group_irq_sources
                0x1ffe00d0       0x30 ./synergy/ssp/src/bsp/mcu/s7g2/bsp_group_irq.o
 .bss.g_vector_information_size
                0x1ffe0100        0x4 ./synergy/ssp/src/bsp/mcu/all/bsp_irq.o
                0x1ffe0100                g_vector_information_size
 .bss.g_bsp_lock_lookup_size
                0x1ffe0104        0x4 ./synergy/ssp/src/bsp/mcu/all/bsp_locking.o
 .bss.gp_bsp_lock_lookup
                0x1ffe0108        0x4 ./synergy/ssp/src/bsp/mcu/all/bsp_locking.o
 .bss.gp_bsp_locks
                0x1ffe010c        0x4 ./synergy/ssp/src/bsp/mcu/all/bsp_locking.o
 .bss.g_protect_counters
                0x1ffe0110        0x6 ./synergy/ssp/src/bsp/mcu/all/bsp_register_protection.o
 *fill*         0x1ffe0116        0x2 
 .bss.SystemCoreClock
                0x1ffe0118        0x4 ./synergy/ssp/src/bsp/cmsis/Device/RENESAS/S7G2/Source/system_S7G2.o
                0x1ffe0118                SystemCoreClock
 .bss.device_characteristics
                0x1ffe011c        0x3 ./synergy/board/s7g2_sk/bsp_qspi.o
 *fill*         0x1ffe011f        0x1 
 .bss.flag_status2
                0x1ffe0120        0x1 ./synergy/board/s7g2_sk/bsp_qspi.o
 *fill*         0x1ffe0121        0x3 
 .bss.g_timer0_ctrl
                0x1ffe0124       0x18 ./src/synergy_gen/hal_data.o
 *(COMMON)
                0x1ffe013c                . = ALIGN (0x4)
                0x1ffe013c                __bss_end__ = .

.heap           0x1ffe0140     0x1000
                0x1ffe0140                . = ALIGN (0x8)
 *(.heap_d1)
                0x1ffe0140                . = ALIGN (0x8)
                0x1ffe0140                __HeapBase = .
                0x1ffe0140                __end__ = .
                0x1ffe0140                end = __end__
 *(.heap*)
 .heap          0x1ffe0140     0x1000 ./synergy/ssp/src/bsp/cmsis/Device/RENESAS/S7G2/Source/startup_S7G2.o
                0x1ffe1140                __HeapLimit = .

.stack_dummy    0x1ffe1140      0x800
                0x1ffe1140                . = ALIGN (0x8)
                0x1ffe1140                __StackLimit = .
 *(.stack)
 .stack         0x1ffe1140      0x800 ./synergy/ssp/src/bsp/cmsis/Device/RENESAS/S7G2/Source/startup_S7G2.o
                0x1ffe1940                __StackTop = .
 *(.stack*)
                0x1ffe1940                __StackTopAll = .
                [!provide]                PROVIDE (__stack, __StackTopAll)
                0x1ffe1940                __RAM_segment_used_end__ = ALIGN (__StackTopAll, 0x4)

.data_flash     0x40100000        0x0
                0x40100000                __Data_Flash_Start = .
 *(.data_flash*)
                0x40100000                __Data_Flash_End = .

.sdram          0x90000000        0x0
                0x90000000                __SDRAM_Start = .
 *(.sdram*)
 *(.frame*)
                0x90000000                __SDRAM_End = .

.id_code_1      0x40120050       0x10
                0x40120050                __ID_Codes_Start = .
 *(.id_code_1*)
 .id_code_1     0x40120050       0x10 ./synergy/ssp/src/bsp/mcu/s7g2/bsp_rom_registers.o
                0x40120060                __ID_Codes_End = .
OUTPUT(myTimer.elf elf32-littlearm)

.rel.dyn        0x40120060        0x0
 .rel.iplt      0x40120060        0x0 c:/renesas/synergy/e2studio_v7.3.0_ssp_v1.6.0/toolchains/gcc_arm/7.2.1_2017q4/bin/../lib/gcc/arm-none-eabi/7.2.1/thumb/v7e-m/fpv4-sp/hard/crtbegin.o

.ARM.attributes
                0x00000000       0x30
 .ARM.attributes
                0x00000000       0x22 c:/renesas/synergy/e2studio_v7.3.0_ssp_v1.6.0/toolchains/gcc_arm/7.2.1_2017q4/bin/../lib/gcc/arm-none-eabi/7.2.1/thumb/v7e-m/fpv4-sp/hard/crti.o
 .ARM.attributes
                0x00000022       0x34 c:/renesas/synergy/e2studio_v7.3.0_ssp_v1.6.0/toolchains/gcc_arm/7.2.1_2017q4/bin/../lib/gcc/arm-none-eabi/7.2.1/thumb/v7e-m/fpv4-sp/hard/crtbegin.o
 .ARM.attributes
                0x00000056       0x39 ./synergy/ssp/src/driver/r_ioport/r_ioport.o
 .ARM.attributes
                0x0000008f       0x39 ./synergy/ssp/src/driver/r_gpt/r_gpt.o
 .ARM.attributes
                0x000000c8       0x39 ./synergy/ssp/src/driver/r_fmi/r_fmi.o
 .ARM.attributes
                0x00000101       0x39 ./synergy/ssp/src/driver/r_elc/r_elc.o
 .ARM.attributes
                0x0000013a       0x39 ./synergy/ssp/src/driver/r_cgc/r_cgc.o
 .ARM.attributes
                0x00000173       0x39 ./synergy/ssp/src/bsp/mcu/s7g2/bsp_cache.o
 .ARM.attributes
                0x000001ac       0x39 ./synergy/ssp/src/bsp/mcu/s7g2/bsp_clocks.o
 .ARM.attributes
                0x000001e5       0x39 ./synergy/ssp/src/bsp/mcu/s7g2/bsp_feature.o
 .ARM.attributes
                0x0000021e       0x39 ./synergy/ssp/src/bsp/mcu/s7g2/bsp_fmi_R7FS7G27H3A01CFC.o
 .ARM.attributes
                0x00000257       0x39 ./synergy/ssp/src/bsp/mcu/s7g2/bsp_group_irq.o
 .ARM.attributes
                0x00000290       0x39 ./synergy/ssp/src/bsp/mcu/s7g2/bsp_hw_locks.o
 .ARM.attributes
                0x000002c9       0x39 ./synergy/ssp/src/bsp/mcu/s7g2/bsp_module_stop.o
 .ARM.attributes
                0x00000302       0x39 ./synergy/ssp/src/bsp/mcu/s7g2/bsp_rom_registers.o
 .ARM.attributes
                0x0000033b       0x39 ./synergy/ssp/src/bsp/mcu/all/bsp_common.o
 .ARM.attributes
                0x00000374       0x39 ./synergy/ssp/src/bsp/mcu/all/bsp_common_leds.o
 .ARM.attributes
                0x000003ad       0x39 ./synergy/ssp/src/bsp/mcu/all/bsp_delay.o
 .ARM.attributes
                0x000003e6       0x39 ./synergy/ssp/src/bsp/mcu/all/bsp_irq.o
 .ARM.attributes
                0x0000041f       0x39 ./synergy/ssp/src/bsp/mcu/all/bsp_locking.o
 .ARM.attributes
                0x00000458       0x39 ./synergy/ssp/src/bsp/mcu/all/bsp_register_protection.o
 .ARM.attributes
                0x00000491       0x39 ./synergy/ssp/src/bsp/cmsis/Device/RENESAS/S7G2/Source/startup_S7G2.o
 .ARM.attributes
                0x000004ca       0x39 ./synergy/ssp/src/bsp/cmsis/Device/RENESAS/S7G2/Source/system_S7G2.o
 .ARM.attributes
                0x00000503       0x39 ./synergy/board/s7g2_sk/bsp_init.o
 .ARM.attributes
                0x0000053c       0x39 ./synergy/board/s7g2_sk/bsp_leds.o
 .ARM.attributes
                0x00000575       0x39 ./synergy/board/s7g2_sk/bsp_qspi.o
 .ARM.attributes
                0x000005ae       0x39 ./src/synergy_gen/common_data.o
 .ARM.attributes
                0x000005e7       0x39 ./src/synergy_gen/hal_data.o
 .ARM.attributes
                0x00000620       0x39 ./src/synergy_gen/main.o
 .ARM.attributes
                0x00000659       0x39 ./src/synergy_gen/pin_data.o
 .ARM.attributes
                0x00000692       0x39 ./src/hal_entry.o
 .ARM.attributes
                0x000006cb       0x22 c:/renesas/synergy/e2studio_v7.3.0_ssp_v1.6.0/toolchains/gcc_arm/7.2.1_2017q4/bin/../lib/gcc/arm-none-eabi/7.2.1/thumb/v7e-m/fpv4-sp/hard\libgcc.a(_arm_addsubdf3.o)
 .ARM.attributes
                0x000006ed       0x22 c:/renesas/synergy/e2studio_v7.3.0_ssp_v1.6.0/toolchains/gcc_arm/7.2.1_2017q4/bin/../lib/gcc/arm-none-eabi/7.2.1/thumb/v7e-m/fpv4-sp/hard\libgcc.a(_arm_cmpdf2.o)
 .ARM.attributes
                0x0000070f       0x22 c:/renesas/synergy/e2studio_v7.3.0_ssp_v1.6.0/toolchains/gcc_arm/7.2.1_2017q4/bin/../lib/gcc/arm-none-eabi/7.2.1/thumb/v7e-m/fpv4-sp/hard\libgcc.a(_aeabi_uldivmod.o)
 .ARM.attributes
                0x00000731       0x34 c:/renesas/synergy/e2studio_v7.3.0_ssp_v1.6.0/toolchains/gcc_arm/7.2.1_2017q4/bin/../lib/gcc/arm-none-eabi/7.2.1/thumb/v7e-m/fpv4-sp/hard\libgcc.a(_udivmoddi4.o)
 .ARM.attributes
                0x00000765       0x22 c:/renesas/synergy/e2studio_v7.3.0_ssp_v1.6.0/toolchains/gcc_arm/7.2.1_2017q4/bin/../lib/gcc/arm-none-eabi/7.2.1/thumb/v7e-m/fpv4-sp/hard\libgcc.a(_dvmd_tls.o)
 .ARM.attributes
                0x00000787       0x34 c:/renesas/synergy/e2studio_v7.3.0_ssp_v1.6.0/toolchains/gcc_arm/7.2.1_2017q4/bin/../lib/gcc/arm-none-eabi/7.2.1/thumb/v7e-m/fpv4-sp/hard/crtend.o
 .ARM.attributes
                0x000007bb       0x22 c:/renesas/synergy/e2studio_v7.3.0_ssp_v1.6.0/toolchains/gcc_arm/7.2.1_2017q4/bin/../lib/gcc/arm-none-eabi/7.2.1/thumb/v7e-m/fpv4-sp/hard/crtn.o

.comment        0x00000000       0x7e
 .comment       0x00000000       0x7e ./synergy/ssp/src/driver/r_ioport/r_ioport.o
                                 0x7f (size before relaxing)
 .comment       0x0000007e       0x7f ./synergy/ssp/src/driver/r_gpt/r_gpt.o
 .comment       0x0000007e       0x7f ./synergy/ssp/src/driver/r_fmi/r_fmi.o
 .comment       0x0000007e       0x7f ./synergy/ssp/src/driver/r_elc/r_elc.o
 .comment       0x0000007e       0x7f ./synergy/ssp/src/driver/r_cgc/r_cgc.o
 .comment       0x0000007e       0x7f ./synergy/ssp/src/bsp/mcu/s7g2/bsp_cache.o
 .comment       0x0000007e       0x7f ./synergy/ssp/src/bsp/mcu/s7g2/bsp_clocks.o
 .comment       0x0000007e       0x7f ./synergy/ssp/src/bsp/mcu/s7g2/bsp_feature.o
 .comment       0x0000007e       0x7f ./synergy/ssp/src/bsp/mcu/s7g2/bsp_fmi_R7FS7G27H3A01CFC.o
 .comment       0x0000007e       0x7f ./synergy/ssp/src/bsp/mcu/s7g2/bsp_group_irq.o
 .comment       0x0000007e       0x7f ./synergy/ssp/src/bsp/mcu/s7g2/bsp_hw_locks.o
 .comment       0x0000007e       0x7f ./synergy/ssp/src/bsp/mcu/s7g2/bsp_module_stop.o
 .comment       0x0000007e       0x7f ./synergy/ssp/src/bsp/mcu/s7g2/bsp_rom_registers.o
 .comment       0x0000007e       0x7f ./synergy/ssp/src/bsp/mcu/all/bsp_common.o
 .comment       0x0000007e       0x7f ./synergy/ssp/src/bsp/mcu/all/bsp_common_leds.o
 .comment       0x0000007e       0x7f ./synergy/ssp/src/bsp/mcu/all/bsp_delay.o
 .comment       0x0000007e       0x7f ./synergy/ssp/src/bsp/mcu/all/bsp_irq.o
 .comment       0x0000007e       0x7f ./synergy/ssp/src/bsp/mcu/all/bsp_locking.o
 .comment       0x0000007e       0x7f ./synergy/ssp/src/bsp/mcu/all/bsp_register_protection.o
 .comment       0x0000007e       0x7f ./synergy/ssp/src/bsp/cmsis/Device/RENESAS/S7G2/Source/startup_S7G2.o
 .comment       0x0000007e       0x7f ./synergy/ssp/src/bsp/cmsis/Device/RENESAS/S7G2/Source/system_S7G2.o
 .comment       0x0000007e       0x7f ./synergy/board/s7g2_sk/bsp_init.o
 .comment       0x0000007e       0x7f ./synergy/board/s7g2_sk/bsp_leds.o
 .comment       0x0000007e       0x7f ./synergy/board/s7g2_sk/bsp_qspi.o
 .comment       0x0000007e       0x7f ./src/synergy_gen/common_data.o
 .comment       0x0000007e       0x7f ./src/synergy_gen/hal_data.o
 .comment       0x0000007e       0x7f ./src/synergy_gen/main.o
 .comment       0x0000007e       0x7f ./src/synergy_gen/pin_data.o
 .comment       0x0000007e       0x7f ./src/hal_entry.o

.debug_info     0x00000000    0x5891a
 .debug_info    0x00000000     0xf8b5 ./synergy/ssp/src/driver/r_ioport/r_ioport.o
 .debug_info    0x0000f8b5     0x6a51 ./synergy/ssp/src/driver/r_gpt/r_gpt.o
 .debug_info    0x00016306     0x2773 ./synergy/ssp/src/driver/r_fmi/r_fmi.o
 .debug_info    0x00018a79     0x22da ./synergy/ssp/src/driver/r_elc/r_elc.o
 .debug_info    0x0001ad53     0x7675 ./synergy/ssp/src/driver/r_cgc/r_cgc.o
 .debug_info    0x000223c8     0x1b6c ./synergy/ssp/src/bsp/mcu/s7g2/bsp_cache.o
 .debug_info    0x00023f34     0x2936 ./synergy/ssp/src/bsp/mcu/s7g2/bsp_clocks.o
 .debug_info    0x0002686a     0x282f ./synergy/ssp/src/bsp/mcu/s7g2/bsp_feature.o
 .debug_info    0x00029099     0x1ac0 ./synergy/ssp/src/bsp/mcu/s7g2/bsp_fmi_R7FS7G27H3A01CFC.o
 .debug_info    0x0002ab59     0x2714 ./synergy/ssp/src/bsp/mcu/s7g2/bsp_group_irq.o
 .debug_info    0x0002d26d     0x29dd ./synergy/ssp/src/bsp/mcu/s7g2/bsp_hw_locks.o
 .debug_info    0x0002fc4a     0x3f2e ./synergy/ssp/src/bsp/mcu/s7g2/bsp_module_stop.o
 .debug_info    0x00033b78     0x1ae6 ./synergy/ssp/src/bsp/mcu/s7g2/bsp_rom_registers.o
 .debug_info    0x0003565e     0x1be1 ./synergy/ssp/src/bsp/mcu/all/bsp_common.o
 .debug_info    0x0003723f     0x1f25 ./synergy/ssp/src/bsp/mcu/all/bsp_common_leds.o
 .debug_info    0x00039164     0x1a75 ./synergy/ssp/src/bsp/mcu/all/bsp_delay.o
 .debug_info    0x0003abd9     0x24ba ./synergy/ssp/src/bsp/mcu/all/bsp_irq.o
 .debug_info    0x0003d093     0x1eec ./synergy/ssp/src/bsp/mcu/all/bsp_locking.o
 .debug_info    0x0003ef7f     0x390b ./synergy/ssp/src/bsp/mcu/all/bsp_register_protection.o
 .debug_info    0x0004288a     0x1b6f ./synergy/ssp/src/bsp/cmsis/Device/RENESAS/S7G2/Source/startup_S7G2.o
 .debug_info    0x000443f9     0x2a5a ./synergy/ssp/src/bsp/cmsis/Device/RENESAS/S7G2/Source/system_S7G2.o
 .debug_info    0x00046e53     0x1980 ./synergy/board/s7g2_sk/bsp_init.o
 .debug_info    0x000487d3     0x2070 ./synergy/board/s7g2_sk/bsp_leds.o
 .debug_info    0x0004a843     0x294e ./synergy/board/s7g2_sk/bsp_qspi.o
 .debug_info    0x0004d191     0x2d72 ./src/synergy_gen/common_data.o
 .debug_info    0x0004ff03     0x3370 ./src/synergy_gen/hal_data.o
 .debug_info    0x00053273       0x5f ./src/synergy_gen/main.o
 .debug_info    0x000532d2     0x2549 ./src/synergy_gen/pin_data.o
 .debug_info    0x0005581b     0x30ff ./src/hal_entry.o

.debug_abbrev   0x00000000     0x51d8
 .debug_abbrev  0x00000000      0x4e1 ./synergy/ssp/src/driver/r_ioport/r_ioport.o
 .debug_abbrev  0x000004e1      0x588 ./synergy/ssp/src/driver/r_gpt/r_gpt.o
 .debug_abbrev  0x00000a69      0x416 ./synergy/ssp/src/driver/r_fmi/r_fmi.o
 .debug_abbrev  0x00000e7f      0x33e ./synergy/ssp/src/driver/r_elc/r_elc.o
 .debug_abbrev  0x000011bd      0x5b9 ./synergy/ssp/src/driver/r_cgc/r_cgc.o
 .debug_abbrev  0x00001776      0x247 ./synergy/ssp/src/bsp/mcu/s7g2/bsp_cache.o
 .debug_abbrev  0x000019bd      0x3a3 ./synergy/ssp/src/bsp/mcu/s7g2/bsp_clocks.o
 .debug_abbrev  0x00001d60      0x203 ./synergy/ssp/src/bsp/mcu/s7g2/bsp_feature.o
 .debug_abbrev  0x00001f63      0x1ca ./synergy/ssp/src/bsp/mcu/s7g2/bsp_fmi_R7FS7G27H3A01CFC.o
 .debug_abbrev  0x0000212d      0x336 ./synergy/ssp/src/bsp/mcu/s7g2/bsp_group_irq.o
 .debug_abbrev  0x00002463      0x203 ./synergy/ssp/src/bsp/mcu/s7g2/bsp_hw_locks.o
 .debug_abbrev  0x00002666      0x36e ./synergy/ssp/src/bsp/mcu/s7g2/bsp_module_stop.o
 .debug_abbrev  0x000029d4      0x1c8 ./synergy/ssp/src/bsp/mcu/s7g2/bsp_rom_registers.o
 .debug_abbrev  0x00002b9c      0x256 ./synergy/ssp/src/bsp/mcu/all/bsp_common.o
 .debug_abbrev  0x00002df2      0x1e8 ./synergy/ssp/src/bsp/mcu/all/bsp_common_leds.o
 .debug_abbrev  0x00002fda      0x262 ./synergy/ssp/src/bsp/mcu/all/bsp_delay.o
 .debug_abbrev  0x0000323c      0x299 ./synergy/ssp/src/bsp/mcu/all/bsp_irq.o
 .debug_abbrev  0x000034d5      0x3b0 ./synergy/ssp/src/bsp/mcu/all/bsp_locking.o
 .debug_abbrev  0x00003885      0x2f0 ./synergy/ssp/src/bsp/mcu/all/bsp_register_protection.o
 .debug_abbrev  0x00003b75      0x23e ./synergy/ssp/src/bsp/cmsis/Device/RENESAS/S7G2/Source/startup_S7G2.o
 .debug_abbrev  0x00003db3      0x3a5 ./synergy/ssp/src/bsp/cmsis/Device/RENESAS/S7G2/Source/system_S7G2.o
 .debug_abbrev  0x00004158      0x205 ./synergy/board/s7g2_sk/bsp_init.o
 .debug_abbrev  0x0000435d      0x1d9 ./synergy/board/s7g2_sk/bsp_leds.o
 .debug_abbrev  0x00004536      0x342 ./synergy/board/s7g2_sk/bsp_qspi.o
 .debug_abbrev  0x00004878      0x221 ./src/synergy_gen/common_data.o
 .debug_abbrev  0x00004a99      0x25c ./src/synergy_gen/hal_data.o
 .debug_abbrev  0x00004cf5       0x5a ./src/synergy_gen/main.o
 .debug_abbrev  0x00004d4f      0x20c ./src/synergy_gen/pin_data.o
 .debug_abbrev  0x00004f5b      0x27d ./src/hal_entry.o

.debug_loc      0x00000000     0x896d
 .debug_loc     0x00000000     0x15d9 ./synergy/ssp/src/driver/r_ioport/r_ioport.o
 .debug_loc     0x000015d9     0x276a ./synergy/ssp/src/driver/r_gpt/r_gpt.o
 .debug_loc     0x00003d43      0xe60 ./synergy/ssp/src/driver/r_fmi/r_fmi.o
 .debug_loc     0x00004ba3      0x29e ./synergy/ssp/src/driver/r_elc/r_elc.o
 .debug_loc     0x00004e41     0x2b2c ./synergy/ssp/src/driver/r_cgc/r_cgc.o
 .debug_loc     0x0000796d       0xbf ./synergy/ssp/src/bsp/mcu/s7g2/bsp_cache.o
 .debug_loc     0x00007a2c      0x2e9 ./synergy/ssp/src/bsp/mcu/s7g2/bsp_clocks.o
 .debug_loc     0x00007d15      0x17f ./synergy/ssp/src/bsp/mcu/s7g2/bsp_group_irq.o
 .debug_loc     0x00007e94      0x390 ./synergy/ssp/src/bsp/mcu/s7g2/bsp_module_stop.o
 .debug_loc     0x00008224       0x74 ./synergy/ssp/src/bsp/mcu/all/bsp_common.o
 .debug_loc     0x00008298       0x34 ./synergy/ssp/src/bsp/mcu/all/bsp_common_leds.o
 .debug_loc     0x000082cc      0x140 ./synergy/ssp/src/bsp/mcu/all/bsp_delay.o
 .debug_loc     0x0000840c       0x40 ./synergy/ssp/src/bsp/mcu/all/bsp_irq.o
 .debug_loc     0x0000844c      0x23e ./synergy/ssp/src/bsp/mcu/all/bsp_locking.o
 .debug_loc     0x0000868a       0xe5 ./synergy/ssp/src/bsp/mcu/all/bsp_register_protection.o
 .debug_loc     0x0000876f       0x9c ./synergy/ssp/src/bsp/cmsis/Device/RENESAS/S7G2/Source/system_S7G2.o
 .debug_loc     0x0000880b       0x21 ./synergy/board/s7g2_sk/bsp_init.o
 .debug_loc     0x0000882c      0x122 ./synergy/board/s7g2_sk/bsp_qspi.o
 .debug_loc     0x0000894e       0x1f ./src/hal_entry.o

.debug_aranges  0x00000000      0x718
 .debug_aranges
                0x00000000       0xa0 ./synergy/ssp/src/driver/r_ioport/r_ioport.o
 .debug_aranges
                0x000000a0       0x80 ./synergy/ssp/src/driver/r_gpt/r_gpt.o
 .debug_aranges
                0x00000120       0x48 ./synergy/ssp/src/driver/r_fmi/r_fmi.o
 .debug_aranges
                0x00000168       0x50 ./synergy/ssp/src/driver/r_elc/r_elc.o
 .debug_aranges
                0x000001b8      0x130 ./synergy/ssp/src/driver/r_cgc/r_cgc.o
 .debug_aranges
                0x000002e8       0x28 ./synergy/ssp/src/bsp/mcu/s7g2/bsp_cache.o
 .debug_aranges
                0x00000310       0x30 ./synergy/ssp/src/bsp/mcu/s7g2/bsp_clocks.o
 .debug_aranges
                0x00000340       0x80 ./synergy/ssp/src/bsp/mcu/s7g2/bsp_feature.o
 .debug_aranges
                0x000003c0       0x18 ./synergy/ssp/src/bsp/mcu/s7g2/bsp_fmi_R7FS7G27H3A01CFC.o